<html>
<body>
<pre>
<h1>µVision Build Log</h1>
<h2>Tool Versions:</h2>
IDE-Version: µVision V5.17.0.0
Copyright (C) 2015 ARM Ltd and ARM Germany GmbH. All rights reserved.
License Information: andre marcus, ubc, LIC=----
 
Tool Versions:
Toolchain:       MDK-Lite  Version: 5.17
Toolchain Path:  C:\Keil_v5\ARM\ARMCC\Bin
C Compiler:      Armcc.exe V5.06 update 1 (build 61)
Assembler:       Armasm.exe V5.06 update 1 (build 61)
Linker/Locator:  ArmLink.exe V5.06 update 1 (build 61)
Library Manager: ArmAr.exe V5.06 update 1 (build 61)
Hex Converter:   FromElf.exe V5.06 update 1 (build 61)
CPU DLL:         SARM.DLL V5.17
Dialog DLL:      DARMP.DLL V1.51
Target DLL:      UL2ARM.DLL V1.74.7.0
Dialog DLL:      TARMP.DLL V1.51
 
<h2>Project:</h2>
C:\Users\Andre\Documents\GITHUB\StepperMotor-RTX\StepperMotor-RTX.uvproj
Project File Date:  02/19/2016

<h2>Output:</h2>
*** Using Compiler 'V5.06 update 1 (build 61)', folder: 'C:\Keil_v5\ARM\ARMCC\Bin'
Rebuild target 'MCB2300'
compiling Serial.c...
Serial.c(61): warning:  #1-D: last line of file ends without a newline
  }
Serial.c: 1 warning, 0 errors
compiling motor.c...
motor.c(180): warning:  #1-D: last line of file ends without a newline
  }
motor.c: 1 warning, 0 errors
compiling RTX_Config.c...
compiling SpeedControl.c...
assembling LPC2300.s...
linking...
Program Size: Code=8304 RO-data=80 RW-data=216 ZI-data=2328  
".\Obj\StepperMotor-RTX.axf" - 0 Error(s), 2 Warning(s).
Build Time Elapsed:  00:00:03
</pre>
</body>
</html>
