<!doctype html public "-//w3c//dtd html 4.0 transitional//en">
<html><head>
<title>Static Call Graph - [.\Obj\MailBox.axf]</title></head>
<body><HR>
<H1>Static Call Graph for image .\Obj\MailBox.axf</H1><HR>
<BR><P>#&#060CALLGRAPH&#062# ARM Linker, 5060061: Last Updated: Sat Feb 20 00:08:00 2016
<BR><P>
<H3>Maximum Stack Usage =         64 bytes + Unknown(Functions without stacksize, Cycles, Untraceable Function Pointers)</H3><H3>
Call chain for Maximum Stack Depth:</H3>
rec_task &rArr; os_mbx_wait &rArr; os_dispatch &rArr; os_put_prio
<P>
<H3>
Functions with no stack information
</H3><UL>
 <LI><a href="#[0]">Reset_Handler</a>
 <LI><a href="#[4b]">os_sys_manager_ret</a>
 <LI><a href="#[32]">os_switch_tasks_ret</a>
 <LI><a href="#[1]">Undef_Handler</a>
 <LI><a href="#[3]">PAbt_Handler</a>
 <LI><a href="#[4]">DAbt_Handler</a>
 <LI><a href="#[5]">IRQ_Handler</a>
 <LI><a href="#[6]">FIQ_Handler</a>
 <LI><a href="#[d]">Switch_task</a>
</UL>
</UL>
<P>
<H3>
Mutually Recursive functions
</H3> <LI><a href="#[2d]">os_error</a>&nbsp;&nbsp;&nbsp;&rArr;&nbsp;&nbsp;&nbsp;<a href="#[2d]">os_error</a><BR>
 <LI><a href="#[1a]">os_idle_demon</a>&nbsp;&nbsp;&nbsp;&rArr;&nbsp;&nbsp;&nbsp;<a href="#[1a]">os_idle_demon</a><BR>
 <LI><a href="#[1]">Undef_Handler</a>&nbsp;&nbsp;&nbsp;&rArr;&nbsp;&nbsp;&nbsp;<a href="#[1]">Undef_Handler</a><BR>
 <LI><a href="#[3]">PAbt_Handler</a>&nbsp;&nbsp;&nbsp;&rArr;&nbsp;&nbsp;&nbsp;<a href="#[3]">PAbt_Handler</a><BR>
 <LI><a href="#[4]">DAbt_Handler</a>&nbsp;&nbsp;&nbsp;&rArr;&nbsp;&nbsp;&nbsp;<a href="#[4]">DAbt_Handler</a><BR>
 <LI><a href="#[5]">IRQ_Handler</a>&nbsp;&nbsp;&nbsp;&rArr;&nbsp;&nbsp;&nbsp;<a href="#[5]">IRQ_Handler</a><BR>
 <LI><a href="#[6]">FIQ_Handler</a>&nbsp;&nbsp;&nbsp;&rArr;&nbsp;&nbsp;&nbsp;<a href="#[6]">FIQ_Handler</a><BR>
</UL>
<P>
<H3>
Function Pointers
</H3><UL>
 <LI><a href="#[e]">ADC</a> from main.o(.text) referenced from main.o(.text)
 <LI><a href="#[4]">DAbt_Handler</a> from lpc2300.o(RESET) referenced from lpc2300.o(RESET)
 <LI><a href="#[6]">FIQ_Handler</a> from lpc2300.o(RESET) referenced from lpc2300.o(RESET)
 <LI><a href="#[5]">IRQ_Handler</a> from lpc2300.o(RESET) referenced from lpc2300.o(RESET)
 <LI><a href="#[3]">PAbt_Handler</a> from lpc2300.o(RESET) referenced from lpc2300.o(RESET)
 <LI><a href="#[0]">Reset_Handler</a> from lpc2300.o(RESET) referenced from lpc2300.o(RESET)
 <LI><a href="#[2]">SWI_Handler</a> from hal_arm.o(.emb_text) referenced from lpc2300.o(RESET)
 <LI><a href="#[d]">Switch_task</a> from hal_arm.o(.emb_text) referenced from hal_arm.o(.emb_text)
 <LI><a href="#[1]">Undef_Handler</a> from lpc2300.o(RESET) referenced from lpc2300.o(RESET)
 <LI><a href="#[12]">__SWI_0</a> from hal_arm.o(i.__SWI_0) referenced from swi_table.o(SWI_TABLE)
 <LI><a href="#[13]">__SWI_1</a> from rt_membox.o(i.__SWI_1) referenced from swi_table.o(SWI_TABLE)
 <LI><a href="#[14]">__SWI_2</a> from rt_membox.o(i.__SWI_2) referenced from swi_table.o(SWI_TABLE)
 <LI><a href="#[15]">__SWI_3</a> from hal_arm.o(i.__SWI_3) referenced from swi_table.o(SWI_TABLE)
 <LI><a href="#[16]">__SWI_4</a> from hal_arm.o(i.__SWI_4) referenced from swi_table.o(SWI_TABLE)
 <LI><a href="#[17]">__SWI_5</a> from rtx_config.o(.text) referenced from swi_table.o(SWI_TABLE)
 <LI><a href="#[18]">__SWI_6</a> from hal_arm.o(i.__SWI_6) referenced from swi_table.o(SWI_TABLE)
 <LI><a href="#[19]">__SWI_7</a> from hal_arm.o(i.__SWI_7) referenced from swi_table.o(SWI_TABLE)
 <LI><a href="#[1c]">__main</a> from entry.o(.ARM.Collect$$$$00000000) referenced from lpc2300.o(RESET)
 <LI><a href="#[10]">init</a> from main.o(.text) referenced from main.o(.text)
 <LI><a href="#[8]">main</a> from main.o(.text) referenced from entry9a.o(.ARM.Collect$$$$0000000B)
 <LI><a href="#[11]">os_clock_interrupt</a> from hal_arm.o(.emb_text) referenced from rtx_config.o(.text)
 <LI><a href="#[1a]">os_idle_demon</a> from rtx_config.o(.text) referenced from rt_task.o(i.os_sys_init1)
 <LI><a href="#[a]">os_irq_ack_lock</a> from rtx_config.o(.text) referenced from hal_arm.o(.emb_text)
 <LI><a href="#[9]">os_sys_init1</a> from rt_task.o(i.os_sys_init1) referenced from hal_arm.o(.emb_text)
 <LI><a href="#[b]">os_sys_manager</a> from rt_system.o(i.os_sys_manager) referenced from hal_arm.o(.emb_text)
 <LI><a href="#[1b]">os_tsk_create0</a> from rt_task.o(i.os_tsk_create0) referenced from rt_task.o(i.os_sys_init1)
 <LI><a href="#[f]">rec_task</a> from main.o(.text) referenced from main.o(.text)
 <LI><a href="#[c]">tsk_unlock</a> from rtx_config.o(.text) referenced from hal_arm.o(.emb_text)
</UL>
<P>
<H3>
Global Symbols
</H3>
<P><STRONG><a name="[0]"></a>Reset_Handler</STRONG> (ARM, 0 bytes, Stack size unknown bytes, lpc2300.o(RESET))
<BR>[Address Reference Count : 1]<UL><LI> lpc2300.o(RESET)
</UL>
<P><STRONG><a name="[1c]"></a>__main</STRONG> (ARM, 0 bytes, Stack size unknown bytes, entry.o(.ARM.Collect$$$$00000000))

<P><STRONG><a name="[4f]"></a>_main_stk</STRONG> (ARM, 0 bytes, Stack size unknown bytes, entry2.o(.ARM.Collect$$$$00000001))

<P><STRONG><a name="[1d]"></a>_main_scatterload</STRONG> (ARM, 0 bytes, Stack size unknown bytes, entry5.o(.ARM.Collect$$$$00000004))
<BR><BR>[Calls]<UL><LI><a href="#[1e]">&gt;&gt;</a>&nbsp;&nbsp;&nbsp;__scatterload (via Veneer)
</UL>

<P><STRONG><a name="[2f]"></a>__main_after_scatterload</STRONG> (ARM, 0 bytes, Stack size unknown bytes, entry5.o(.ARM.Collect$$$$00000004))
<BR><BR>[Called By]<UL><LI><a href="#[1e]">&gt;&gt;</a>&nbsp;&nbsp;&nbsp;__scatterload (via Veneer)
</UL>

<P><STRONG><a name="[50]"></a>_main_clock</STRONG> (ARM, 0 bytes, Stack size unknown bytes, entry7b.o(.ARM.Collect$$$$00000008))

<P><STRONG><a name="[51]"></a>_main_cpp_init</STRONG> (ARM, 0 bytes, Stack size unknown bytes, entry8b.o(.ARM.Collect$$$$0000000A))

<P><STRONG><a name="[52]"></a>_main_init</STRONG> (ARM, 0 bytes, Stack size unknown bytes, entry9a.o(.ARM.Collect$$$$0000000B))

<P><STRONG><a name="[53]"></a>__rt_final_cpp</STRONG> (ARM, 0 bytes, Stack size unknown bytes, entry10a.o(.ARM.Collect$$$$0000000D))

<P><STRONG><a name="[54]"></a>__rt_final_exit</STRONG> (ARM, 0 bytes, Stack size unknown bytes, entry11a.o(.ARM.Collect$$$$0000000F))

<P><STRONG><a name="[55]"></a>_inc_qi</STRONG> (Thumb, 60 bytes, Stack size 0 bytes, hal_arm.o(.emb_text), UNUSED)

<P><STRONG><a name="[49]"></a>_dec_qc</STRONG> (Thumb, 32 bytes, Stack size 0 bytes, hal_arm.o(.emb_text))
<BR><BR>[Called By]<UL><LI><a href="#[b]">&gt;&gt;</a>&nbsp;&nbsp;&nbsp;os_sys_manager
</UL>

<P><STRONG><a name="[42]"></a>os_set_env</STRONG> (Thumb, 8 bytes, Stack size 0 bytes, hal_arm.o(.emb_text))
<BR><BR>[Called By]<UL><LI><a href="#[9]">&gt;&gt;</a>&nbsp;&nbsp;&nbsp;os_sys_init1
</UL>

<P><STRONG><a name="[2b]"></a>os_sys_init0</STRONG> (Thumb, 32 bytes, Stack size 0 bytes, hal_arm.o(.emb_text))
<BR><BR>[Called By]<UL><LI><a href="#[8]">&gt;&gt;</a>&nbsp;&nbsp;&nbsp;main
</UL>

<P><STRONG><a name="[45]"></a>os_sys_run</STRONG> (Thumb, 16 bytes, Stack size 0 bytes, hal_arm.o(.emb_text))
<BR><BR>[Called By]<UL><LI><a href="#[9]">&gt;&gt;</a>&nbsp;&nbsp;&nbsp;os_sys_init1
</UL>

<P><STRONG><a name="[11]"></a>os_clock_interrupt</STRONG> (ARM, 128 bytes, Stack size 0 bytes, hal_arm.o(.emb_text))
<BR>[Address Reference Count : 1]<UL><LI> rtx_config.o(.text)
</UL>
<P><STRONG><a name="[4b]"></a>os_sys_manager_ret</STRONG> (Thumb, 0 bytes, Stack size unknown bytes, hal_arm.o(.emb_text))
<BR><BR>[Called By]<UL><LI><a href="#[b]">&gt;&gt;</a>&nbsp;&nbsp;&nbsp;os_sys_manager
</UL>

<P><STRONG><a name="[2]"></a>SWI_Handler</STRONG> (ARM, 196 bytes, Stack size 0 bytes, hal_arm.o(.emb_text))
<BR>[Address Reference Count : 1]<UL><LI> lpc2300.o(RESET)
</UL>
<P><STRONG><a name="[32]"></a>os_switch_tasks_ret</STRONG> (Thumb, 0 bytes, Stack size unknown bytes, hal_arm.o(.emb_text))
<BR><BR>[Called By]<UL><LI><a href="#[12]">&gt;&gt;</a>&nbsp;&nbsp;&nbsp;__SWI_0
</UL>

<P><STRONG><a name="[28]"></a>ADC_init</STRONG> (Thumb, 26 bytes, Stack size 0 bytes, adc.o(.text))
<BR><BR>[Called By]<UL><LI><a href="#[10]">&gt;&gt;</a>&nbsp;&nbsp;&nbsp;init
</UL>

<P><STRONG><a name="[25]"></a>DAC_init</STRONG> (Thumb, 24 bytes, Stack size 0 bytes, dac.o(.text))
<BR><BR>[Called By]<UL><LI><a href="#[10]">&gt;&gt;</a>&nbsp;&nbsp;&nbsp;init
<LI><a href="#[f]">&gt;&gt;</a>&nbsp;&nbsp;&nbsp;rec_task
</UL>

<P><STRONG><a name="[e]"></a>ADC</STRONG> (Thumb, 74 bytes, Stack size 0 bytes, main.o(.text))
<BR><BR>[Stack]<UL><LI>Max Depth = 56<LI>Call Chain = ADC &rArr; os_mbx_send &rArr; os_dispatch &rArr; os_put_prio
</UL>
<BR>[Calls]<UL><LI><a href="#[21]">&gt;&gt;</a>&nbsp;&nbsp;&nbsp;os_mbx_send
<LI><a href="#[1f]">&gt;&gt;</a>&nbsp;&nbsp;&nbsp;os_mbx_init
<LI><a href="#[20]">&gt;&gt;</a>&nbsp;&nbsp;&nbsp;os_dly_wait
</UL>
<BR>[Address Reference Count : 1]<UL><LI> main.o(.text)
</UL>
<P><STRONG><a name="[f]"></a>rec_task</STRONG> (Thumb, 80 bytes, Stack size 8 bytes, main.o(.text))
<BR><BR>[Stack]<UL><LI>Max Depth = 64<LI>Call Chain = rec_task &rArr; os_mbx_wait &rArr; os_dispatch &rArr; os_put_prio
</UL>
<BR>[Calls]<UL><LI><a href="#[24]">&gt;&gt;</a>&nbsp;&nbsp;&nbsp;sendchar
<LI><a href="#[26]">&gt;&gt;</a>&nbsp;&nbsp;&nbsp;printString
<LI><a href="#[22]">&gt;&gt;</a>&nbsp;&nbsp;&nbsp;os_mbx_wait
<LI><a href="#[23]">&gt;&gt;</a>&nbsp;&nbsp;&nbsp;SendInteger
<LI><a href="#[25]">&gt;&gt;</a>&nbsp;&nbsp;&nbsp;DAC_init
</UL>
<BR>[Address Reference Count : 1]<UL><LI> main.o(.text)
</UL>
<P><STRONG><a name="[10]"></a>init</STRONG> (Thumb, 66 bytes, Stack size 0 bytes, main.o(.text))
<BR><BR>[Stack]<UL><LI>Max Depth = 64<LI>Call Chain = init &rArr; os_tsk_create0 &rArr; os_dispatch &rArr; os_put_prio
</UL>
<BR>[Calls]<UL><LI><a href="#[27]">&gt;&gt;</a>&nbsp;&nbsp;&nbsp;serial_init
<LI><a href="#[29]">&gt;&gt;</a>&nbsp;&nbsp;&nbsp;os_tsk_delete
<LI><a href="#[1b]">&gt;&gt;</a>&nbsp;&nbsp;&nbsp;os_tsk_create0
<LI><a href="#[25]">&gt;&gt;</a>&nbsp;&nbsp;&nbsp;DAC_init
<LI><a href="#[28]">&gt;&gt;</a>&nbsp;&nbsp;&nbsp;ADC_init
</UL>
<BR>[Address Reference Count : 1]<UL><LI> main.o(.text)
</UL>
<P><STRONG><a name="[8]"></a>main</STRONG> (Thumb, 48 bytes, Stack size 8 bytes, main.o(.text))
<BR><BR>[Stack]<UL><LI>Max Depth = 12<LI>Call Chain = main &rArr; _init_box
</UL>
<BR>[Calls]<UL><LI><a href="#[2b]">&gt;&gt;</a>&nbsp;&nbsp;&nbsp;os_sys_init0
<LI><a href="#[2a]">&gt;&gt;</a>&nbsp;&nbsp;&nbsp;_init_box
</UL>
<BR>[Address Reference Count : 1]<UL><LI> entry9a.o(.ARM.Collect$$$$0000000B)
</UL>
<P><STRONG><a name="[27]"></a>serial_init</STRONG> (Thumb, 46 bytes, Stack size 0 bytes, serial.o(.text))
<BR><BR>[Called By]<UL><LI><a href="#[10]">&gt;&gt;</a>&nbsp;&nbsp;&nbsp;init
</UL>

<P><STRONG><a name="[24]"></a>sendchar</STRONG> (Thumb, 28 bytes, Stack size 0 bytes, serial.o(.text))
<BR><BR>[Called By]<UL><LI><a href="#[26]">&gt;&gt;</a>&nbsp;&nbsp;&nbsp;printString
<LI><a href="#[23]">&gt;&gt;</a>&nbsp;&nbsp;&nbsp;SendInteger
<LI><a href="#[f]">&gt;&gt;</a>&nbsp;&nbsp;&nbsp;rec_task
</UL>

<P><STRONG><a name="[23]"></a>SendInteger</STRONG> (Thumb, 74 bytes, Stack size 16 bytes, serial.o(.text))
<BR><BR>[Stack]<UL><LI>Max Depth = 24<LI>Call Chain = SendInteger &rArr; __aeabi_uidivmod
</UL>
<BR>[Calls]<UL><LI><a href="#[2c]">&gt;&gt;</a>&nbsp;&nbsp;&nbsp;__aeabi_uidivmod
<LI><a href="#[24]">&gt;&gt;</a>&nbsp;&nbsp;&nbsp;sendchar
</UL>
<BR>[Called By]<UL><LI><a href="#[f]">&gt;&gt;</a>&nbsp;&nbsp;&nbsp;rec_task
</UL>

<P><STRONG><a name="[26]"></a>printString</STRONG> (Thumb, 44 bytes, Stack size 4 bytes, serial.o(.text))
<BR><BR>[Stack]<UL><LI>Max Depth = 4<LI>Call Chain = printString
</UL>
<BR>[Calls]<UL><LI><a href="#[24]">&gt;&gt;</a>&nbsp;&nbsp;&nbsp;sendchar
</UL>
<BR>[Called By]<UL><LI><a href="#[f]">&gt;&gt;</a>&nbsp;&nbsp;&nbsp;rec_task
</UL>

<P><STRONG><a name="[1a]"></a>os_idle_demon</STRONG> (Thumb, 2 bytes, Stack size 0 bytes, rtx_config.o(.text))
<BR><BR>[Calls]<UL><LI><a href="#[1a]">&gt;&gt;</a>&nbsp;&nbsp;&nbsp;os_idle_demon
</UL>
<BR>[Called By]<UL><LI><a href="#[9]">&gt;&gt;</a>&nbsp;&nbsp;&nbsp;os_sys_init1
<LI><a href="#[1a]">&gt;&gt;</a>&nbsp;&nbsp;&nbsp;os_idle_demon
</UL>
<BR>[Address Reference Count : 1]<UL><LI> rt_task.o(i.os_sys_init1)
</UL>
<P><STRONG><a name="[4c]"></a>os_tmr_call</STRONG> (Thumb, 2 bytes, Stack size 0 bytes, rtx_config.o(.text))
<BR><BR>[Called By]<UL><LI><a href="#[4a]">&gt;&gt;</a>&nbsp;&nbsp;&nbsp;os_tmr_tick
</UL>

<P><STRONG><a name="[2d]"></a>os_error</STRONG> (Thumb, 2 bytes, Stack size 0 bytes, rtx_config.o(.text))
<BR><BR>[Calls]<UL><LI><a href="#[2d]">&gt;&gt;</a>&nbsp;&nbsp;&nbsp;os_error
</UL>
<BR>[Called By]<UL><LI><a href="#[3f]">&gt;&gt;</a>&nbsp;&nbsp;&nbsp;os_mbx_psh
<LI><a href="#[30]">&gt;&gt;</a>&nbsp;&nbsp;&nbsp;os_stk_check
<LI><a href="#[2d]">&gt;&gt;</a>&nbsp;&nbsp;&nbsp;os_error
</UL>

<P><STRONG><a name="[43]"></a>os_tmr_init</STRONG> (Thumb, 34 bytes, Stack size 0 bytes, rtx_config.o(.text))
<BR><BR>[Called By]<UL><LI><a href="#[9]">&gt;&gt;</a>&nbsp;&nbsp;&nbsp;os_sys_init1
</UL>

<P><STRONG><a name="[56]"></a>os_tmr_force_irq</STRONG> (Thumb, 10 bytes, Stack size 0 bytes, rtx_config.o(.text), UNUSED)

<P><STRONG><a name="[46]"></a>os_tmr_inspect_cnt</STRONG> (Thumb, 6 bytes, Stack size 0 bytes, rtx_config.o(.text))
<BR><BR>[Called By]<UL><LI><a href="#[b]">&gt;&gt;</a>&nbsp;&nbsp;&nbsp;os_sys_manager
</UL>

<P><STRONG><a name="[47]"></a>os_tmr_inspect_ovf</STRONG> (Thumb, 10 bytes, Stack size 0 bytes, rtx_config.o(.text))
<BR><BR>[Called By]<UL><LI><a href="#[b]">&gt;&gt;</a>&nbsp;&nbsp;&nbsp;os_sys_manager
</UL>

<P><STRONG><a name="[a]"></a>os_irq_ack_lock</STRONG> (Thumb, 22 bytes, Stack size 0 bytes, rtx_config.o(.text))
<BR>[Address Reference Count : 1]<UL><LI> hal_arm.o(.emb_text)
</UL>
<P><STRONG><a name="[17]"></a>__SWI_5</STRONG> (Thumb, 10 bytes, Stack size 0 bytes, rtx_config.o(.text))
<BR>[Address Reference Count : 1]<UL><LI> swi_table.o(SWI_TABLE)
</UL>
<P><STRONG><a name="[c]"></a>tsk_unlock</STRONG> (Thumb, 10 bytes, Stack size 0 bytes, rtx_config.o(.text))
<BR><BR>[Called By]<UL><LI><a href="#[12]">&gt;&gt;</a>&nbsp;&nbsp;&nbsp;__SWI_0
<LI><a href="#[29]">&gt;&gt;</a>&nbsp;&nbsp;&nbsp;os_tsk_delete
<LI><a href="#[1b]">&gt;&gt;</a>&nbsp;&nbsp;&nbsp;os_tsk_create0
<LI><a href="#[22]">&gt;&gt;</a>&nbsp;&nbsp;&nbsp;os_mbx_wait
<LI><a href="#[21]">&gt;&gt;</a>&nbsp;&nbsp;&nbsp;os_mbx_send
<LI><a href="#[1f]">&gt;&gt;</a>&nbsp;&nbsp;&nbsp;os_mbx_init
<LI><a href="#[20]">&gt;&gt;</a>&nbsp;&nbsp;&nbsp;os_dly_wait
</UL>
<BR>[Address Reference Count : 1]<UL><LI> hal_arm.o(.emb_text)
</UL>
<P><STRONG><a name="[57]"></a>__aeabi_uidiv</STRONG> (Thumb, 0 bytes, Stack size 8 bytes, uidiv.o(.text), UNUSED)

<P><STRONG><a name="[2c]"></a>__aeabi_uidivmod</STRONG> (Thumb, 46 bytes, Stack size 8 bytes, uidiv.o(.text))
<BR><BR>[Stack]<UL><LI>Max Depth = 8<LI>Call Chain = __aeabi_uidivmod
</UL>
<BR>[Called By]<UL><LI><a href="#[23]">&gt;&gt;</a>&nbsp;&nbsp;&nbsp;SendInteger
</UL>

<P><STRONG><a name="[1e]"></a>__scatterload</STRONG> (Thumb, 24 bytes, Stack size 0 bytes, init.o(.text))
<BR><BR>[Calls]<UL><LI><a href="#[2e]">&gt;&gt;</a>&nbsp;&nbsp;&nbsp;__ARM_common_call_via_r3
<LI><a href="#[2f]">&gt;&gt;</a>&nbsp;&nbsp;&nbsp;__main_after_scatterload (via Veneer)
</UL>
<BR>[Called By]<UL><LI><a href="#[1d]">&gt;&gt;</a>&nbsp;&nbsp;&nbsp;_main_scatterload (via Veneer)
</UL>

<P><STRONG><a name="[58]"></a>__scatterload_rt2</STRONG> (Thumb, 0 bytes, Stack size 0 bytes, init.o(.text), UNUSED)

<P><STRONG><a name="[2e]"></a>__ARM_common_call_via_r3</STRONG> (Thumb, 2 bytes, Stack size 0 bytes, init.o(i.__ARM_common_call_via_r3))
<BR><BR>[Called By]<UL><LI><a href="#[1e]">&gt;&gt;</a>&nbsp;&nbsp;&nbsp;__scatterload
</UL>

<P><STRONG><a name="[12]"></a>__SWI_0</STRONG> (Thumb, 46 bytes, Stack size 0 bytes, hal_arm.o(i.__SWI_0))
<BR><BR>[Stack]<UL><LI>Max Depth = 8 + Unknown Stack Size
<LI>Call Chain = __SWI_0 &rArr; os_stk_check
</UL>
<BR>[Calls]<UL><LI><a href="#[31]">&gt;&gt;</a>&nbsp;&nbsp;&nbsp;rt_post_taskswitch (Weak Reference)
<LI><a href="#[32]">&gt;&gt;</a>&nbsp;&nbsp;&nbsp;os_switch_tasks_ret
<LI><a href="#[30]">&gt;&gt;</a>&nbsp;&nbsp;&nbsp;os_stk_check
<LI><a href="#[c]">&gt;&gt;</a>&nbsp;&nbsp;&nbsp;tsk_unlock
</UL>
<BR>[Address Reference Count : 1]<UL><LI> swi_table.o(SWI_TABLE)
</UL>
<P><STRONG><a name="[13]"></a>__SWI_1</STRONG> (Thumb, 14 bytes, Stack size 0 bytes, rt_membox.o(i.__SWI_1))
<BR>[Address Reference Count : 1]<UL><LI> swi_table.o(SWI_TABLE)
</UL>
<P><STRONG><a name="[14]"></a>__SWI_2</STRONG> (Thumb, 24 bytes, Stack size 0 bytes, rt_membox.o(i.__SWI_2))
<BR>[Address Reference Count : 1]<UL><LI> swi_table.o(SWI_TABLE)
</UL>
<P><STRONG><a name="[15]"></a>__SWI_3</STRONG> (Thumb, 8 bytes, Stack size 0 bytes, hal_arm.o(i.__SWI_3))
<BR>[Address Reference Count : 1]<UL><LI> swi_table.o(SWI_TABLE)
</UL>
<P><STRONG><a name="[16]"></a>__SWI_4</STRONG> (Thumb, 8 bytes, Stack size 0 bytes, hal_arm.o(i.__SWI_4))
<BR>[Address Reference Count : 1]<UL><LI> swi_table.o(SWI_TABLE)
</UL>
<P><STRONG><a name="[18]"></a>__SWI_6</STRONG> (Thumb, 2 bytes, Stack size 0 bytes, hal_arm.o(i.__SWI_6))
<BR>[Address Reference Count : 1]<UL><LI> swi_table.o(SWI_TABLE)
</UL>
<P><STRONG><a name="[19]"></a>__SWI_7</STRONG> (Thumb, 2 bytes, Stack size 0 bytes, hal_arm.o(i.__SWI_7))
<BR>[Address Reference Count : 1]<UL><LI> swi_table.o(SWI_TABLE)
</UL>
<P><STRONG><a name="[59]"></a>__scatterload_copy</STRONG> (ARM, 28 bytes, Stack size unknown bytes, handlers.o(i.__scatterload_copy), UNUSED)

<P><STRONG><a name="[5a]"></a>__scatterload_null</STRONG> (ARM, 4 bytes, Stack size unknown bytes, handlers.o(i.__scatterload_null), UNUSED)

<P><STRONG><a name="[5b]"></a>__scatterload_zeroinit</STRONG> (ARM, 24 bytes, Stack size unknown bytes, handlers.o(i.__scatterload_zeroinit), UNUSED)

<P><STRONG><a name="[2a]"></a>_init_box</STRONG> (Thumb, 74 bytes, Stack size 4 bytes, rt_membox.o(i._init_box))
<BR><BR>[Stack]<UL><LI>Max Depth = 4<LI>Call Chain = _init_box
</UL>
<BR>[Called By]<UL><LI><a href="#[9]">&gt;&gt;</a>&nbsp;&nbsp;&nbsp;os_sys_init1
<LI><a href="#[8]">&gt;&gt;</a>&nbsp;&nbsp;&nbsp;main
</UL>

<P><STRONG><a name="[33]"></a>os_block</STRONG> (Thumb, 58 bytes, Stack size 16 bytes, rt_task.o(i.os_block))
<BR><BR>[Stack]<UL><LI>Max Depth = 20<LI>Call Chain = os_block &rArr; os_put_dly
</UL>
<BR>[Calls]<UL><LI><a href="#[34]">&gt;&gt;</a>&nbsp;&nbsp;&nbsp;os_put_dly
<LI><a href="#[35]">&gt;&gt;</a>&nbsp;&nbsp;&nbsp;os_get_first
</UL>
<BR>[Called By]<UL><LI><a href="#[22]">&gt;&gt;</a>&nbsp;&nbsp;&nbsp;os_mbx_wait
<LI><a href="#[21]">&gt;&gt;</a>&nbsp;&nbsp;&nbsp;os_mbx_send
<LI><a href="#[20]">&gt;&gt;</a>&nbsp;&nbsp;&nbsp;os_dly_wait
</UL>

<P><STRONG><a name="[36]"></a>os_chk_robin</STRONG> (Thumb, 60 bytes, Stack size 8 bytes, rt_robin.o(i.os_chk_robin))
<BR><BR>[Stack]<UL><LI>Max Depth = 16<LI>Call Chain = os_chk_robin &rArr; os_put_prio
</UL>
<BR>[Calls]<UL><LI><a href="#[37]">&gt;&gt;</a>&nbsp;&nbsp;&nbsp;os_put_prio
<LI><a href="#[35]">&gt;&gt;</a>&nbsp;&nbsp;&nbsp;os_get_first
</UL>
<BR>[Called By]<UL><LI><a href="#[b]">&gt;&gt;</a>&nbsp;&nbsp;&nbsp;os_sys_manager
</UL>

<P><STRONG><a name="[38]"></a>os_dec_dly</STRONG> (Thumb, 116 bytes, Stack size 16 bytes, rt_list.o(i.os_dec_dly))
<BR><BR>[Stack]<UL><LI>Max Depth = 24<LI>Call Chain = os_dec_dly &rArr; os_put_prio
</UL>
<BR>[Calls]<UL><LI><a href="#[37]">&gt;&gt;</a>&nbsp;&nbsp;&nbsp;os_put_prio
</UL>
<BR>[Called By]<UL><LI><a href="#[b]">&gt;&gt;</a>&nbsp;&nbsp;&nbsp;os_sys_manager
</UL>

<P><STRONG><a name="[39]"></a>os_dispatch</STRONG> (Thumb, 60 bytes, Stack size 16 bytes, rt_task.o(i.os_dispatch))
<BR><BR>[Stack]<UL><LI>Max Depth = 24<LI>Call Chain = os_dispatch &rArr; os_put_prio
</UL>
<BR>[Calls]<UL><LI><a href="#[3a]">&gt;&gt;</a>&nbsp;&nbsp;&nbsp;os_put_rdy_first
<LI><a href="#[37]">&gt;&gt;</a>&nbsp;&nbsp;&nbsp;os_put_prio
<LI><a href="#[35]">&gt;&gt;</a>&nbsp;&nbsp;&nbsp;os_get_first
</UL>
<BR>[Called By]<UL><LI><a href="#[29]">&gt;&gt;</a>&nbsp;&nbsp;&nbsp;os_tsk_delete
<LI><a href="#[1b]">&gt;&gt;</a>&nbsp;&nbsp;&nbsp;os_tsk_create0
<LI><a href="#[22]">&gt;&gt;</a>&nbsp;&nbsp;&nbsp;os_mbx_wait
<LI><a href="#[21]">&gt;&gt;</a>&nbsp;&nbsp;&nbsp;os_mbx_send
</UL>

<P><STRONG><a name="[20]"></a>os_dly_wait</STRONG> (Thumb, 24 bytes, Stack size 8 bytes, rt_time.o(i.os_dly_wait))
<BR><BR>[Stack]<UL><LI>Max Depth = 28<LI>Call Chain = os_dly_wait &rArr; os_block &rArr; os_put_dly
</UL>
<BR>[Calls]<UL><LI><a href="#[33]">&gt;&gt;</a>&nbsp;&nbsp;&nbsp;os_block
<LI><a href="#[c]">&gt;&gt;</a>&nbsp;&nbsp;&nbsp;tsk_unlock
</UL>
<BR>[Called By]<UL><LI><a href="#[e]">&gt;&gt;</a>&nbsp;&nbsp;&nbsp;ADC
</UL>

<P><STRONG><a name="[3b]"></a>os_evt_psh</STRONG> (Thumb, 74 bytes, Stack size 8 bytes, rt_event.o(i.os_evt_psh))
<BR><BR>[Stack]<UL><LI>Max Depth = 16<LI>Call Chain = os_evt_psh &rArr; os_put_prio
</UL>
<BR>[Calls]<UL><LI><a href="#[3c]">&gt;&gt;</a>&nbsp;&nbsp;&nbsp;os_rmv_dly
<LI><a href="#[37]">&gt;&gt;</a>&nbsp;&nbsp;&nbsp;os_put_prio
</UL>
<BR>[Called By]<UL><LI><a href="#[b]">&gt;&gt;</a>&nbsp;&nbsp;&nbsp;os_sys_manager
</UL>

<P><STRONG><a name="[35]"></a>os_get_first</STRONG> (Thumb, 42 bytes, Stack size 0 bytes, rt_list.o(i.os_get_first))
<BR><BR>[Called By]<UL><LI><a href="#[40]">&gt;&gt;</a>&nbsp;&nbsp;&nbsp;os_sem_psh
<LI><a href="#[36]">&gt;&gt;</a>&nbsp;&nbsp;&nbsp;os_chk_robin
<LI><a href="#[b]">&gt;&gt;</a>&nbsp;&nbsp;&nbsp;os_sys_manager
<LI><a href="#[3f]">&gt;&gt;</a>&nbsp;&nbsp;&nbsp;os_mbx_psh
<LI><a href="#[39]">&gt;&gt;</a>&nbsp;&nbsp;&nbsp;os_dispatch
<LI><a href="#[33]">&gt;&gt;</a>&nbsp;&nbsp;&nbsp;os_block
<LI><a href="#[29]">&gt;&gt;</a>&nbsp;&nbsp;&nbsp;os_tsk_delete
<LI><a href="#[22]">&gt;&gt;</a>&nbsp;&nbsp;&nbsp;os_mbx_wait
<LI><a href="#[21]">&gt;&gt;</a>&nbsp;&nbsp;&nbsp;os_mbx_send
</UL>

<P><STRONG><a name="[44]"></a>os_init_robin</STRONG> (Thumb, 16 bytes, Stack size 0 bytes, rt_robin.o(i.os_init_robin))
<BR><BR>[Called By]<UL><LI><a href="#[9]">&gt;&gt;</a>&nbsp;&nbsp;&nbsp;os_sys_init1
</UL>

<P><STRONG><a name="[3e]"></a>os_init_stack</STRONG> (Thumb, 100 bytes, Stack size 8 bytes, hal_arm.o(i.os_init_stack))
<BR><BR>[Stack]<UL><LI>Max Depth = 8<LI>Call Chain = os_init_stack
</UL>
<BR>[Called By]<UL><LI><a href="#[3d]">&gt;&gt;</a>&nbsp;&nbsp;&nbsp;os_init_context
</UL>

<P><STRONG><a name="[1f]"></a>os_mbx_init</STRONG> (Thumb, 44 bytes, Stack size 16 bytes, rt_mailbox.o(i.os_mbx_init))
<BR><BR>[Stack]<UL><LI>Max Depth = 16<LI>Call Chain = os_mbx_init
</UL>
<BR>[Calls]<UL><LI><a href="#[c]">&gt;&gt;</a>&nbsp;&nbsp;&nbsp;tsk_unlock
</UL>
<BR>[Called By]<UL><LI><a href="#[e]">&gt;&gt;</a>&nbsp;&nbsp;&nbsp;ADC
</UL>

<P><STRONG><a name="[3f]"></a>os_mbx_psh</STRONG> (Thumb, 140 bytes, Stack size 16 bytes, rt_mailbox.o(i.os_mbx_psh))
<BR><BR>[Stack]<UL><LI>Max Depth = 24<LI>Call Chain = os_mbx_psh &rArr; os_put_prio
</UL>
<BR>[Calls]<UL><LI><a href="#[3c]">&gt;&gt;</a>&nbsp;&nbsp;&nbsp;os_rmv_dly
<LI><a href="#[37]">&gt;&gt;</a>&nbsp;&nbsp;&nbsp;os_put_prio
<LI><a href="#[35]">&gt;&gt;</a>&nbsp;&nbsp;&nbsp;os_get_first
<LI><a href="#[2d]">&gt;&gt;</a>&nbsp;&nbsp;&nbsp;os_error
</UL>
<BR>[Called By]<UL><LI><a href="#[b]">&gt;&gt;</a>&nbsp;&nbsp;&nbsp;os_sys_manager
</UL>

<P><STRONG><a name="[21]"></a>os_mbx_send</STRONG> (Thumb, 158 bytes, Stack size 32 bytes, rt_mailbox.o(i.os_mbx_send))
<BR><BR>[Stack]<UL><LI>Max Depth = 56<LI>Call Chain = os_mbx_send &rArr; os_dispatch &rArr; os_put_prio
</UL>
<BR>[Calls]<UL><LI><a href="#[3c]">&gt;&gt;</a>&nbsp;&nbsp;&nbsp;os_rmv_dly
<LI><a href="#[37]">&gt;&gt;</a>&nbsp;&nbsp;&nbsp;os_put_prio
<LI><a href="#[35]">&gt;&gt;</a>&nbsp;&nbsp;&nbsp;os_get_first
<LI><a href="#[39]">&gt;&gt;</a>&nbsp;&nbsp;&nbsp;os_dispatch
<LI><a href="#[33]">&gt;&gt;</a>&nbsp;&nbsp;&nbsp;os_block
<LI><a href="#[c]">&gt;&gt;</a>&nbsp;&nbsp;&nbsp;tsk_unlock
</UL>
<BR>[Called By]<UL><LI><a href="#[e]">&gt;&gt;</a>&nbsp;&nbsp;&nbsp;ADC
</UL>

<P><STRONG><a name="[22]"></a>os_mbx_wait</STRONG> (Thumb, 154 bytes, Stack size 32 bytes, rt_mailbox.o(i.os_mbx_wait))
<BR><BR>[Stack]<UL><LI>Max Depth = 56<LI>Call Chain = os_mbx_wait &rArr; os_dispatch &rArr; os_put_prio
</UL>
<BR>[Calls]<UL><LI><a href="#[3c]">&gt;&gt;</a>&nbsp;&nbsp;&nbsp;os_rmv_dly
<LI><a href="#[37]">&gt;&gt;</a>&nbsp;&nbsp;&nbsp;os_put_prio
<LI><a href="#[35]">&gt;&gt;</a>&nbsp;&nbsp;&nbsp;os_get_first
<LI><a href="#[39]">&gt;&gt;</a>&nbsp;&nbsp;&nbsp;os_dispatch
<LI><a href="#[33]">&gt;&gt;</a>&nbsp;&nbsp;&nbsp;os_block
<LI><a href="#[c]">&gt;&gt;</a>&nbsp;&nbsp;&nbsp;tsk_unlock
</UL>
<BR>[Called By]<UL><LI><a href="#[f]">&gt;&gt;</a>&nbsp;&nbsp;&nbsp;rec_task
</UL>

<P><STRONG><a name="[34]"></a>os_put_dly</STRONG> (Thumb, 76 bytes, Stack size 4 bytes, rt_list.o(i.os_put_dly))
<BR><BR>[Stack]<UL><LI>Max Depth = 4<LI>Call Chain = os_put_dly
</UL>
<BR>[Called By]<UL><LI><a href="#[33]">&gt;&gt;</a>&nbsp;&nbsp;&nbsp;os_block
</UL>

<P><STRONG><a name="[37]"></a>os_put_prio</STRONG> (Thumb, 62 bytes, Stack size 8 bytes, rt_list.o(i.os_put_prio))
<BR><BR>[Stack]<UL><LI>Max Depth = 8<LI>Call Chain = os_put_prio
</UL>
<BR>[Called By]<UL><LI><a href="#[40]">&gt;&gt;</a>&nbsp;&nbsp;&nbsp;os_sem_psh
<LI><a href="#[3b]">&gt;&gt;</a>&nbsp;&nbsp;&nbsp;os_evt_psh
<LI><a href="#[38]">&gt;&gt;</a>&nbsp;&nbsp;&nbsp;os_dec_dly
<LI><a href="#[36]">&gt;&gt;</a>&nbsp;&nbsp;&nbsp;os_chk_robin
<LI><a href="#[3f]">&gt;&gt;</a>&nbsp;&nbsp;&nbsp;os_mbx_psh
<LI><a href="#[39]">&gt;&gt;</a>&nbsp;&nbsp;&nbsp;os_dispatch
<LI><a href="#[29]">&gt;&gt;</a>&nbsp;&nbsp;&nbsp;os_tsk_delete
<LI><a href="#[22]">&gt;&gt;</a>&nbsp;&nbsp;&nbsp;os_mbx_wait
<LI><a href="#[21]">&gt;&gt;</a>&nbsp;&nbsp;&nbsp;os_mbx_send
</UL>

<P><STRONG><a name="[3a]"></a>os_put_rdy_first</STRONG> (Thumb, 14 bytes, Stack size 0 bytes, rt_list.o(i.os_put_rdy_first))
<BR><BR>[Called By]<UL><LI><a href="#[b]">&gt;&gt;</a>&nbsp;&nbsp;&nbsp;os_sys_manager
<LI><a href="#[39]">&gt;&gt;</a>&nbsp;&nbsp;&nbsp;os_dispatch
</UL>

<P><STRONG><a name="[3c]"></a>os_rmv_dly</STRONG> (Thumb, 44 bytes, Stack size 4 bytes, rt_list.o(i.os_rmv_dly))
<BR><BR>[Stack]<UL><LI>Max Depth = 4<LI>Call Chain = os_rmv_dly
</UL>
<BR>[Called By]<UL><LI><a href="#[40]">&gt;&gt;</a>&nbsp;&nbsp;&nbsp;os_sem_psh
<LI><a href="#[3b]">&gt;&gt;</a>&nbsp;&nbsp;&nbsp;os_evt_psh
<LI><a href="#[3f]">&gt;&gt;</a>&nbsp;&nbsp;&nbsp;os_mbx_psh
<LI><a href="#[29]">&gt;&gt;</a>&nbsp;&nbsp;&nbsp;os_tsk_delete
<LI><a href="#[22]">&gt;&gt;</a>&nbsp;&nbsp;&nbsp;os_mbx_wait
<LI><a href="#[21]">&gt;&gt;</a>&nbsp;&nbsp;&nbsp;os_mbx_send
</UL>

<P><STRONG><a name="[4e]"></a>os_rmv_list</STRONG> (Thumb, 46 bytes, Stack size 0 bytes, rt_list.o(i.os_rmv_list))
<BR><BR>[Called By]<UL><LI><a href="#[29]">&gt;&gt;</a>&nbsp;&nbsp;&nbsp;os_tsk_delete
</UL>

<P><STRONG><a name="[40]"></a>os_sem_psh</STRONG> (Thumb, 50 bytes, Stack size 8 bytes, rt_semaphore.o(i.os_sem_psh))
<BR><BR>[Stack]<UL><LI>Max Depth = 16<LI>Call Chain = os_sem_psh &rArr; os_put_prio
</UL>
<BR>[Calls]<UL><LI><a href="#[3c]">&gt;&gt;</a>&nbsp;&nbsp;&nbsp;os_rmv_dly
<LI><a href="#[37]">&gt;&gt;</a>&nbsp;&nbsp;&nbsp;os_put_prio
<LI><a href="#[35]">&gt;&gt;</a>&nbsp;&nbsp;&nbsp;os_get_first
</UL>
<BR>[Called By]<UL><LI><a href="#[b]">&gt;&gt;</a>&nbsp;&nbsp;&nbsp;os_sys_manager
</UL>

<P><STRONG><a name="[30]"></a>os_stk_check</STRONG> (Thumb, 38 bytes, Stack size 8 bytes, hal_arm.o(i.os_stk_check))
<BR><BR>[Stack]<UL><LI>Max Depth = 8<LI>Call Chain = os_stk_check
</UL>
<BR>[Calls]<UL><LI><a href="#[2d]">&gt;&gt;</a>&nbsp;&nbsp;&nbsp;os_error
</UL>
<BR>[Called By]<UL><LI><a href="#[12]">&gt;&gt;</a>&nbsp;&nbsp;&nbsp;__SWI_0
<LI><a href="#[b]">&gt;&gt;</a>&nbsp;&nbsp;&nbsp;os_sys_manager
<LI><a href="#[29]">&gt;&gt;</a>&nbsp;&nbsp;&nbsp;os_tsk_delete
</UL>

<P><STRONG><a name="[9]"></a>os_sys_init1</STRONG> (Thumb, 162 bytes, Stack size 0 bytes, rt_task.o(i.os_sys_init1))
<BR><BR>[Stack]<UL><LI>Max Depth = 24<LI>Call Chain = os_sys_init1 &rArr; os_init_context &rArr; os_init_stack
</UL>
<BR>[Calls]<UL><LI><a href="#[41]">&gt;&gt;</a>&nbsp;&nbsp;&nbsp;rt_init (Weak Reference)
<LI><a href="#[45]">&gt;&gt;</a>&nbsp;&nbsp;&nbsp;os_sys_run
<LI><a href="#[42]">&gt;&gt;</a>&nbsp;&nbsp;&nbsp;os_set_env
<LI><a href="#[44]">&gt;&gt;</a>&nbsp;&nbsp;&nbsp;os_init_robin
<LI><a href="#[3d]">&gt;&gt;</a>&nbsp;&nbsp;&nbsp;os_init_context
<LI><a href="#[43]">&gt;&gt;</a>&nbsp;&nbsp;&nbsp;os_tmr_init
<LI><a href="#[1a]">&gt;&gt;</a>&nbsp;&nbsp;&nbsp;os_idle_demon
<LI><a href="#[2a]">&gt;&gt;</a>&nbsp;&nbsp;&nbsp;_init_box
</UL>
<BR>[Address Reference Count : 1]<UL><LI> hal_arm.o(.emb_text)
</UL>
<P><STRONG><a name="[b]"></a>os_sys_manager</STRONG> (Thumb, 184 bytes, Stack size 0 bytes, rt_system.o(i.os_sys_manager))
<BR><BR>[Stack]<UL><LI>Max Depth = 24 + Unknown Stack Size
<LI>Call Chain = os_sys_manager &rArr; os_dec_dly &rArr; os_put_prio
</UL>
<BR>[Calls]<UL><LI><a href="#[48]">&gt;&gt;</a>&nbsp;&nbsp;&nbsp;os_tmr_reload (Weak Reference)
<LI><a href="#[4a]">&gt;&gt;</a>&nbsp;&nbsp;&nbsp;os_tmr_tick
<LI><a href="#[40]">&gt;&gt;</a>&nbsp;&nbsp;&nbsp;os_sem_psh
<LI><a href="#[3b]">&gt;&gt;</a>&nbsp;&nbsp;&nbsp;os_evt_psh
<LI><a href="#[38]">&gt;&gt;</a>&nbsp;&nbsp;&nbsp;os_dec_dly
<LI><a href="#[36]">&gt;&gt;</a>&nbsp;&nbsp;&nbsp;os_chk_robin
<LI><a href="#[31]">&gt;&gt;</a>&nbsp;&nbsp;&nbsp;rt_post_taskswitch (Weak Reference)
<LI><a href="#[4b]">&gt;&gt;</a>&nbsp;&nbsp;&nbsp;os_sys_manager_ret
<LI><a href="#[49]">&gt;&gt;</a>&nbsp;&nbsp;&nbsp;_dec_qc
<LI><a href="#[3f]">&gt;&gt;</a>&nbsp;&nbsp;&nbsp;os_mbx_psh
<LI><a href="#[30]">&gt;&gt;</a>&nbsp;&nbsp;&nbsp;os_stk_check
<LI><a href="#[3a]">&gt;&gt;</a>&nbsp;&nbsp;&nbsp;os_put_rdy_first
<LI><a href="#[35]">&gt;&gt;</a>&nbsp;&nbsp;&nbsp;os_get_first
<LI><a href="#[47]">&gt;&gt;</a>&nbsp;&nbsp;&nbsp;os_tmr_inspect_ovf
<LI><a href="#[46]">&gt;&gt;</a>&nbsp;&nbsp;&nbsp;os_tmr_inspect_cnt
</UL>
<BR>[Address Reference Count : 1]<UL><LI> hal_arm.o(.emb_text)
</UL>
<P><STRONG><a name="[4a]"></a>os_tmr_tick</STRONG> (Thumb, 58 bytes, Stack size 16 bytes, rt_timer.o(i.os_tmr_tick))
<BR><BR>[Stack]<UL><LI>Max Depth = 16<LI>Call Chain = os_tmr_tick
</UL>
<BR>[Calls]<UL><LI><a href="#[4c]">&gt;&gt;</a>&nbsp;&nbsp;&nbsp;os_tmr_call
</UL>
<BR>[Called By]<UL><LI><a href="#[b]">&gt;&gt;</a>&nbsp;&nbsp;&nbsp;os_sys_manager
</UL>

<P><STRONG><a name="[1b]"></a>os_tsk_create0</STRONG> (Thumb, 130 bytes, Stack size 40 bytes, rt_task.o(i.os_tsk_create0))
<BR><BR>[Stack]<UL><LI>Max Depth = 64<LI>Call Chain = os_tsk_create0 &rArr; os_dispatch &rArr; os_put_prio
</UL>
<BR>[Calls]<UL><LI><a href="#[4d]">&gt;&gt;</a>&nbsp;&nbsp;&nbsp;rt_notify (Weak Reference)
<LI><a href="#[39]">&gt;&gt;</a>&nbsp;&nbsp;&nbsp;os_dispatch
<LI><a href="#[3d]">&gt;&gt;</a>&nbsp;&nbsp;&nbsp;os_init_context
<LI><a href="#[c]">&gt;&gt;</a>&nbsp;&nbsp;&nbsp;tsk_unlock
</UL>
<BR>[Called By]<UL><LI><a href="#[10]">&gt;&gt;</a>&nbsp;&nbsp;&nbsp;init
</UL>
<BR>[Address Reference Count : 1]<UL><LI> rt_task.o(i.os_sys_init1)
</UL>
<P><STRONG><a name="[29]"></a>os_tsk_delete</STRONG> (Thumb, 312 bytes, Stack size 24 bytes, rt_task.o(i.os_tsk_delete))
<BR><BR>[Stack]<UL><LI>Max Depth = 48<LI>Call Chain = os_tsk_delete &rArr; os_dispatch &rArr; os_put_prio
</UL>
<BR>[Calls]<UL><LI><a href="#[4d]">&gt;&gt;</a>&nbsp;&nbsp;&nbsp;rt_notify (Weak Reference)
<LI><a href="#[30]">&gt;&gt;</a>&nbsp;&nbsp;&nbsp;os_stk_check
<LI><a href="#[4e]">&gt;&gt;</a>&nbsp;&nbsp;&nbsp;os_rmv_list
<LI><a href="#[3c]">&gt;&gt;</a>&nbsp;&nbsp;&nbsp;os_rmv_dly
<LI><a href="#[37]">&gt;&gt;</a>&nbsp;&nbsp;&nbsp;os_put_prio
<LI><a href="#[35]">&gt;&gt;</a>&nbsp;&nbsp;&nbsp;os_get_first
<LI><a href="#[39]">&gt;&gt;</a>&nbsp;&nbsp;&nbsp;os_dispatch
<LI><a href="#[c]">&gt;&gt;</a>&nbsp;&nbsp;&nbsp;tsk_unlock
</UL>
<BR>[Called By]<UL><LI><a href="#[10]">&gt;&gt;</a>&nbsp;&nbsp;&nbsp;init
</UL>
<P>
<H3>
Local Symbols
</H3>
<P><STRONG><a name="[1]"></a>Undef_Handler</STRONG> (ARM, 4 bytes, Stack size unknown bytes, lpc2300.o(RESET))
<BR><BR>[Calls]<UL><LI><a href="#[1]">&gt;&gt;</a>&nbsp;&nbsp;&nbsp;Undef_Handler
</UL>
<BR>[Called By]<UL><LI><a href="#[1]">&gt;&gt;</a>&nbsp;&nbsp;&nbsp;Undef_Handler
</UL>
<BR>[Address Reference Count : 1]<UL><LI> lpc2300.o(RESET)
</UL>
<P><STRONG><a name="[3]"></a>PAbt_Handler</STRONG> (ARM, 4 bytes, Stack size unknown bytes, lpc2300.o(RESET))
<BR><BR>[Calls]<UL><LI><a href="#[3]">&gt;&gt;</a>&nbsp;&nbsp;&nbsp;PAbt_Handler
</UL>
<BR>[Called By]<UL><LI><a href="#[3]">&gt;&gt;</a>&nbsp;&nbsp;&nbsp;PAbt_Handler
</UL>
<BR>[Address Reference Count : 1]<UL><LI> lpc2300.o(RESET)
</UL>
<P><STRONG><a name="[4]"></a>DAbt_Handler</STRONG> (ARM, 4 bytes, Stack size unknown bytes, lpc2300.o(RESET))
<BR><BR>[Calls]<UL><LI><a href="#[4]">&gt;&gt;</a>&nbsp;&nbsp;&nbsp;DAbt_Handler
</UL>
<BR>[Called By]<UL><LI><a href="#[4]">&gt;&gt;</a>&nbsp;&nbsp;&nbsp;DAbt_Handler
</UL>
<BR>[Address Reference Count : 1]<UL><LI> lpc2300.o(RESET)
</UL>
<P><STRONG><a name="[5]"></a>IRQ_Handler</STRONG> (ARM, 4 bytes, Stack size unknown bytes, lpc2300.o(RESET))
<BR><BR>[Calls]<UL><LI><a href="#[5]">&gt;&gt;</a>&nbsp;&nbsp;&nbsp;IRQ_Handler
</UL>
<BR>[Called By]<UL><LI><a href="#[5]">&gt;&gt;</a>&nbsp;&nbsp;&nbsp;IRQ_Handler
</UL>
<BR>[Address Reference Count : 1]<UL><LI> lpc2300.o(RESET)
</UL>
<P><STRONG><a name="[6]"></a>FIQ_Handler</STRONG> (ARM, 4 bytes, Stack size unknown bytes, lpc2300.o(RESET))
<BR><BR>[Calls]<UL><LI><a href="#[6]">&gt;&gt;</a>&nbsp;&nbsp;&nbsp;FIQ_Handler
</UL>
<BR>[Called By]<UL><LI><a href="#[6]">&gt;&gt;</a>&nbsp;&nbsp;&nbsp;FIQ_Handler
</UL>
<BR>[Address Reference Count : 1]<UL><LI> lpc2300.o(RESET)
</UL>
<P><STRONG><a name="[3d]"></a>os_init_context</STRONG> (Thumb, 70 bytes, Stack size 16 bytes, rt_task.o(i.os_init_context))
<BR><BR>[Stack]<UL><LI>Max Depth = 24<LI>Call Chain = os_init_context &rArr; os_init_stack
</UL>
<BR>[Calls]<UL><LI><a href="#[3e]">&gt;&gt;</a>&nbsp;&nbsp;&nbsp;os_init_stack
</UL>
<BR>[Called By]<UL><LI><a href="#[9]">&gt;&gt;</a>&nbsp;&nbsp;&nbsp;os_sys_init1
<LI><a href="#[1b]">&gt;&gt;</a>&nbsp;&nbsp;&nbsp;os_tsk_create0
</UL>

<P><STRONG><a name="[d]"></a>Switch_task</STRONG> (ARM, 0 bytes, Stack size unknown bytes, hal_arm.o(.emb_text))
<BR>[Address Reference Count : 1]<UL><LI> hal_arm.o(.emb_text)
</UL><P>
<H3>
Undefined Global Symbols
</H3>
<P><STRONG><a name="[48]"></a>os_tmr_reload</STRONG> (ARM, 0 bytes, Stack size 0 bytes, UNDEFINED)
<BR><BR>[Called By]<UL><LI><a href="#[b]">&gt;&gt;</a>&nbsp;&nbsp;&nbsp;os_sys_manager
</UL>

<P><STRONG><a name="[41]"></a>rt_init</STRONG> (ARM, 0 bytes, Stack size 0 bytes, UNDEFINED)
<BR><BR>[Called By]<UL><LI><a href="#[9]">&gt;&gt;</a>&nbsp;&nbsp;&nbsp;os_sys_init1
</UL>

<P><STRONG><a name="[4d]"></a>rt_notify</STRONG> (ARM, 0 bytes, Stack size 0 bytes, UNDEFINED)
<BR><BR>[Called By]<UL><LI><a href="#[29]">&gt;&gt;</a>&nbsp;&nbsp;&nbsp;os_tsk_delete
<LI><a href="#[1b]">&gt;&gt;</a>&nbsp;&nbsp;&nbsp;os_tsk_create0
</UL>

<P><STRONG><a name="[31]"></a>rt_post_taskswitch</STRONG> (ARM, 0 bytes, Stack size 0 bytes, UNDEFINED)
<BR><BR>[Called By]<UL><LI><a href="#[12]">&gt;&gt;</a>&nbsp;&nbsp;&nbsp;__SWI_0
<LI><a href="#[b]">&gt;&gt;</a>&nbsp;&nbsp;&nbsp;os_sys_manager
</UL>
<HR></body></html>
