<html>
<body>
<pre>
<h1>µVision Build Log</h1>
<h2>Tool Versions:</h2>
IDE-Version: µVision V5.17.0.0
Copyright (C) 2015 ARM Ltd and ARM Germany GmbH. All rights reserved.
License Information: andre marcus, ubc, LIC=----
 
Tool Versions:
Toolchain:       MDK-Lite  Version: 5.17
Toolchain Path:  C:\Keil_v5\ARM\ARMCC\Bin
C Compiler:      Armcc.exe V5.06 update 1 (build 61)
Assembler:       Armasm.exe V5.06 update 1 (build 61)
Linker/Locator:  ArmLink.exe V5.06 update 1 (build 61)
Library Manager: ArmAr.exe V5.06 update 1 (build 61)
Hex Converter:   FromElf.exe V5.06 update 1 (build 61)
CPU DLL:         SARM.DLL V5.17
Dialog DLL:      DARMP.DLL V1.51
Target DLL:      UL2ARM.DLL V1.74.7.0
Dialog DLL:      TARMP.DLL V1.51
 
<h2>Project:</h2>
C:\Keil_v5\ARM\Boards\Keil\MCB2300\lpc2300_uartirq\LPC2300_UARTIrq\LPC2300_UARTIrq.uvproj
Project File Date:  12/22/2015

<h2>Output:</h2>
*** Using Compiler 'V5.06 update 1 (build 61)', folder: 'C:\Keil_v5\ARM\ARMCC\Bin'
Rebuild target 'Simulator'
assembling LPC2300.s...
compiling main.c...
motor.h(11): warning:  #1-D: last line of file ends without a newline
  #endif
main.c(132): warning:  #177-D: variable "temp2" was declared but never referenced
  	static float temp1, temp2, temp3;
main.c: 2 warnings, 0 errors
compiling Retarget.c...
linking...
Program Size: Code=3244 RO-data=32 RW-data=24 ZI-data=240  
".\Obj\LPC2300_StepMotor.axf" - 0 Error(s), 2 Warning(s).
Build Time Elapsed:  00:00:01
</pre>
</body>
</html>
