Component: ARM Compiler 5.06 update 1 (build 61) Tool: armlink [4d35a8]

==============================================================================

Section Cross References

    speedcontrol.o(.text) refers to fscalb.o(.text) for __ARM_scalbnf
    speedcontrol.o(.text) refers to ffltui.o(.text) for __aeabi_ui2f
    speedcontrol.o(.text) refers to fdiv.o(.text) for __aeabi_fdiv
    speedcontrol.o(.text) refers to fmul.o(.text) for __aeabi_fmul
    speedcontrol.o(.text) refers to fadd.o(.text) for __aeabi_fsub
    speedcontrol.o(.text) refers to f2d.o(.text) for __aeabi_f2d
    speedcontrol.o(.text) refers to ceil.o(i.ceil) for ceil
    speedcontrol.o(.text) refers to dfixui.o(.text) for __aeabi_d2uiz
    speedcontrol.o(.text) refers to rt_task.o(i.os_tsk_delete) for os_tsk_delete
    speedcontrol.o(.text) refers to rt_event.o(i.os_evt_wait) for os_evt_wait
    speedcontrol.o(.text) refers to speedcontrol.o(.data) for .data
    speedcontrol.o(.text) refers to speedcontrol.o(.text) for T0_IRQHandler
    speedcontrol.o(.text) refers to serial.o(.text) for serial_init
    speedcontrol.o(.text) refers to motor.o(.text) for motors_parameters_init
    speedcontrol.o(.text) refers to rt_task.o(i.os_tsk_create0) for os_tsk_create0
    speedcontrol.o(.text) refers to hal_arm.o(.emb_text) for os_sys_init0
    speedcontrol.o(.text) refers to speedcontrol.o(.text) for LED_On
    speedcontrol.o(.text) refers to rt_event.o(i.isr_evt_set) for isr_evt_set
    speedcontrol.o(.text) refers to speedcontrol.o(.data) for .data
    motor.o(.text) refers to ffltui.o(.text) for __aeabi_ui2f
    motor.o(.text) refers to fscalb.o(.text) for __ARM_scalbnf
    motor.o(.text) refers to fmul.o(.text) for __aeabi_fmul
    motor.o(.text) refers to fdiv.o(.text) for __aeabi_fdiv
    motor.o(.text) refers to f2d.o(.text) for __aeabi_f2d
    motor.o(.text) refers to ceil.o(i.ceil) for ceil
    motor.o(.text) refers to dfixui.o(.text) for __aeabi_d2uiz
    motor.o(.text) refers to uidiv.o(.text) for __aeabi_uidivmod
    motor.o(.text) refers to ffixui.o(.text) for __aeabi_f2uiz
    motor.o(.text) refers to serial.o(.text) for SendInteger
    motor.o(.text) refers to speedcontrol.o(.data) for M1total_steps
    motor.o(.text) refers to speedcontrol.o(.data) for M1MaxSpeed
    motor.o(.text) refers to speedcontrol.o(.data) for M1Decceleration
    motor.o(.text) refers to speedcontrol.o(.data) for M2MaxSpeed
    motor.o(.text) refers to speedcontrol.o(.data) for M2Decceleration
    motor.o(.text) refers to speedcontrol.o(.data) for M3MaxSpeed
    motor.o(.text) refers to speedcontrol.o(.data) for M3Decceleration
    serial.o(.text) refers to uidiv.o(.text) for __aeabi_uidivmod
    serial.o(.text) refers to serial.o(.constdata) for .constdata
    rtx_config.o(.text) refers to hal_arm.o(.emb_text) for os_clock_interrupt
    lpc2300.o(RESET) refers to hal_arm.o(.emb_text) for SWI_Handler
    lpc2300.o(RESET) refers to lpc2300.o(STACK) for Stack_Top
    lpc2300.o(RESET) refers to entry.o(.ARM.Collect$$$$00000000) for __main
    rt_task.o(i.os_block) refers to rt_list.o(i.os_put_dly) for os_put_dly
    rt_task.o(i.os_block) refers to rt_list.o(i.os_get_first) for os_get_first
    rt_task.o(i.os_block) refers to rt_task.o(.data) for .data
    rt_task.o(i.os_block) refers to rt_list.o(.bss) for os_rdy
    rt_task.o(i.os_dispatch) refers to rt_list.o(i.os_put_rdy_first) for os_put_rdy_first
    rt_task.o(i.os_dispatch) refers to rt_list.o(i.os_get_first) for os_get_first
    rt_task.o(i.os_dispatch) refers to rt_list.o(i.os_put_prio) for os_put_prio
    rt_task.o(i.os_dispatch) refers to rt_task.o(.data) for .data
    rt_task.o(i.os_dispatch) refers to rt_list.o(.bss) for os_rdy
    rt_task.o(i.os_init_context) refers to hal_arm.o(i.os_init_stack) for os_init_stack
    rt_task.o(i.os_init_context) refers to rtx_config.o(.bss) for mp_stk
    rt_task.o(i.os_sys_init1) refers to rt_membox.o(i._init_box) for _init_box
    rt_task.o(i.os_sys_init1) refers to rt_task.o(i.os_init_context) for os_init_context
    rt_task.o(i.os_sys_init1) refers to hal_arm.o(.emb_text) for os_set_env
    rt_task.o(i.os_sys_init1) refers to rtx_config.o(.text) for os_tmr_init
    rt_task.o(i.os_sys_init1) refers to rt_robin.o(i.os_init_robin) for os_init_robin
    rt_task.o(i.os_sys_init1) refers to rtx_config.o(.bss) for os_active_TCB
    rt_task.o(i.os_sys_init1) refers to rtx_config.o(.constdata) for os_maxtaskrun
    rt_task.o(i.os_sys_init1) refers to rtx_config.o(.constdata) for mp_tcb_size
    rt_task.o(i.os_sys_init1) refers to rtx_config.o(.bss) for mp_tcb
    rt_task.o(i.os_sys_init1) refers to rtx_config.o(.constdata) for os_stackinfo
    rt_task.o(i.os_sys_init1) refers to rtx_config.o(.constdata) for mp_stk_size
    rt_task.o(i.os_sys_init1) refers to rtx_config.o(.bss) for mp_stk
    rt_task.o(i.os_sys_init1) refers to rtx_config.o(.constdata) for mp_tmr_size
    rt_task.o(i.os_sys_init1) refers to rtx_config.o(.data) for m_tmr
    rt_task.o(i.os_sys_init1) refers to rt_task.o(.bss) for .bss
    rt_task.o(i.os_sys_init1) refers to rt_list.o(.bss) for os_rdy
    rt_task.o(i.os_sys_init1) refers to rt_task.o(.data) for .data
    rt_task.o(i.os_sys_init1) refers to rtx_config.o(.bss) for os_fifo
    rt_task.o(i.os_sys_init1) refers to rtx_config.o(.constdata) for os_fifo_size
    rt_task.o(i.os_sys_init1) refers to rt_task.o(i.os_tsk_create0) for os_tsk_create0
    rt_task.o(i.os_tsk_create0) refers to rt_task.o(i.os_init_context) for os_init_context
    rt_task.o(i.os_tsk_create0) refers to rtx_config.o(.text) for tsk_unlock
    rt_task.o(i.os_tsk_create0) refers to rt_task.o(i.os_dispatch) for os_dispatch
    rt_task.o(i.os_tsk_create0) refers to rtx_config.o(.bss) for mp_tcb
    rt_task.o(i.os_tsk_create0) refers to rtx_config.o(.bss) for os_active_TCB
    rt_task.o(i.os_tsk_create0) refers to rtx_config.o(.constdata) for os_maxtaskrun
    rt_task.o(i.os_tsk_create_ex0) refers to rt_task.o(i.os_tsk_create0) for os_tsk_create0
    rt_task.o(i.os_tsk_delete) refers to hal_arm.o(i.os_stk_check) for os_stk_check
    rt_task.o(i.os_tsk_delete) refers to rt_list.o(i.os_get_first) for os_get_first
    rt_task.o(i.os_tsk_delete) refers to rt_list.o(i.os_rmv_dly) for os_rmv_dly
    rt_task.o(i.os_tsk_delete) refers to rt_list.o(i.os_put_prio) for os_put_prio
    rt_task.o(i.os_tsk_delete) refers to rt_list.o(i.os_rmv_list) for os_rmv_list
    rt_task.o(i.os_tsk_delete) refers to rtx_config.o(.text) for tsk_unlock
    rt_task.o(i.os_tsk_delete) refers to rt_task.o(i.os_dispatch) for os_dispatch
    rt_task.o(i.os_tsk_delete) refers to rtx_config.o(.bss) for os_active_TCB
    rt_task.o(i.os_tsk_delete) refers to rt_task.o(.data) for .data
    rt_task.o(i.os_tsk_delete) refers to rt_list.o(.bss) for os_rdy
    rt_task.o(i.os_tsk_delete) refers to rtx_config.o(.bss) for mp_stk
    rt_task.o(i.os_tsk_delete) refers to rtx_config.o(.bss) for mp_tcb
    rt_task.o(i.os_tsk_delete) refers to rtx_config.o(.constdata) for os_maxtaskrun
    rt_task.o(i.os_tsk_pass) refers to rt_list.o(i.os_get_same_rdy_prio) for os_get_same_rdy_prio
    rt_task.o(i.os_tsk_pass) refers to rt_list.o(i.os_put_prio) for os_put_prio
    rt_task.o(i.os_tsk_pass) refers to rtx_config.o(.text) for tsk_unlock
    rt_task.o(i.os_tsk_pass) refers to rt_task.o(.data) for .data
    rt_task.o(i.os_tsk_pass) refers to rt_list.o(.bss) for os_rdy
    rt_task.o(i.os_tsk_prio) refers to rt_list.o(i.os_put_prio) for os_put_prio
    rt_task.o(i.os_tsk_prio) refers to rtx_config.o(.text) for tsk_unlock
    rt_task.o(i.os_tsk_prio) refers to rt_list.o(i.os_resort_prio) for os_resort_prio
    rt_task.o(i.os_tsk_prio) refers to rt_list.o(i.os_get_first) for os_get_first
    rt_task.o(i.os_tsk_prio) refers to rt_task.o(i.os_dispatch) for os_dispatch
    rt_task.o(i.os_tsk_prio) refers to rt_task.o(.data) for .data
    rt_task.o(i.os_tsk_prio) refers to rtx_config.o(.constdata) for os_maxtaskrun
    rt_task.o(i.os_tsk_prio) refers to rtx_config.o(.bss) for os_active_TCB
    rt_task.o(i.os_tsk_prio) refers to rt_list.o(.bss) for os_rdy
    rt_task.o(i.os_tsk_self) refers to rt_task.o(.data) for .data
    rt_event.o(i.isr_evt_set) refers to rt_list.o(i.os_psq_enq) for os_psq_enq
    rt_event.o(i.isr_evt_set) refers to rt_system.o(i.os_psh_req) for os_psh_req
    rt_event.o(i.isr_evt_set) refers to rtx_config.o(.bss) for os_active_TCB
    rt_event.o(i.os_evt_clr) refers to rtx_config.o(.text) for tsk_unlock
    rt_event.o(i.os_evt_clr) refers to rtx_config.o(.bss) for os_active_TCB
    rt_event.o(i.os_evt_get) refers to rt_task.o(.data) for os_runtask
    rt_event.o(i.os_evt_psh) refers to rt_list.o(i.os_rmv_dly) for os_rmv_dly
    rt_event.o(i.os_evt_psh) refers to rt_list.o(i.os_put_prio) for os_put_prio
    rt_event.o(i.os_evt_psh) refers to rt_list.o(.bss) for os_rdy
    rt_event.o(i.os_evt_set) refers to rt_list.o(i.os_rmv_dly) for os_rmv_dly
    rt_event.o(i.os_evt_set) refers to rt_task.o(i.os_dispatch) for os_dispatch
    rt_event.o(i.os_evt_set) refers to rtx_config.o(.text) for tsk_unlock
    rt_event.o(i.os_evt_set) refers to rtx_config.o(.bss) for os_active_TCB
    rt_event.o(i.os_evt_wait) refers to rt_task.o(i.os_block) for os_block
    rt_event.o(i.os_evt_wait) refers to rtx_config.o(.text) for tsk_unlock
    rt_event.o(i.os_evt_wait) refers to rt_task.o(.data) for os_runtask
    hal_arm.o(.emb_text) refers to hal_arm.o(.data) for sys_stktop
    hal_arm.o(.emb_text) refers to rt_task.o(i.os_sys_init1) for os_sys_init1
    hal_arm.o(.emb_text) refers to hal_arm.o(.data) for sys_mode
    hal_arm.o(.emb_text) refers to rtx_config.o(.text) for os_irq_ack_lock
    hal_arm.o(.emb_text) refers to rt_system.o(.data) for os_psh
    hal_arm.o(.emb_text) refers to rt_system.o(i.os_sys_manager) for os_sys_manager
    hal_arm.o(.emb_text) refers to swi_table.o(SWI_TABLE) for SWI_Table
    hal_arm.o(i.__SWI_0) refers to hal_arm.o(i.os_stk_check) for os_stk_check
    hal_arm.o(i.__SWI_0) refers to rtx_config.o(.text) for tsk_unlock
    hal_arm.o(i.__SWI_0) refers to hal_arm.o(.emb_text) for os_switch_tasks_ret
    hal_arm.o(i.__SWI_0) refers to rt_task.o(.data) for os_runtask
    hal_arm.o(i.os_init_stack) refers to rtx_config.o(.constdata) for os_stackinfo
    hal_arm.o(i.os_init_stack) refers to hal_arm.o(.data) for .data
    hal_arm.o(i.os_stk_check) refers to rtx_config.o(.text) for os_error
    hal_arm.o(i.os_stk_check) refers to rt_task.o(.data) for os_runtask
    rt_system.o(i.os_psh_req) refers to rtx_config.o(.text) for os_tmr_inspect_ovf
    rt_system.o(i.os_psh_req) refers to rt_system.o(.data) for .data
    rt_system.o(i.os_resume) refers to rt_list.o(i.os_put_rdy_first) for os_put_rdy_first
    rt_system.o(i.os_resume) refers to rt_list.o(i.os_dec_dly) for os_dec_dly
    rt_system.o(i.os_resume) refers to rt_timer.o(i.os_tmr_tick) for os_tmr_tick
    rt_system.o(i.os_resume) refers to rt_task.o(i.os_dispatch) for os_dispatch
    rt_system.o(i.os_resume) refers to rtx_config.o(.text) for tsk_unlock
    rt_system.o(i.os_resume) refers to rt_task.o(.data) for os_runtask
    rt_system.o(i.os_resume) refers to rt_robin.o(.data) for os_robin
    rt_system.o(i.os_resume) refers to rt_list.o(.bss) for os_dly
    rt_system.o(i.os_resume) refers to rt_time.o(.data) for os_time
    rt_system.o(i.os_resume) refers to rt_timer.o(.data) for os_tmr
    rt_system.o(i.os_suspend) refers to rt_list.o(.bss) for os_dly
    rt_system.o(i.os_suspend) refers to rt_timer.o(.data) for os_tmr
    rt_system.o(i.os_sys_manager) refers to rt_list.o(i.os_put_rdy_first) for os_put_rdy_first
    rt_system.o(i.os_sys_manager) refers to rtx_config.o(.text) for os_tmr_inspect_cnt
    rt_system.o(i.os_sys_manager) refers to rt_robin.o(i.os_chk_robin) for os_chk_robin
    rt_system.o(i.os_sys_manager) refers to rt_list.o(i.os_dec_dly) for os_dec_dly
    rt_system.o(i.os_sys_manager) refers to rt_semaphore.o(i.os_sem_psh) for os_sem_psh
    rt_system.o(i.os_sys_manager) refers to hal_arm.o(.emb_text) for _dec_qc
    rt_system.o(i.os_sys_manager) refers to rt_timer.o(i.os_tmr_tick) for os_tmr_tick
    rt_system.o(i.os_sys_manager) refers to hal_arm.o(i.os_stk_check) for os_stk_check
    rt_system.o(i.os_sys_manager) refers to rt_list.o(i.os_get_first) for os_get_first
    rt_system.o(i.os_sys_manager) refers to rt_event.o(i.os_evt_psh) for os_evt_psh
    rt_system.o(i.os_sys_manager) refers to rt_mailbox.o(i.os_mbx_psh) for os_mbx_psh
    rt_system.o(i.os_sys_manager) refers to rt_task.o(.data) for os_runtask
    rt_system.o(i.os_sys_manager) refers to rt_system.o(.data) for .data
    rt_system.o(i.os_sys_manager) refers to rt_time.o(.data) for os_time
    rt_system.o(i.os_sys_manager) refers to rtx_config.o(.bss) for os_fifo
    rt_system.o(i.os_sys_manager) refers to rt_list.o(.bss) for os_rdy
    rt_list.o(i.os_dec_dly) refers to rt_list.o(i.os_put_prio) for os_put_prio
    rt_list.o(i.os_dec_dly) refers to rt_list.o(.bss) for .bss
    rt_list.o(i.os_dec_dly) refers to rt_time.o(.data) for os_time
    rt_list.o(i.os_get_same_rdy_prio) refers to rt_list.o(.bss) for .bss
    rt_list.o(i.os_get_same_rdy_prio) refers to rt_task.o(.data) for os_runtask
    rt_list.o(i.os_psq_enq) refers to hal_arm.o(.emb_text) for _inc_qi
    rt_list.o(i.os_psq_enq) refers to rtx_config.o(.text) for os_error
    rt_list.o(i.os_psq_enq) refers to rtx_config.o(.bss) for os_fifo
    rt_list.o(i.os_put_dly) refers to rt_list.o(.bss) for .bss
    rt_list.o(i.os_put_rdy_first) refers to rt_list.o(.bss) for .bss
    rt_list.o(i.os_resort_prio) refers to rt_list.o(i.os_rmv_list) for os_rmv_list
    rt_list.o(i.os_resort_prio) refers to rt_list.o(i.os_put_prio) for os_put_prio
    rt_list.o(i.os_resort_prio) refers to rt_list.o(.bss) for .bss
    rt_list.o(i.os_rmv_list) refers to rt_list.o(.bss) for .bss
    rt_robin.o(i.os_chk_robin) refers to rt_list.o(i.os_get_first) for os_get_first
    rt_robin.o(i.os_chk_robin) refers to rt_list.o(i.os_put_prio) for os_put_prio
    rt_robin.o(i.os_chk_robin) refers to rt_robin.o(.data) for .data
    rt_robin.o(i.os_chk_robin) refers to rt_list.o(.bss) for os_rdy
    rt_robin.o(i.os_chk_robin) refers to rt_time.o(.data) for os_time
    rt_robin.o(i.os_init_robin) refers to rt_robin.o(.data) for .data
    rt_robin.o(i.os_init_robin) refers to rtx_config.o(.constdata) for os_rrobin
    swi_table.o(SWI_TABLE) refers to hal_arm.o(i.__SWI_0) for __SWI_0
    swi_table.o(SWI_TABLE) refers to rt_membox.o(i.__SWI_1) for __SWI_1
    swi_table.o(SWI_TABLE) refers to rt_membox.o(i.__SWI_2) for __SWI_2
    swi_table.o(SWI_TABLE) refers to hal_arm.o(i.__SWI_3) for __SWI_3
    swi_table.o(SWI_TABLE) refers to hal_arm.o(i.__SWI_4) for __SWI_4
    swi_table.o(SWI_TABLE) refers to rtx_config.o(.text) for __SWI_5
    swi_table.o(SWI_TABLE) refers to hal_arm.o(i.__SWI_6) for __SWI_6
    swi_table.o(SWI_TABLE) refers to hal_arm.o(i.__SWI_7) for __SWI_7
    rt_time.o(i.os_dly_wait) refers to rt_task.o(i.os_block) for os_block
    rt_time.o(i.os_dly_wait) refers to rtx_config.o(.text) for tsk_unlock
    rt_time.o(i.os_itv_set) refers to rt_task.o(.data) for os_runtask
    rt_time.o(i.os_itv_set) refers to rt_time.o(.data) for .data
    rt_time.o(i.os_itv_wait) refers to rt_task.o(i.os_block) for os_block
    rt_time.o(i.os_itv_wait) refers to rtx_config.o(.text) for tsk_unlock
    rt_time.o(i.os_itv_wait) refers to rt_task.o(.data) for os_runtask
    rt_time.o(i.os_itv_wait) refers to rt_time.o(.data) for .data
    rt_time.o(i.os_time_get) refers to rt_time.o(.data) for .data
    rt_mailbox.o(i.isr_mbx_receive) refers to rt_list.o(i.os_psq_enq) for os_psq_enq
    rt_mailbox.o(i.isr_mbx_receive) refers to rt_system.o(i.os_psh_req) for os_psh_req
    rt_mailbox.o(i.isr_mbx_send) refers to rt_list.o(i.os_psq_enq) for os_psq_enq
    rt_mailbox.o(i.isr_mbx_send) refers to rt_system.o(i.os_psh_req) for os_psh_req
    rt_mailbox.o(i.os_mbx_init) refers to rtx_config.o(.text) for tsk_unlock
    rt_mailbox.o(i.os_mbx_psh) refers to rt_list.o(i.os_get_first) for os_get_first
    rt_mailbox.o(i.os_mbx_psh) refers to rt_list.o(i.os_rmv_dly) for os_rmv_dly
    rt_mailbox.o(i.os_mbx_psh) refers to rt_list.o(i.os_put_prio) for os_put_prio
    rt_mailbox.o(i.os_mbx_psh) refers to rtx_config.o(.text) for os_error
    rt_mailbox.o(i.os_mbx_psh) refers to rt_list.o(.bss) for os_rdy
    rt_mailbox.o(i.os_mbx_send) refers to rt_list.o(i.os_put_prio) for os_put_prio
    rt_mailbox.o(i.os_mbx_send) refers to rt_list.o(i.os_get_first) for os_get_first
    rt_mailbox.o(i.os_mbx_send) refers to rt_list.o(i.os_rmv_dly) for os_rmv_dly
    rt_mailbox.o(i.os_mbx_send) refers to rt_task.o(i.os_dispatch) for os_dispatch
    rt_mailbox.o(i.os_mbx_send) refers to rt_task.o(i.os_block) for os_block
    rt_mailbox.o(i.os_mbx_send) refers to rtx_config.o(.text) for tsk_unlock
    rt_mailbox.o(i.os_mbx_send) refers to rt_task.o(.data) for os_runtask
    rt_mailbox.o(i.os_mbx_wait) refers to rt_list.o(i.os_get_first) for os_get_first
    rt_mailbox.o(i.os_mbx_wait) refers to rt_list.o(i.os_rmv_dly) for os_rmv_dly
    rt_mailbox.o(i.os_mbx_wait) refers to rt_task.o(i.os_dispatch) for os_dispatch
    rt_mailbox.o(i.os_mbx_wait) refers to rtx_config.o(.text) for tsk_unlock
    rt_mailbox.o(i.os_mbx_wait) refers to rt_list.o(i.os_put_prio) for os_put_prio
    rt_mailbox.o(i.os_mbx_wait) refers to rt_task.o(i.os_block) for os_block
    rt_mailbox.o(i.os_mbx_wait) refers to rt_task.o(.data) for os_runtask
    rt_semaphore.o(i.isr_sem_send) refers to rt_list.o(i.os_psq_enq) for os_psq_enq
    rt_semaphore.o(i.isr_sem_send) refers to rt_system.o(i.os_psh_req) for os_psh_req
    rt_semaphore.o(i.os_sem_init) refers to rtx_config.o(.text) for tsk_unlock
    rt_semaphore.o(i.os_sem_psh) refers to rt_list.o(i.os_get_first) for os_get_first
    rt_semaphore.o(i.os_sem_psh) refers to rt_list.o(i.os_rmv_dly) for os_rmv_dly
    rt_semaphore.o(i.os_sem_psh) refers to rt_list.o(i.os_put_prio) for os_put_prio
    rt_semaphore.o(i.os_sem_psh) refers to rt_list.o(.bss) for os_rdy
    rt_semaphore.o(i.os_sem_send) refers to rt_list.o(i.os_get_first) for os_get_first
    rt_semaphore.o(i.os_sem_send) refers to rt_list.o(i.os_rmv_dly) for os_rmv_dly
    rt_semaphore.o(i.os_sem_send) refers to rt_task.o(i.os_dispatch) for os_dispatch
    rt_semaphore.o(i.os_sem_send) refers to rtx_config.o(.text) for tsk_unlock
    rt_semaphore.o(i.os_sem_wait) refers to rtx_config.o(.text) for tsk_unlock
    rt_semaphore.o(i.os_sem_wait) refers to rt_list.o(i.os_put_prio) for os_put_prio
    rt_semaphore.o(i.os_sem_wait) refers to rt_task.o(i.os_block) for os_block
    rt_semaphore.o(i.os_sem_wait) refers to rt_task.o(.data) for os_runtask
    rt_timer.o(i.os_tmr_create) refers to rtx_config.o(.text) for tsk_unlock
    rt_timer.o(i.os_tmr_create) refers to rtx_config.o(.data) for m_tmr
    rt_timer.o(i.os_tmr_create) refers to rt_timer.o(.data) for .data
    rt_timer.o(i.os_tmr_kill) refers to rtx_config.o(.text) for tsk_unlock
    rt_timer.o(i.os_tmr_kill) refers to rt_timer.o(.data) for .data
    rt_timer.o(i.os_tmr_kill) refers to rtx_config.o(.data) for m_tmr
    rt_timer.o(i.os_tmr_tick) refers to rtx_config.o(.text) for os_tmr_call
    rt_timer.o(i.os_tmr_tick) refers to rt_timer.o(.data) for .data
    rt_timer.o(i.os_tmr_tick) refers to rtx_config.o(.data) for m_tmr
    ceil.o(i.__softfp_ceil) refers (Special) to iusefp.o(.text) for __I$use$fp
    ceil.o(i.__softfp_ceil) refers to ceil.o(i.ceil) for ceil
    ceil.o(i.ceil) refers (Special) to iusefp.o(.text) for __I$use$fp
    ceil.o(i.ceil) refers to dadd.o(.text) for __aeabi_dadd
    ceil.o(i.ceil) refers to cdrcmple.o(.text) for __aeabi_cdrcmple
    entry.o(.ARM.Collect$$$$00000000) refers (Special) to entry10a.o(.ARM.Collect$$$$0000000D) for __rt_final_cpp
    entry.o(.ARM.Collect$$$$00000000) refers (Special) to entry11a.o(.ARM.Collect$$$$0000000F) for __rt_final_exit
    entry.o(.ARM.Collect$$$$00000000) refers (Special) to entry7b.o(.ARM.Collect$$$$00000008) for _main_clock
    entry.o(.ARM.Collect$$$$00000000) refers (Special) to entry8b.o(.ARM.Collect$$$$0000000A) for _main_cpp_init
    entry.o(.ARM.Collect$$$$00000000) refers (Special) to entry9a.o(.ARM.Collect$$$$0000000B) for _main_init
    entry.o(.ARM.Collect$$$$00000000) refers (Special) to entry5.o(.ARM.Collect$$$$00000004) for _main_scatterload
    entry.o(.ARM.Collect$$$$00000000) refers (Special) to entry2.o(.ARM.Collect$$$$00000001) for _main_stk
    fadd.o(.text) refers (Special) to iusefp.o(.text) for __I$use$fp
    fadd.o(.text) refers to fepilogue.o(.text) for _float_epilogue
    fmul.o(.text) refers (Special) to iusefp.o(.text) for __I$use$fp
    fdiv.o(.text) refers (Special) to iusefp.o(.text) for __I$use$fp
    fdiv.o(.text) refers to fepilogue.o(.text) for _float_round
    fscalb.o(.text) refers (Special) to iusefp.o(.text) for __I$use$fp
    ffltui.o(.text) refers (Special) to iusefp.o(.text) for __I$use$fp
    ffltui.o(.text) refers to fepilogue.o(.text) for _float_epilogue
    ffixui.o(.text) refers (Special) to iusefp.o(.text) for __I$use$fp
    dfixui.o(.text) refers (Special) to iusefp.o(.text) for __I$use$fp
    dfixui.o(.text) refers to llushr.o(.text) for __aeabi_llsr
    f2d.o(.text) refers (Special) to iusefp.o(.text) for __I$use$fp
    entry2.o(.ARM.Collect$$$$00000001) refers to entry2.o(.ARM.Collect$$$$00002712) for __lit__00000000
    entry2.o(.ARM.Collect$$$$00002712) refers to lpc2300.o(STACK) for __initial_sp
    entry5.o(.ARM.Collect$$$$00000004) refers to init.o(.text) for __scatterload
    entry9a.o(.ARM.Collect$$$$0000000B) refers to speedcontrol.o(.text) for main
    entry9b.o(.ARM.Collect$$$$0000000C) refers to speedcontrol.o(.text) for main
    dadd.o(.text) refers to llshl.o(.text) for __aeabi_llsl
    dadd.o(.text) refers to llsshr.o(.text) for __aeabi_lasr
    dadd.o(.text) refers to depilogue.o(.text) for _double_epilogue
    init.o(.text) refers to init.o(i.__ARM_common_call_via_r3) for __ARM_common_call_via_r3
    init.o(.text) refers to entry5.o(.ARM.Collect$$$$00000004) for __main_after_scatterload
    depilogue.o(.text) refers to depilogue.o(i.__ARM_clz) for __ARM_clz
    depilogue.o(.text) refers to llshl.o(.text) for __aeabi_llsl
    depilogue.o(.text) refers to llushr.o(.text) for __aeabi_llsr


==============================================================================

Removing Unused input sections from the image.

    Removing lpc2300.o(HEAP), (0 bytes).
    Removing rt_task.o(i.os_tsk_create_ex0), (12 bytes).
    Removing rt_task.o(i.os_tsk_pass), (52 bytes).
    Removing rt_task.o(i.os_tsk_prio), (144 bytes).
    Removing rt_task.o(i.os_tsk_self), (16 bytes).
    Removing rt_event.o(i.os_evt_clr), (40 bytes).
    Removing rt_event.o(i.os_evt_get), (12 bytes).
    Removing rt_event.o(i.os_evt_set), (100 bytes).
    Removing rt_system.o(.emb_text), (0 bytes).
    Removing rt_system.o(i.os_resume), (168 bytes).
    Removing rt_system.o(i.os_suspend), (52 bytes).
    Removing rt_list.o(i.os_get_same_rdy_prio), (36 bytes).
    Removing rt_list.o(i.os_resort_prio), (52 bytes).
    Removing rt_membox.o(i._calloc_box), (34 bytes).
    Removing rt_time.o(i.os_dly_wait), (24 bytes).
    Removing rt_time.o(i.os_itv_set), (24 bytes).
    Removing rt_time.o(i.os_itv_wait), (56 bytes).
    Removing rt_time.o(i.os_time_get), (12 bytes).
    Removing rt_mailbox.o(i.isr_mbx_receive), (76 bytes).
    Removing rt_mailbox.o(i.isr_mbx_send), (16 bytes).
    Removing rt_mailbox.o(i.os_mbx_check), (8 bytes).
    Removing rt_mailbox.o(i.os_mbx_init), (48 bytes).
    Removing rt_mailbox.o(i.os_mbx_send), (164 bytes).
    Removing rt_mailbox.o(i.os_mbx_wait), (160 bytes).
    Removing rt_semaphore.o(i.isr_sem_send), (18 bytes).
    Removing rt_semaphore.o(i.os_sem_init), (28 bytes).
    Removing rt_semaphore.o(i.os_sem_send), (58 bytes).
    Removing rt_semaphore.o(i.os_sem_wait), (96 bytes).
    Removing rt_timer.o(i.os_tmr_create), (92 bytes).
    Removing rt_timer.o(i.os_tmr_kill), (72 bytes).

30 unused section(s) (total 1670 bytes) removed from the image.

==============================================================================

Adding Veneers to the image

    Adding AT veneer (8 bytes, Inline) for call to 'LED_On' from speedcontrol.o(.text).
    Adding AT veneer (8 bytes, Inline) for call to '__aeabi_dadd' from ceil.o(i.ceil).
    Adding AT veneer (8 bytes, Inline) for call to '__aeabi_cdrcmple' from ceil.o(i.ceil).
    Adding AT veneer (8 bytes, Inline) for call to '__scatterload' from entry5.o(.ARM.Collect$$$$00000004).
    Adding AT veneer (12 bytes, Long) for call to 'LED_Off' from speedcontrol.o(.text).
    Adding TA veneer (8 bytes, Short) for call to '__main_after_scatterload' from init.o(.text).
    Adding AT veneer (12 bytes, Long) for call to '__aeabi_drsub' from ceil.o(i.ceil).
    Adding TA veneer (4 bytes, Inline) for call to 'ceil' from speedcontrol.o(.text).
    Adding AT veneer (8 bytes, Inline) for call to 'isr_evt_set' from speedcontrol.o(.text).

9 Veneer(s) (total 76 bytes) added to the image.

==============================================================================

Image Symbol Table

    Local Symbols

    Symbol Name                              Value     Ov Type        Size  Object(Section)

    RESET                                    0x00000000   Section      352  lpc2300.o(RESET)
    ../clib/microlib/division.c              0x00000000   Number         0  uidiv.o ABSOLUTE
    ../clib/microlib/init/entry.s            0x00000000   Number         0  entry10b.o ABSOLUTE
    ../clib/microlib/init/entry.s            0x00000000   Number         0  entry5.o ABSOLUTE
    ../clib/microlib/init/entry.s            0x00000000   Number         0  entry11b.o ABSOLUTE
    ../clib/microlib/init/entry.s            0x00000000   Number         0  entry.o ABSOLUTE
    ../clib/microlib/init/entry.s            0x00000000   Number         0  entry7a.o ABSOLUTE
    ../clib/microlib/init/entry.s            0x00000000   Number         0  entry7b.o ABSOLUTE
    ../clib/microlib/init/entry.s            0x00000000   Number         0  entry2.o ABSOLUTE
    ../clib/microlib/init/entry.s            0x00000000   Number         0  entry11a.o ABSOLUTE
    ../clib/microlib/init/entry.s            0x00000000   Number         0  entry8a.o ABSOLUTE
    ../clib/microlib/init/entry.s            0x00000000   Number         0  entry8b.o ABSOLUTE
    ../clib/microlib/init/entry.s            0x00000000   Number         0  entry9a.o ABSOLUTE
    ../clib/microlib/init/entry.s            0x00000000   Number         0  entry9b.o ABSOLUTE
    ../clib/microlib/init/entry.s            0x00000000   Number         0  entry10a.o ABSOLUTE
    ../clib/microlib/longlong.c              0x00000000   Number         0  llushr.o ABSOLUTE
    ../clib/microlib/longlong.c              0x00000000   Number         0  llsshr.o ABSOLUTE
    ../clib/microlib/longlong.c              0x00000000   Number         0  llshl.o ABSOLUTE
    ../clib/microlib/stubs.s                 0x00000000   Number         0  iusefp.o ABSOLUTE
    ../fplib/microlib/f2d.c                  0x00000000   Number         0  f2d.o ABSOLUTE
    ../fplib/microlib/fpadd.c                0x00000000   Number         0  dadd.o ABSOLUTE
    ../fplib/microlib/fpadd.c                0x00000000   Number         0  fadd.o ABSOLUTE
    ../fplib/microlib/fpdiv.c                0x00000000   Number         0  fdiv.o ABSOLUTE
    ../fplib/microlib/fpepilogue.c           0x00000000   Number         0  fepilogue.o ABSOLUTE
    ../fplib/microlib/fpepilogue.c           0x00000000   Number         0  depilogue.o ABSOLUTE
    ../fplib/microlib/fpfix.c                0x00000000   Number         0  dfixui.o ABSOLUTE
    ../fplib/microlib/fpfix.c                0x00000000   Number         0  ffixui.o ABSOLUTE
    ../fplib/microlib/fpflt.c                0x00000000   Number         0  ffltui.o ABSOLUTE
    ../fplib/microlib/fpmul.c                0x00000000   Number         0  fmul.o ABSOLUTE
    ../fplib/microlib/fpscalb.c              0x00000000   Number         0  fscalb.o ABSOLUTE
    ../mathlib/ceil.c                        0x00000000   Number         0  ceil.o ABSOLUTE
    LPC2300.s                                0x00000000   Number         0  lpc2300.o ABSOLUTE
    RTX_Config.c                             0x00000000   Number         0  rtx_config.o ABSOLUTE
    SRC\ARM\HAL_ARM.c                        0x00000000   Number         0  hal_arm.o ABSOLUTE
    SRC\ARM\SWI_Table.s                      0x00000000   Number         0  swi_table.o ABSOLUTE
    SRC\ARM\rt_Event.c                       0x00000000   Number         0  rt_event.o ABSOLUTE
    SRC\ARM\rt_List.c                        0x00000000   Number         0  rt_list.o ABSOLUTE
    SRC\ARM\rt_Mailbox.c                     0x00000000   Number         0  rt_mailbox.o ABSOLUTE
    SRC\ARM\rt_MemBox.c                      0x00000000   Number         0  rt_membox.o ABSOLUTE
    SRC\ARM\rt_Robin.c                       0x00000000   Number         0  rt_robin.o ABSOLUTE
    SRC\ARM\rt_Semaphore.c                   0x00000000   Number         0  rt_semaphore.o ABSOLUTE
    SRC\ARM\rt_System.c                      0x00000000   Number         0  rt_system.o ABSOLUTE
    SRC\ARM\rt_Task.c                        0x00000000   Number         0  rt_task.o ABSOLUTE
    SRC\ARM\rt_Time.c                        0x00000000   Number         0  rt_time.o ABSOLUTE
    SRC\ARM\rt_Timer.c                       0x00000000   Number         0  rt_timer.o ABSOLUTE
    SRC\\ARM\\HAL_ARM.c                      0x00000000   Number         0  hal_arm.o ABSOLUTE
    SRC\\ARM\\rt_System.c                    0x00000000   Number         0  rt_system.o ABSOLUTE
    Serial.c                                 0x00000000   Number         0  serial.o ABSOLUTE
    SpeedControl.c                           0x00000000   Number         0  speedcontrol.o ABSOLUTE
    cdrcmple.s                               0x00000000   Number         0  cdrcmple.o ABSOLUTE
    dc.s                                     0x00000000   Number         0  dc.o ABSOLUTE
    handlers.s                               0x00000000   Number         0  handlers.o ABSOLUTE
    init.s                                   0x00000000   Number         0  init.o ABSOLUTE
    motor.c                                  0x00000000   Number         0  motor.o ABSOLUTE
    Undef_Handler                            0x00000040   ARM Code       4  lpc2300.o(RESET)
    PAbt_Handler                             0x00000044   ARM Code       4  lpc2300.o(RESET)
    DAbt_Handler                             0x00000048   ARM Code       4  lpc2300.o(RESET)
    IRQ_Handler                              0x0000004c   ARM Code       4  lpc2300.o(RESET)
    FIQ_Handler                              0x00000050   ARM Code       4  lpc2300.o(RESET)
    .ARM.Collect$$$$00000000                 0x00000160   Section        0  entry.o(.ARM.Collect$$$$00000000)
    .ARM.Collect$$$$00000001                 0x00000160   Section        4  entry2.o(.ARM.Collect$$$$00000001)
    .ARM.Collect$$$$00000004                 0x00000164   Section        4  entry5.o(.ARM.Collect$$$$00000004)
    .ARM.Collect$$$$00000008                 0x00000168   Section        0  entry7b.o(.ARM.Collect$$$$00000008)
    .ARM.Collect$$$$0000000A                 0x00000168   Section        0  entry8b.o(.ARM.Collect$$$$0000000A)
    .ARM.Collect$$$$0000000B                 0x00000168   Section       12  entry9a.o(.ARM.Collect$$$$0000000B)
    .ARM.Collect$$$$0000000D                 0x00000174   Section        0  entry10a.o(.ARM.Collect$$$$0000000D)
    .ARM.Collect$$$$0000000F                 0x00000174   Section        0  entry11a.o(.ARM.Collect$$$$0000000F)
    .ARM.Collect$$$$00002712                 0x00000174   Section        4  entry2.o(.ARM.Collect$$$$00002712)
    __lit__00000000                          0x00000174   Data           4  entry2.o(.ARM.Collect$$$$00002712)
    .emb_text                                0x00000178   Section      516  hal_arm.o(.emb_text)
    Switch_task                              0x000002f4   ARM Code       0  hal_arm.o(.emb_text)
    .text                                    0x00000384   Section        0  speedcontrol.o(.text)
    .text                                    0x000008c8   Section        0  speedcontrol.o(.text)
    .text                                    0x000009d0   Section        0  motor.o(.text)
    .text                                    0x00000d0c   Section        0  serial.o(.text)
    .text                                    0x00000da0   Section        0  rtx_config.o(.text)
    .text                                    0x00000e24   Section        0  uidiv.o(.text)
    .text                                    0x00000e52   Section        0  fadd.o(.text)
    .text                                    0x00000f0c   Section        0  fmul.o(.text)
    .text                                    0x00000f8a   Section        0  fdiv.o(.text)
    .text                                    0x0000100a   Section        0  fscalb.o(.text)
    .text                                    0x00001022   Section        0  ffltui.o(.text)
    .text                                    0x00001034   Section        0  ffixui.o(.text)
    .text                                    0x0000105c   Section        0  dfixui.o(.text)
    .text                                    0x0000109c   Section        0  f2d.o(.text)
    .text                                    0x000010c4   Section        0  llushr.o(.text)
    .text                                    0x000010e8   Section        0  fepilogue.o(.text)
    .text                                    0x000010e8   Section        0  iusefp.o(.text)
    .text                                    0x00001174   Section        0  dadd.o(.text)
    .text                                    0x000012e4   Section       40  cdrcmple.o(.text)
    .text                                    0x00001314   Section       32  init.o(.text)
    .text                                    0x00001334   Section        0  llshl.o(.text)
    .text                                    0x00001356   Section        0  llsshr.o(.text)
    .text                                    0x0000137e   Section        0  depilogue.o(.text)
    SWI_TABLE                                0x00001444   Section       36  swi_table.o(SWI_TABLE)
    i.__ARM_clz                              0x00001488   Section        0  depilogue.o(i.__ARM_clz)
    i.__ARM_common_call_via_r3               0x000014b6   Section        2  init.o(i.__ARM_common_call_via_r3)
    i.__SWI_0                                0x000014b8   Section        0  hal_arm.o(i.__SWI_0)
    i.__SWI_1                                0x000014ec   Section        0  rt_membox.o(i.__SWI_1)
    i.__SWI_2                                0x000014fa   Section        0  rt_membox.o(i.__SWI_2)
    i.__SWI_3                                0x00001512   Section        0  hal_arm.o(i.__SWI_3)
    i.__SWI_4                                0x0000151a   Section        0  hal_arm.o(i.__SWI_4)
    i.__SWI_6                                0x00001522   Section        0  hal_arm.o(i.__SWI_6)
    i.__SWI_7                                0x00001524   Section        0  hal_arm.o(i.__SWI_7)
    i.__scatterload_copy                     0x00001528   Section       28  handlers.o(i.__scatterload_copy)
    i.__scatterload_null                     0x00001544   Section        4  handlers.o(i.__scatterload_null)
    i.__scatterload_zeroinit                 0x00001548   Section       24  handlers.o(i.__scatterload_zeroinit)
    i._init_box                              0x00001560   Section        0  rt_membox.o(i._init_box)
    i.ceil                                   0x000015b0   Section        0  ceil.o(i.ceil)
    i.isr_evt_set                            0x00001708   Section        0  rt_event.o(i.isr_evt_set)
    i.os_block                               0x00001730   Section        0  rt_task.o(i.os_block)
    i.os_chk_robin                           0x00001778   Section        0  rt_robin.o(i.os_chk_robin)
    i.os_dec_dly                             0x000017c0   Section        0  rt_list.o(i.os_dec_dly)
    i.os_dispatch                            0x0000183c   Section        0  rt_task.o(i.os_dispatch)
    i.os_evt_psh                             0x00001880   Section        0  rt_event.o(i.os_evt_psh)
    i.os_evt_wait                            0x000018d0   Section        0  rt_event.o(i.os_evt_wait)
    i.os_get_first                           0x00001930   Section        0  rt_list.o(i.os_get_first)
    i.os_init_context                        0x0000195c   Section        0  rt_task.o(i.os_init_context)
    os_init_context                          0x0000195d   Thumb Code    70  rt_task.o(i.os_init_context)
    i.os_init_robin                          0x000019a8   Section        0  rt_robin.o(i.os_init_robin)
    i.os_init_stack                          0x000019c0   Section        0  hal_arm.o(i.os_init_stack)
    i.os_mbx_psh                             0x00001a34   Section        0  rt_mailbox.o(i.os_mbx_psh)
    i.os_psh_req                             0x00001ac4   Section        0  rt_system.o(i.os_psh_req)
    i.os_psq_enq                             0x00001af8   Section        0  rt_list.o(i.os_psq_enq)
    i.os_put_dly                             0x00001b2c   Section        0  rt_list.o(i.os_put_dly)
    i.os_put_prio                            0x00001b7c   Section        0  rt_list.o(i.os_put_prio)
    i.os_put_rdy_first                       0x00001bbc   Section        0  rt_list.o(i.os_put_rdy_first)
    i.os_rmv_dly                             0x00001bd0   Section        0  rt_list.o(i.os_rmv_dly)
    i.os_rmv_list                            0x00001bfc   Section        0  rt_list.o(i.os_rmv_list)
    i.os_sem_psh                             0x00001c30   Section        0  rt_semaphore.o(i.os_sem_psh)
    i.os_stk_check                           0x00001c68   Section        0  hal_arm.o(i.os_stk_check)
    i.os_sys_init1                           0x00001c98   Section        0  rt_task.o(i.os_sys_init1)
    i.os_sys_manager                         0x00001d80   Section        0  rt_system.o(i.os_sys_manager)
    i.os_tmr_tick                            0x00001e4c   Section        0  rt_timer.o(i.os_tmr_tick)
    i.os_tsk_create0                         0x00001e90   Section        0  rt_task.o(i.os_tsk_create0)
    i.os_tsk_delete                          0x00001f20   Section        0  rt_task.o(i.os_tsk_delete)
    .constdata                               0x00002070   Section       11  serial.o(.constdata)
    dec                                      0x00002070   Data          11  serial.o(.constdata)
    .constdata                               0x0000207c   Section        2  rtx_config.o(.constdata)
    .constdata                               0x00002080   Section        4  rtx_config.o(.constdata)
    .constdata                               0x00002084   Section        4  rtx_config.o(.constdata)
    .constdata                               0x00002088   Section        8  rtx_config.o(.constdata)
    __tagsym$$used                           0x00002088   Number         0  rtx_config.o(.constdata)
    __tagsym$$used                           0x0000208c   Number         0  rtx_config.o(.constdata)
    .constdata                               0x00002090   Section        2  rtx_config.o(.constdata)
    .constdata                               0x00002094   Section        4  rtx_config.o(.constdata)
    .constdata                               0x00002098   Section        1  rtx_config.o(.constdata)
    .constdata                               0x0000209a   Section        2  rtx_config.o(.constdata)
    .constdata                               0x0000209c   Section        4  rt_system.o(.constdata)
    __tagsym$$used                           0x0000209c   Number         0  rt_system.o(.constdata)
    .data                                    0x40000000   Section      148  speedcontrol.o(.data)
    M1step                                   0x40000000   Data           4  speedcontrol.o(.data)
    M2step                                   0x40000004   Data           4  speedcontrol.o(.data)
    M3step                                   0x40000008   Data           4  speedcontrol.o(.data)
    M1temp0                                  0x40000010   Data           4  speedcontrol.o(.data)
    M1temp1                                  0x40000014   Data           4  speedcontrol.o(.data)
    M1temp3                                  0x40000018   Data           4  speedcontrol.o(.data)
    M1denom                                  0x4000001c   Data           4  speedcontrol.o(.data)
    M2temp0                                  0x40000038   Data           4  speedcontrol.o(.data)
    M2temp1                                  0x4000003c   Data           4  speedcontrol.o(.data)
    M2temp3                                  0x40000040   Data           4  speedcontrol.o(.data)
    M2denom                                  0x40000044   Data           4  speedcontrol.o(.data)
    M3temp0                                  0x40000060   Data           4  speedcontrol.o(.data)
    M3temp1                                  0x40000064   Data           4  speedcontrol.o(.data)
    M3temp3                                  0x40000068   Data           4  speedcontrol.o(.data)
    M3denom                                  0x4000006c   Data           4  speedcontrol.o(.data)
    .data                                    0x40000094   Section        4  speedcontrol.o(.data)
    .data                                    0x40000098   Section        4  speedcontrol.o(.data)
    .data                                    0x4000009c   Section        4  speedcontrol.o(.data)
    .data                                    0x400000a0   Section        4  speedcontrol.o(.data)
    .data                                    0x400000a4   Section        4  speedcontrol.o(.data)
    .data                                    0x400000a8   Section        4  speedcontrol.o(.data)
    .data                                    0x400000ac   Section        4  rtx_config.o(.data)
    .data                                    0x400000b0   Section        4  rt_task.o(.data)
    .data                                    0x400000b4   Section        4  hal_arm.o(.data)
    .data                                    0x400000b8   Section        1  hal_arm.o(.data)
    .data                                    0x400000bc   Section        8  rt_system.o(.data)
    .data                                    0x400000c4   Section        8  rt_robin.o(.data)
    .data                                    0x400000cc   Section        4  rt_time.o(.data)
    .data                                    0x400000d0   Section        8  rt_timer.o(.data)
    .bss                                     0x400000d8   Section      404  rtx_config.o(.bss)
    .bss                                     0x40000270   Section     1416  rtx_config.o(.bss)
    .bss                                     0x400007f8   Section      132  rtx_config.o(.bss)
    .bss                                     0x4000087c   Section       28  rtx_config.o(.bss)
    .bss                                     0x40000898   Section       56  rt_task.o(.bss)
    .bss                                     0x400008d0   Section       48  rt_list.o(.bss)
    STACK                                    0x40000900   Section      240  lpc2300.o(STACK)
    Stack_Top                                0x400009f0   Data           0  lpc2300.o(STACK)

    Global Symbols

    Symbol Name                              Value     Ov Type        Size  Object(Section)

    BuildAttributes$$THM_ISAv1$ARM_ISAv4$S$PE$A:L22$X:L11$S22$IEEE1$IW$USESV6$~STKCKD$USESV7$~SHL$OTIME$ROPI$IEEEJ$EBA8$MICROLIB$REQ8$EABIv2 0x00000000   Number         0  anon$$obj.o ABSOLUTE
    __ARM_use_no_argv                        0x00000000   Number         0  speedcontrol.o ABSOLUTE
    __cpp_initialize__aeabi_                  - Undefined Weak Reference
    __cxa_finalize                            - Undefined Weak Reference
    __decompress                              - Undefined Weak Reference
    _clock_init                               - Undefined Weak Reference
    _microlib_exit                            - Undefined Weak Reference
    os_tmr_reload                             - Undefined Weak Reference
    rt_init                                   - Undefined Weak Reference
    rt_notify                                 - Undefined Weak Reference
    rt_post_taskswitch                        - Undefined Weak Reference
    Reset_Handler                            0x00000054   ARM Code       0  lpc2300.o(RESET)
    __main                                   0x00000160   ARM Code       0  entry.o(.ARM.Collect$$$$00000000)
    _main_stk                                0x00000160   ARM Code       0  entry2.o(.ARM.Collect$$$$00000001)
    _main_scatterload                        0x00000164   ARM Code       0  entry5.o(.ARM.Collect$$$$00000004)
    __main_after_scatterload                 0x00000168   ARM Code       0  entry5.o(.ARM.Collect$$$$00000004)
    _main_clock                              0x00000168   ARM Code       0  entry7b.o(.ARM.Collect$$$$00000008)
    _main_cpp_init                           0x00000168   ARM Code       0  entry8b.o(.ARM.Collect$$$$0000000A)
    _main_init                               0x00000168   ARM Code       0  entry9a.o(.ARM.Collect$$$$0000000B)
    __rt_final_cpp                           0x00000174   ARM Code       0  entry10a.o(.ARM.Collect$$$$0000000D)
    __rt_final_exit                          0x00000174   ARM Code       0  entry11a.o(.ARM.Collect$$$$0000000F)
    _inc_qi                                  0x00000179   Thumb Code    60  hal_arm.o(.emb_text)
    _dec_qc                                  0x000001b5   Thumb Code    32  hal_arm.o(.emb_text)
    os_set_env                               0x000001d5   Thumb Code     8  hal_arm.o(.emb_text)
    os_sys_init0                             0x000001dd   Thumb Code    32  hal_arm.o(.emb_text)
    os_sys_run                               0x00000209   Thumb Code    16  hal_arm.o(.emb_text)
    os_clock_interrupt                       0x0000021c   ARM Code     128  hal_arm.o(.emb_text)
    os_sys_manager_ret                       0x00000289   Thumb Code     0  hal_arm.o(.emb_text)
    SWI_Handler                              0x000002b0   ARM Code     196  hal_arm.o(.emb_text)
    os_switch_tasks_ret                      0x000002ed   Thumb Code     0  hal_arm.o(.emb_text)
    Inline ARM to Thumb Veneer to LED_On     0x0000037c   ARM Code       8  speedcontrol.o(.text)
    LED_Init                                 0x00000385   Thumb Code    16  speedcontrol.o(.text)
    LED_On                                   0x00000395   Thumb Code    10  speedcontrol.o(.text)
    LED_Off                                  0x0000039f   Thumb Code    10  speedcontrol.o(.text)
    fastsqrt                                 0x000003a9   Thumb Code    12  speedcontrol.o(.text)
    M1Calculate_C0                           0x000003b5   Thumb Code    60  speedcontrol.o(.text)
    M1Calculate_CnUp                         0x000003f1   Thumb Code    78  speedcontrol.o(.text)
    M1Calculate_CnDwn                        0x0000043f   Thumb Code    86  speedcontrol.o(.text)
    __RL_RTX_VER                             0x00000474   Number         0  rt_system.o ABSOLUTE
    M2Calculate_C0                           0x00000495   Thumb Code    56  speedcontrol.o(.text)
    M2Calculate_CnUp                         0x000004cd   Thumb Code    78  speedcontrol.o(.text)
    M2Calculate_CnDwn                        0x0000051b   Thumb Code    86  speedcontrol.o(.text)
    M3Calculate_C0                           0x00000571   Thumb Code    56  speedcontrol.o(.text)
    M3Calculate_CnUp                         0x000005a9   Thumb Code    80  speedcontrol.o(.text)
    M3Calculate_CnDwn                        0x000005f9   Thumb Code    86  speedcontrol.o(.text)
    Timer0_Int                               0x0000064f   Thumb Code    26  speedcontrol.o(.text)
    Timer1_Int                               0x00000669   Thumb Code    26  speedcontrol.o(.text)
    Timer2_Int                               0x00000683   Thumb Code    32  speedcontrol.o(.text)
    SMotor1                                  0x000006a3   Thumb Code   108  speedcontrol.o(.text)
    SMotor2                                  0x0000070f   Thumb Code   172  speedcontrol.o(.text)
    SMotor3                                  0x000007bb   Thumb Code   108  speedcontrol.o(.text)
    init                                     0x00000827   Thumb Code    82  speedcontrol.o(.text)
    main                                     0x00000879   Thumb Code    36  speedcontrol.o(.text)
    T0_IRQHandler                            0x000008c8   ARM Code      80  speedcontrol.o(.text)
    T1_IRQHandler                            0x00000918   ARM Code      80  speedcontrol.o(.text)
    T2_IRQHandler                            0x00000968   ARM Code      80  speedcontrol.o(.text)
    motors_parameters_init                   0x000009d1   Thumb Code    86  motor.o(.text)
    motors_calculations                      0x00000a27   Thumb Code   632  motor.o(.text)
    serial_init                              0x00000d0d   Thumb Code    46  serial.o(.text)
    sendchar                                 0x00000d3b   Thumb Code    12  serial.o(.text)
    SendInteger                              0x00000d47   Thumb Code    74  serial.o(.text)
    os_idle_demon                            0x00000da1   Thumb Code     2  rtx_config.o(.text)
    os_tmr_call                              0x00000da3   Thumb Code     2  rtx_config.o(.text)
    os_error                                 0x00000da5   Thumb Code     2  rtx_config.o(.text)
    os_tmr_init                              0x00000da7   Thumb Code    34  rtx_config.o(.text)
    os_tmr_force_irq                         0x00000dc9   Thumb Code    10  rtx_config.o(.text)
    os_tmr_inspect_cnt                       0x00000dd3   Thumb Code     6  rtx_config.o(.text)
    os_tmr_inspect_ovf                       0x00000dd9   Thumb Code    10  rtx_config.o(.text)
    os_irq_ack_lock                          0x00000de3   Thumb Code    22  rtx_config.o(.text)
    __SWI_5                                  0x00000df9   Thumb Code    10  rtx_config.o(.text)
    tsk_unlock                               0x00000e03   Thumb Code    10  rtx_config.o(.text)
    __aeabi_uidiv                            0x00000e25   Thumb Code     0  uidiv.o(.text)
    __aeabi_uidivmod                         0x00000e25   Thumb Code    46  uidiv.o(.text)
    __aeabi_fadd                             0x00000e53   Thumb Code   170  fadd.o(.text)
    __aeabi_fsub                             0x00000efd   Thumb Code     8  fadd.o(.text)
    __aeabi_frsub                            0x00000f05   Thumb Code     8  fadd.o(.text)
    __aeabi_fmul                             0x00000f0d   Thumb Code   126  fmul.o(.text)
    __aeabi_fdiv                             0x00000f8b   Thumb Code   128  fdiv.o(.text)
    __ARM_scalbnf                            0x0000100b   Thumb Code    24  fscalb.o(.text)
    scalbnf                                  0x0000100b   Thumb Code     0  fscalb.o(.text)
    __aeabi_ui2f                             0x00001023   Thumb Code    18  ffltui.o(.text)
    __aeabi_f2uiz                            0x00001035   Thumb Code    40  ffixui.o(.text)
    __aeabi_d2uiz                            0x0000105d   Thumb Code    54  dfixui.o(.text)
    __aeabi_f2d                              0x0000109d   Thumb Code    40  f2d.o(.text)
    __aeabi_llsr                             0x000010c5   Thumb Code    36  llushr.o(.text)
    _ll_ushift_r                             0x000010c5   Thumb Code     0  llushr.o(.text)
    __I$use$fp                               0x000010e8   ARM Code       0  iusefp.o(.text)
    _float_round                             0x000010e9   Thumb Code    16  fepilogue.o(.text)
    _float_epilogue                          0x000010f9   Thumb Code   114  fepilogue.o(.text)
    Inline ARM to Thumb Veneer to __aeabi_dadd 0x0000116c   ARM Code       8  dadd.o(.text)
    __aeabi_dadd                             0x00001175   Thumb Code   332  dadd.o(.text)
    __aeabi_dsub                             0x000012c1   Thumb Code    12  dadd.o(.text)
    __aeabi_drsub                            0x000012cd   Thumb Code    12  dadd.o(.text)
    Inline ARM to Thumb Veneer to __aeabi_cdrcmple 0x000012dc   ARM Code       8  cdrcmple.o(.text)
    __aeabi_cdrcmple                         0x000012e5   Thumb Code    40  cdrcmple.o(.text)
    Inline ARM to Thumb Veneer to __scatterload 0x0000130c   ARM Code       8  init.o(.text)
    __scatterload                            0x00001315   Thumb Code    24  init.o(.text)
    __scatterload_rt2                        0x00001315   Thumb Code     0  init.o(.text)
    __aeabi_llsl                             0x00001335   Thumb Code    34  llshl.o(.text)
    _ll_shift_l                              0x00001335   Thumb Code     0  llshl.o(.text)
    __aeabi_lasr                             0x00001357   Thumb Code    40  llsshr.o(.text)
    _ll_sshift_r                             0x00001357   Thumb Code     0  llsshr.o(.text)
    _double_round                            0x0000137f   Thumb Code    28  depilogue.o(.text)
    _double_epilogue                         0x0000139b   Thumb Code   168  depilogue.o(.text)
    SWI_Count                                0x00001444   Data           4  swi_table.o(SWI_TABLE)
    SWI_Table                                0x00001448   Data           0  swi_table.o(SWI_TABLE)
    Long ARM to Thumb Veneer to LED_Off      0x00001468   ARM Code      12  anon$$obj.o(Veneer$$Code)
    Short Thumb to ARM Veneer to __main_after_scatterload 0x00001475   Thumb Code     8  anon$$obj.o(Veneer$$Code)
    Long ARM to Thumb Veneer to __aeabi_drsub 0x0000147c   ARM Code      12  anon$$obj.o(Veneer$$Code)
    __ARM_clz                                0x00001489   Thumb Code    46  depilogue.o(i.__ARM_clz)
    __ARM_common_call_via_r3                 0x000014b7   Thumb Code     2  init.o(i.__ARM_common_call_via_r3)
    __SWI_0                                  0x000014b9   Thumb Code    46  hal_arm.o(i.__SWI_0)
    __SWI_1                                  0x000014ed   Thumb Code    14  rt_membox.o(i.__SWI_1)
    __SWI_2                                  0x000014fb   Thumb Code    24  rt_membox.o(i.__SWI_2)
    __SWI_3                                  0x00001513   Thumb Code     8  hal_arm.o(i.__SWI_3)
    __SWI_4                                  0x0000151b   Thumb Code     8  hal_arm.o(i.__SWI_4)
    __SWI_6                                  0x00001523   Thumb Code     2  hal_arm.o(i.__SWI_6)
    __SWI_7                                  0x00001525   Thumb Code     2  hal_arm.o(i.__SWI_7)
    __scatterload_copy                       0x00001528   ARM Code      28  handlers.o(i.__scatterload_copy)
    __scatterload_null                       0x00001544   ARM Code       4  handlers.o(i.__scatterload_null)
    __scatterload_zeroinit                   0x00001548   ARM Code      24  handlers.o(i.__scatterload_zeroinit)
    _init_box                                0x00001561   Thumb Code    74  rt_membox.o(i._init_box)
    Inline Thumb to ARM Veneer to ceil       0x000015ad   Thumb Code     4  ceil.o(i.ceil)
    ceil                                     0x000015b0   ARM Code     328  ceil.o(i.ceil)
    Inline ARM to Thumb Veneer to isr_evt_set 0x00001700   ARM Code       8  rt_event.o(i.isr_evt_set)
    isr_evt_set                              0x00001709   Thumb Code    34  rt_event.o(i.isr_evt_set)
    os_block                                 0x00001731   Thumb Code    58  rt_task.o(i.os_block)
    os_chk_robin                             0x00001779   Thumb Code    60  rt_robin.o(i.os_chk_robin)
    os_dec_dly                               0x000017c1   Thumb Code   116  rt_list.o(i.os_dec_dly)
    os_dispatch                              0x0000183d   Thumb Code    60  rt_task.o(i.os_dispatch)
    os_evt_psh                               0x00001881   Thumb Code    74  rt_event.o(i.os_evt_psh)
    os_evt_wait                              0x000018d1   Thumb Code    90  rt_event.o(i.os_evt_wait)
    os_get_first                             0x00001931   Thumb Code    42  rt_list.o(i.os_get_first)
    os_init_robin                            0x000019a9   Thumb Code    16  rt_robin.o(i.os_init_robin)
    os_init_stack                            0x000019c1   Thumb Code   100  hal_arm.o(i.os_init_stack)
    os_mbx_psh                               0x00001a35   Thumb Code   140  rt_mailbox.o(i.os_mbx_psh)
    os_psh_req                               0x00001ac5   Thumb Code    46  rt_system.o(i.os_psh_req)
    os_psq_enq                               0x00001af9   Thumb Code    46  rt_list.o(i.os_psq_enq)
    os_put_dly                               0x00001b2d   Thumb Code    76  rt_list.o(i.os_put_dly)
    os_put_prio                              0x00001b7d   Thumb Code    62  rt_list.o(i.os_put_prio)
    os_put_rdy_first                         0x00001bbd   Thumb Code    14  rt_list.o(i.os_put_rdy_first)
    os_rmv_dly                               0x00001bd1   Thumb Code    44  rt_list.o(i.os_rmv_dly)
    os_rmv_list                              0x00001bfd   Thumb Code    46  rt_list.o(i.os_rmv_list)
    os_sem_psh                               0x00001c31   Thumb Code    50  rt_semaphore.o(i.os_sem_psh)
    os_stk_check                             0x00001c69   Thumb Code    38  hal_arm.o(i.os_stk_check)
    os_sys_init1                             0x00001c99   Thumb Code   162  rt_task.o(i.os_sys_init1)
    os_sys_manager                           0x00001d81   Thumb Code   184  rt_system.o(i.os_sys_manager)
    os_tmr_tick                              0x00001e4d   Thumb Code    58  rt_timer.o(i.os_tmr_tick)
    os_tsk_create0                           0x00001e91   Thumb Code   130  rt_task.o(i.os_tsk_create0)
    os_tsk_delete                            0x00001f21   Thumb Code   312  rt_task.o(i.os_tsk_delete)
    os_maxtaskrun                            0x0000207c   Data           2  rtx_config.o(.constdata)
    os_stackinfo                             0x00002080   Data           4  rtx_config.o(.constdata)
    os_rrobin                                0x00002084   Data           4  rtx_config.o(.constdata)
    os_clockrate                             0x00002088   Data           4  rtx_config.o(.constdata)
    os_timernum                              0x0000208c   Data           4  rtx_config.o(.constdata)
    mp_tcb_size                              0x00002090   Data           2  rtx_config.o(.constdata)
    mp_stk_size                              0x00002094   Data           4  rtx_config.o(.constdata)
    os_fifo_size                             0x00002098   Data           1  rtx_config.o(.constdata)
    mp_tmr_size                              0x0000209a   Data           2  rtx_config.o(.constdata)
    RL_RTX_Version                           0x0000209c   Data           4  rt_system.o(.constdata)
    Region$$Table$$Base                      0x000020a0   Number         0  anon$$obj.o(Region$$Table)
    Region$$Table$$Limit                     0x000020c0   Number         0  anon$$obj.o(Region$$Table)
    M1delay_constant                         0x4000000c   Data           4  speedcontrol.o(.data)
    M1SegmentA1                              0x40000020   Data           4  speedcontrol.o(.data)
    M1SegmentB1                              0x40000024   Data           4  speedcontrol.o(.data)
    M1total_steps                            0x40000028   Data           4  speedcontrol.o(.data)
    M1StepAngle                              0x4000002c   Data           4  speedcontrol.o(.data)
    M1Acceleration                           0x40000030   Data           4  speedcontrol.o(.data)
    M2delay_constant                         0x40000034   Data           4  speedcontrol.o(.data)
    M2SegmentA1                              0x40000048   Data           4  speedcontrol.o(.data)
    M2SegmentB1                              0x4000004c   Data           4  speedcontrol.o(.data)
    M2total_steps                            0x40000050   Data           4  speedcontrol.o(.data)
    M2StepAngle                              0x40000054   Data           4  speedcontrol.o(.data)
    M2Acceleration                           0x40000058   Data           4  speedcontrol.o(.data)
    M3delay_constant                         0x4000005c   Data           4  speedcontrol.o(.data)
    M3SegmentA1                              0x40000070   Data           4  speedcontrol.o(.data)
    M3SegmentB1                              0x40000074   Data           4  speedcontrol.o(.data)
    M3total_steps                            0x40000078   Data           4  speedcontrol.o(.data)
    M3StepAngle                              0x4000007c   Data           4  speedcontrol.o(.data)
    M3Acceleration                           0x40000080   Data           4  speedcontrol.o(.data)
    Frequency                                0x40000084   Data           4  speedcontrol.o(.data)
    t_SMotor1                                0x40000088   Data           4  speedcontrol.o(.data)
    t_SMotor2                                0x4000008c   Data           4  speedcontrol.o(.data)
    t_SMotor3                                0x40000090   Data           4  speedcontrol.o(.data)
    M1MaxSpeed                               0x40000094   Data           4  speedcontrol.o(.data)
    M1Decceleration                          0x40000098   Data           4  speedcontrol.o(.data)
    M2MaxSpeed                               0x4000009c   Data           4  speedcontrol.o(.data)
    M2Decceleration                          0x400000a0   Data           4  speedcontrol.o(.data)
    M3MaxSpeed                               0x400000a4   Data           4  speedcontrol.o(.data)
    M3Decceleration                          0x400000a8   Data           4  speedcontrol.o(.data)
    m_tmr                                    0x400000ac   Data           4  rtx_config.o(.data)
    os_runtask                               0x400000b0   Data           4  rt_task.o(.data)
    sys_stktop                               0x400000b4   Data           4  hal_arm.o(.data)
    sys_mode                                 0x400000b8   Data           1  hal_arm.o(.data)
    os_psh                                   0x400000bc   Data           8  rt_system.o(.data)
    os_robin                                 0x400000c4   Data           8  rt_robin.o(.data)
    os_time                                  0x400000cc   Data           4  rt_time.o(.data)
    os_tmr                                   0x400000d0   Data           8  rt_timer.o(.data)
    mp_tcb                                   0x400000d8   Data         404  rtx_config.o(.bss)
    mp_stk                                   0x40000270   Data        1416  rtx_config.o(.bss)
    os_fifo                                  0x400007f8   Data         132  rtx_config.o(.bss)
    os_active_TCB                            0x4000087c   Data          28  rtx_config.o(.bss)
    os_idle_TCB                              0x40000898   Data          56  rt_task.o(.bss)
    os_rdy                                   0x400008d0   Data          24  rt_list.o(.bss)
    os_dly                                   0x400008e8   Data          24  rt_list.o(.bss)
    __initial_sp                             0x40000950   Data         160  lpc2300.o(STACK)



==============================================================================

Memory Map of the image

  Image Entry point : 0x00000160

  Load Region LR_IROM1 (Base: 0x00000000, Size: 0x00002198, Max: 0x00080000, ABSOLUTE)

    Execution Region ER_IROM1 (Base: 0x00000000, Size: 0x000020c0, Max: 0x00080000, ABSOLUTE)

    Base Addr    Size         Type   Attr      Idx    E Section Name        Object

    0x00000000   0x00000160   Code   RO          107    RESET               lpc2300.o
    0x00000160   0x00000000   Code   RO          629  * .ARM.Collect$$$$00000000  mc_t.l(entry.o)
    0x00000160   0x00000004   Code   RO          650    .ARM.Collect$$$$00000001  mc_t.l(entry2.o)
    0x00000164   0x00000004   Code   RO          652    .ARM.Collect$$$$00000004  mc_t.l(entry5.o)
    0x00000168   0x00000000   Code   RO          654    .ARM.Collect$$$$00000008  mc_t.l(entry7b.o)
    0x00000168   0x00000000   Code   RO          656    .ARM.Collect$$$$0000000A  mc_t.l(entry8b.o)
    0x00000168   0x0000000c   Code   RO          657    .ARM.Collect$$$$0000000B  mc_t.l(entry9a.o)
    0x00000174   0x00000000   Code   RO          659    .ARM.Collect$$$$0000000D  mc_t.l(entry10a.o)
    0x00000174   0x00000000   Code   RO          661    .ARM.Collect$$$$0000000F  mc_t.l(entry11a.o)
    0x00000174   0x00000004   Code   RO          651    .ARM.Collect$$$$00002712  mc_t.l(entry2.o)
    0x00000178   0x00000204   Code   RO          250    .emb_text           RTX_ARM_L.LIB(hal_arm.o)
    0x0000037c   0x00000008   Ven    RO            1    .text               speedcontrol.o
    0x00000384   0x00000544   Code   RO            1    .text               speedcontrol.o
    0x000008c8   0x00000108   Code   RO            2    .text               speedcontrol.o
    0x000009d0   0x0000033c   Code   RO           48    .text               motor.o
    0x00000d0c   0x00000094   Code   RO           61    .text               serial.o
    0x00000da0   0x00000084   Code   RO           75    .text               rtx_config.o
    0x00000e24   0x0000002e   Code   RO          632    .text               mc_t.l(uidiv.o)
    0x00000e52   0x000000ba   Code   RO          634    .text               mf_t.l(fadd.o)
    0x00000f0c   0x0000007e   Code   RO          636    .text               mf_t.l(fmul.o)
    0x00000f8a   0x00000080   Code   RO          638    .text               mf_t.l(fdiv.o)
    0x0000100a   0x00000018   Code   RO          640    .text               mf_t.l(fscalb.o)
    0x00001022   0x00000012   Code   RO          642    .text               mf_t.l(ffltui.o)
    0x00001034   0x00000028   Code   RO          644    .text               mf_t.l(ffixui.o)
    0x0000105c   0x00000040   Code   RO          646    .text               mf_t.l(dfixui.o)
    0x0000109c   0x00000028   Code   RO          648    .text               mf_t.l(f2d.o)
    0x000010c4   0x00000024   Code   RO          663    .text               mc_t.l(llushr.o)
    0x000010e8   0x00000000   Code   RO          665    .text               mc_t.l(iusefp.o)
    0x000010e8   0x00000082   Code   RO          666    .text               mf_t.l(fepilogue.o)
    0x0000116a   0x00000002   PAD
    0x0000116c   0x00000008   Ven    RO          668    .text               mf_t.l(dadd.o)
    0x00001174   0x00000168   Code   RO          668    .text               mf_t.l(dadd.o)
    0x000012dc   0x00000008   Ven    RO          670    .text               mf_t.l(cdrcmple.o)
    0x000012e4   0x00000028   Code   RO          670    .text               mf_t.l(cdrcmple.o)
    0x0000130c   0x00000008   Ven    RO          672    .text               mc_t.l(init.o)
    0x00001314   0x00000020   Code   RO          672    .text               mc_t.l(init.o)
    0x00001334   0x00000022   Code   RO          676    .text               mc_t.l(llshl.o)
    0x00001356   0x00000028   Code   RO          678    .text               mc_t.l(llsshr.o)
    0x0000137e   0x000000c4   Code   RO          680    .text               mf_t.l(depilogue.o)
    0x00001442   0x00000002   PAD
    0x00001444   0x00000024   Code   RO          478    SWI_TABLE           RTX_ARM_L.LIB(swi_table.o)
    0x00001468   0x0000000c   Ven    RO          698    Veneer$$Code        anon$$obj.o
    0x00001474   0x00000008   Ven    RO          699    Veneer$$Code        anon$$obj.o
    0x0000147c   0x0000000c   Ven    RO          700    Veneer$$Code        anon$$obj.o
    0x00001488   0x0000002e   Code   RO          682    i.__ARM_clz         mf_t.l(depilogue.o)
    0x000014b6   0x00000002   Code   RO          674    i.__ARM_common_call_via_r3  mc_t.l(init.o)
    0x000014b8   0x00000034   Code   RO          251    i.__SWI_0           RTX_ARM_L.LIB(hal_arm.o)
    0x000014ec   0x0000000e   Code   RO          448    i.__SWI_1           RTX_ARM_L.LIB(rt_membox.o)
    0x000014fa   0x00000018   Code   RO          449    i.__SWI_2           RTX_ARM_L.LIB(rt_membox.o)
    0x00001512   0x00000008   Code   RO          252    i.__SWI_3           RTX_ARM_L.LIB(hal_arm.o)
    0x0000151a   0x00000008   Code   RO          253    i.__SWI_4           RTX_ARM_L.LIB(hal_arm.o)
    0x00001522   0x00000002   Code   RO          254    i.__SWI_6           RTX_ARM_L.LIB(hal_arm.o)
    0x00001524   0x00000002   Code   RO          255    i.__SWI_7           RTX_ARM_L.LIB(hal_arm.o)
    0x00001526   0x00000002   PAD
    0x00001528   0x0000001c   Code   RO          686    i.__scatterload_copy  mc_t.l(handlers.o)
    0x00001544   0x00000004   Code   RO          687    i.__scatterload_null  mc_t.l(handlers.o)
    0x00001548   0x00000018   Code   RO          688    i.__scatterload_zeroinit  mc_t.l(handlers.o)
    0x00001560   0x0000004a   Code   RO          451    i._init_box         RTX_ARM_L.LIB(rt_membox.o)
    0x000015aa   0x00000002   PAD
    0x000015ac   0x00000004   Ven    RO          626    i.ceil              m_ts.l(ceil.o)
    0x000015b0   0x00000150   Code   RO          626    i.ceil              m_ts.l(ceil.o)
    0x00001700   0x00000008   Ven    RO          204    i.isr_evt_set       RTX_ARM_L.LIB(rt_event.o)
    0x00001708   0x00000028   Code   RO          204    i.isr_evt_set       RTX_ARM_L.LIB(rt_event.o)
    0x00001730   0x00000048   Code   RO          111    i.os_block          RTX_ARM_L.LIB(rt_task.o)
    0x00001778   0x00000048   Code   RO          427    i.os_chk_robin      RTX_ARM_L.LIB(rt_robin.o)
    0x000017c0   0x0000007c   Code   RO          355    i.os_dec_dly        RTX_ARM_L.LIB(rt_list.o)
    0x0000183c   0x00000044   Code   RO          112    i.os_dispatch       RTX_ARM_L.LIB(rt_task.o)
    0x00001880   0x00000050   Code   RO          207    i.os_evt_psh        RTX_ARM_L.LIB(rt_event.o)
    0x000018d0   0x00000060   Code   RO          209    i.os_evt_wait       RTX_ARM_L.LIB(rt_event.o)
    0x00001930   0x0000002a   Code   RO          356    i.os_get_first      RTX_ARM_L.LIB(rt_list.o)
    0x0000195a   0x00000002   PAD
    0x0000195c   0x0000004c   Code   RO          113    i.os_init_context   RTX_ARM_L.LIB(rt_task.o)
    0x000019a8   0x00000018   Code   RO          428    i.os_init_robin     RTX_ARM_L.LIB(rt_robin.o)
    0x000019c0   0x00000074   Code   RO          256    i.os_init_stack     RTX_ARM_L.LIB(hal_arm.o)
    0x00001a34   0x00000090   Code   RO          518    i.os_mbx_psh        RTX_ARM_L.LIB(rt_mailbox.o)
    0x00001ac4   0x00000034   Code   RO          310    i.os_psh_req        RTX_ARM_L.LIB(rt_system.o)
    0x00001af8   0x00000034   Code   RO          358    i.os_psq_enq        RTX_ARM_L.LIB(rt_list.o)
    0x00001b2c   0x00000050   Code   RO          359    i.os_put_dly        RTX_ARM_L.LIB(rt_list.o)
    0x00001b7c   0x0000003e   Code   RO          360    i.os_put_prio       RTX_ARM_L.LIB(rt_list.o)
    0x00001bba   0x00000002   PAD
    0x00001bbc   0x00000014   Code   RO          361    i.os_put_rdy_first  RTX_ARM_L.LIB(rt_list.o)
    0x00001bd0   0x0000002c   Code   RO          363    i.os_rmv_dly        RTX_ARM_L.LIB(rt_list.o)
    0x00001bfc   0x00000034   Code   RO          364    i.os_rmv_list       RTX_ARM_L.LIB(rt_list.o)
    0x00001c30   0x00000038   Code   RO          564    i.os_sem_psh        RTX_ARM_L.LIB(rt_semaphore.o)
    0x00001c68   0x00000030   Code   RO          257    i.os_stk_check      RTX_ARM_L.LIB(hal_arm.o)
    0x00001c98   0x000000e8   Code   RO          114    i.os_sys_init1      RTX_ARM_L.LIB(rt_task.o)
    0x00001d80   0x000000cc   Code   RO          313    i.os_sys_manager    RTX_ARM_L.LIB(rt_system.o)
    0x00001e4c   0x00000044   Code   RO          600    i.os_tmr_tick       RTX_ARM_L.LIB(rt_timer.o)
    0x00001e90   0x00000090   Code   RO          115    i.os_tsk_create0    RTX_ARM_L.LIB(rt_task.o)
    0x00001f20   0x00000150   Code   RO          117    i.os_tsk_delete     RTX_ARM_L.LIB(rt_task.o)
    0x00002070   0x0000000b   Data   RO           62    .constdata          serial.o
    0x0000207b   0x00000001   PAD
    0x0000207c   0x00000002   Data   RO           80    .constdata          rtx_config.o
    0x0000207e   0x00000002   PAD
    0x00002080   0x00000004   Data   RO           81    .constdata          rtx_config.o
    0x00002084   0x00000004   Data   RO           82    .constdata          rtx_config.o
    0x00002088   0x00000008   Data   RO           83    .constdata          rtx_config.o
    0x00002090   0x00000002   Data   RO           84    .constdata          rtx_config.o
    0x00002092   0x00000002   PAD
    0x00002094   0x00000004   Data   RO           85    .constdata          rtx_config.o
    0x00002098   0x00000001   Data   RO           86    .constdata          rtx_config.o
    0x00002099   0x00000001   PAD
    0x0000209a   0x00000002   Data   RO           87    .constdata          rtx_config.o
    0x0000209c   0x00000004   Data   RO          314    .constdata          RTX_ARM_L.LIB(rt_system.o)
    0x000020a0   0x00000020   Data   RO          684    Region$$Table       anon$$obj.o


    Execution Region RW_IRAM1 (Base: 0x40000000, Size: 0x000009f0, Max: 0x00008000, ABSOLUTE)

    Base Addr    Size         Type   Attr      Idx    E Section Name        Object

    0x40000000   0x00000094   Data   RW            3    .data               speedcontrol.o
    0x40000094   0x00000004   Data   RW            4    .data               speedcontrol.o
    0x40000098   0x00000004   Data   RW            5    .data               speedcontrol.o
    0x4000009c   0x00000004   Data   RW            6    .data               speedcontrol.o
    0x400000a0   0x00000004   Data   RW            7    .data               speedcontrol.o
    0x400000a4   0x00000004   Data   RW            8    .data               speedcontrol.o
    0x400000a8   0x00000004   Data   RW            9    .data               speedcontrol.o
    0x400000ac   0x00000004   Data   RW           88    .data               rtx_config.o
    0x400000b0   0x00000004   Data   RW          122    .data               RTX_ARM_L.LIB(rt_task.o)
    0x400000b4   0x00000004   Data   RW          258    .data               RTX_ARM_L.LIB(hal_arm.o)
    0x400000b8   0x00000001   Data   RW          259    .data               RTX_ARM_L.LIB(hal_arm.o)
    0x400000b9   0x00000003   PAD
    0x400000bc   0x00000008   Data   RW          315    .data               RTX_ARM_L.LIB(rt_system.o)
    0x400000c4   0x00000008   Data   RW          429    .data               RTX_ARM_L.LIB(rt_robin.o)
    0x400000cc   0x00000004   Data   RW          485    .data               RTX_ARM_L.LIB(rt_time.o)
    0x400000d0   0x00000008   Data   RW          601    .data               RTX_ARM_L.LIB(rt_timer.o)
    0x400000d8   0x00000194   Zero   RW           76    .bss                rtx_config.o
    0x4000026c   0x00000004   PAD
    0x40000270   0x00000588   Zero   RW           77    .bss                rtx_config.o
    0x400007f8   0x00000084   Zero   RW           78    .bss                rtx_config.o
    0x4000087c   0x0000001c   Zero   RW           79    .bss                rtx_config.o
    0x40000898   0x00000038   Zero   RW          121    .bss                RTX_ARM_L.LIB(rt_task.o)
    0x400008d0   0x00000030   Zero   RW          365    .bss                RTX_ARM_L.LIB(rt_list.o)
    0x40000900   0x000000f0   Zero   RW          105    STACK               lpc2300.o


==============================================================================

Image component sizes


      Code (inc. data)   RO Data    RW Data    ZI Data      Debug   Object Name

       352         48          0          0        240        344   lpc2300.o
       828        110          0          0          0        993   motor.o
       132         24         27          4       1980       2718   rtx_config.o
       148         16         11          0          0       1397   serial.o
      1612        130          0        172          0      13327   speedcontrol.o

    ----------------------------------------------------------------------
      3112        336         76        176       2224      18779   Object Totals
        40          8         32          0          0          0   (incl. Generated)
         0          0          6          0          4          0   (incl. Padding)

    ----------------------------------------------------------------------

      Code (inc. data)   RO Data    RW Data    ZI Data      Debug   Library Member Name

       752         80          0          5          0       4203   hal_arm.o
       224         18          0          0          0       1733   rt_event.o
       476         30          0          0         48       4250   rt_list.o
       144          4          0          0          0        621   rt_mailbox.o
       112          0          0          0          0       1584   rt_membox.o
        96         20          0          8          0       1058   rt_robin.o
        56          6          0          0          0        521   rt_semaphore.o
       256         26          4          8          0       1746   rt_system.o
       928        136          0          4         56       6374   rt_task.o
         0          0          0          4          0        186   rt_time.o
        68         10          0          8          0        687   rt_timer.o
        36         36          0          0          0        180   swi_table.o
       340          8          0          0          0        144   ceil.o
         0          0          0          0          0          0   entry.o
         0          0          0          0          0          0   entry10a.o
         0          0          0          0          0          0   entry11a.o
         8          4          0          0          0          0   entry2.o
         4          0          0          0          0          0   entry5.o
         0          0          0          0          0          0   entry7b.o
         0          0          0          0          0          0   entry8b.o
        12          4          0          0          0          0   entry9a.o
        56          0          0          0          0          0   handlers.o
        42          8          0          0          0        136   init.o
         0          0          0          0          0          0   iusefp.o
        34          0          0          0          0         72   llshl.o
        40          0          0          0          0         72   llsshr.o
        36          0          0          0          0         72   llushr.o
        46          0          0          0          0         72   uidiv.o
        48          0          0          0          0         68   cdrcmple.o
       368          4          0          0          0        152   dadd.o
       242          0          0          0          0        232   depilogue.o
        64         10          0          0          0         80   dfixui.o
        40          0          0          0          0         60   f2d.o
       186          0          0          0          0        124   fadd.o
       128          0          0          0          0         88   fdiv.o
       130          0          0          0          0        144   fepilogue.o
        40          0          0          0          0         60   ffixui.o
        18          0          0          0          0         80   ffltui.o
       126          0          0          0          0         80   fmul.o
        24          0          0          0          0         60   fscalb.o

    ----------------------------------------------------------------------
      5192        404          4         40        104      24939   Library Totals
        12          0          0          3          0          0   (incl. Padding)

    ----------------------------------------------------------------------

      Code (inc. data)   RO Data    RW Data    ZI Data      Debug   Library Name

      3148        366          4         37        104      23143   RTX_ARM_L.LIB
       340          8          0          0          0        144   m_ts.l
       278         16          0          0          0        424   mc_t.l
      1414         14          0          0          0       1228   mf_t.l

    ----------------------------------------------------------------------
      5192        404          4         40        104      24939   Library Totals

    ----------------------------------------------------------------------

==============================================================================


      Code (inc. data)   RO Data    RW Data    ZI Data      Debug   

      8304        740         80        216       2328      41214   Grand Totals
      8304        740         80        216       2328      41214   ELF Image Totals
      8304        740         80        216          0          0   ROM Totals

==============================================================================

    Total RO  Size (Code + RO Data)                 8384 (   8.19kB)
    Total RW  Size (RW Data + ZI Data)              2544 (   2.48kB)
    Total ROM Size (Code + RO Data + RW Data)       8600 (   8.40kB)

==============================================================================

