Component: ARM Compiler 5.06 update 1 (build 61) Tool: armlink [4d35a8]

==============================================================================

Section Cross References

    main.o(.text) refers to rt_mailbox.o(i.os_mbx_init) for os_mbx_init
    main.o(.text) refers to rt_time.o(i.os_dly_wait) for os_dly_wait
    main.o(.text) refers to rt_mailbox.o(i.os_mbx_send) for os_mbx_send
    main.o(.text) refers to rt_mailbox.o(i.os_mbx_wait) for os_mbx_wait
    main.o(.text) refers to serial.o(.text) for SendInteger
    main.o(.text) refers to dac.o(.text) for DAC_init
    main.o(.text) refers to adc.o(.text) for ADC_init
    main.o(.text) refers to rt_task.o(i.os_tsk_create0) for os_tsk_create0
    main.o(.text) refers to rt_task.o(i.os_tsk_delete) for os_tsk_delete
    main.o(.text) refers to rt_membox.o(i._init_box) for _init_box
    main.o(.text) refers to hal_arm.o(.emb_text) for os_sys_init0
    main.o(.text) refers to main.o(.bss) for .bss
    main.o(.text) refers to main.o(.data) for .data
    serial.o(.text) refers to uidiv.o(.text) for __aeabi_uidivmod
    serial.o(.text) refers to serial.o(.constdata) for .constdata
    rtx_config.o(.text) refers to hal_arm.o(.emb_text) for os_clock_interrupt
    lpc2300.o(RESET) refers to hal_arm.o(.emb_text) for SWI_Handler
    lpc2300.o(RESET) refers to lpc2300.o(STACK) for Stack_Top
    lpc2300.o(RESET) refers to entry.o(.ARM.Collect$$$$00000000) for __main
    rt_task.o(i.os_block) refers to rt_list.o(i.os_put_dly) for os_put_dly
    rt_task.o(i.os_block) refers to rt_list.o(i.os_get_first) for os_get_first
    rt_task.o(i.os_block) refers to rt_task.o(.data) for .data
    rt_task.o(i.os_block) refers to rt_list.o(.bss) for os_rdy
    rt_task.o(i.os_dispatch) refers to rt_list.o(i.os_put_rdy_first) for os_put_rdy_first
    rt_task.o(i.os_dispatch) refers to rt_list.o(i.os_get_first) for os_get_first
    rt_task.o(i.os_dispatch) refers to rt_list.o(i.os_put_prio) for os_put_prio
    rt_task.o(i.os_dispatch) refers to rt_task.o(.data) for .data
    rt_task.o(i.os_dispatch) refers to rt_list.o(.bss) for os_rdy
    rt_task.o(i.os_init_context) refers to hal_arm.o(i.os_init_stack) for os_init_stack
    rt_task.o(i.os_init_context) refers to rtx_config.o(.bss) for mp_stk
    rt_task.o(i.os_sys_init1) refers to rt_membox.o(i._init_box) for _init_box
    rt_task.o(i.os_sys_init1) refers to rt_task.o(i.os_init_context) for os_init_context
    rt_task.o(i.os_sys_init1) refers to hal_arm.o(.emb_text) for os_set_env
    rt_task.o(i.os_sys_init1) refers to rtx_config.o(.text) for os_tmr_init
    rt_task.o(i.os_sys_init1) refers to rt_robin.o(i.os_init_robin) for os_init_robin
    rt_task.o(i.os_sys_init1) refers to rtx_config.o(.bss) for os_active_TCB
    rt_task.o(i.os_sys_init1) refers to rtx_config.o(.constdata) for os_maxtaskrun
    rt_task.o(i.os_sys_init1) refers to rtx_config.o(.constdata) for mp_tcb_size
    rt_task.o(i.os_sys_init1) refers to rtx_config.o(.bss) for mp_tcb
    rt_task.o(i.os_sys_init1) refers to rtx_config.o(.constdata) for os_stackinfo
    rt_task.o(i.os_sys_init1) refers to rtx_config.o(.constdata) for mp_stk_size
    rt_task.o(i.os_sys_init1) refers to rtx_config.o(.bss) for mp_stk
    rt_task.o(i.os_sys_init1) refers to rtx_config.o(.constdata) for mp_tmr_size
    rt_task.o(i.os_sys_init1) refers to rtx_config.o(.data) for m_tmr
    rt_task.o(i.os_sys_init1) refers to rt_task.o(.bss) for .bss
    rt_task.o(i.os_sys_init1) refers to rt_list.o(.bss) for os_rdy
    rt_task.o(i.os_sys_init1) refers to rt_task.o(.data) for .data
    rt_task.o(i.os_sys_init1) refers to rtx_config.o(.bss) for os_fifo
    rt_task.o(i.os_sys_init1) refers to rtx_config.o(.constdata) for os_fifo_size
    rt_task.o(i.os_sys_init1) refers to rt_task.o(i.os_tsk_create0) for os_tsk_create0
    rt_task.o(i.os_tsk_create0) refers to rt_task.o(i.os_init_context) for os_init_context
    rt_task.o(i.os_tsk_create0) refers to rtx_config.o(.text) for tsk_unlock
    rt_task.o(i.os_tsk_create0) refers to rt_task.o(i.os_dispatch) for os_dispatch
    rt_task.o(i.os_tsk_create0) refers to rtx_config.o(.bss) for mp_tcb
    rt_task.o(i.os_tsk_create0) refers to rtx_config.o(.bss) for os_active_TCB
    rt_task.o(i.os_tsk_create0) refers to rtx_config.o(.constdata) for os_maxtaskrun
    rt_task.o(i.os_tsk_create_ex0) refers to rt_task.o(i.os_tsk_create0) for os_tsk_create0
    rt_task.o(i.os_tsk_delete) refers to hal_arm.o(i.os_stk_check) for os_stk_check
    rt_task.o(i.os_tsk_delete) refers to rt_list.o(i.os_get_first) for os_get_first
    rt_task.o(i.os_tsk_delete) refers to rt_list.o(i.os_rmv_dly) for os_rmv_dly
    rt_task.o(i.os_tsk_delete) refers to rt_list.o(i.os_put_prio) for os_put_prio
    rt_task.o(i.os_tsk_delete) refers to rt_list.o(i.os_rmv_list) for os_rmv_list
    rt_task.o(i.os_tsk_delete) refers to rtx_config.o(.text) for tsk_unlock
    rt_task.o(i.os_tsk_delete) refers to rt_task.o(i.os_dispatch) for os_dispatch
    rt_task.o(i.os_tsk_delete) refers to rtx_config.o(.bss) for os_active_TCB
    rt_task.o(i.os_tsk_delete) refers to rt_task.o(.data) for .data
    rt_task.o(i.os_tsk_delete) refers to rt_list.o(.bss) for os_rdy
    rt_task.o(i.os_tsk_delete) refers to rtx_config.o(.bss) for mp_stk
    rt_task.o(i.os_tsk_delete) refers to rtx_config.o(.bss) for mp_tcb
    rt_task.o(i.os_tsk_delete) refers to rtx_config.o(.constdata) for os_maxtaskrun
    rt_task.o(i.os_tsk_pass) refers to rt_list.o(i.os_get_same_rdy_prio) for os_get_same_rdy_prio
    rt_task.o(i.os_tsk_pass) refers to rt_list.o(i.os_put_prio) for os_put_prio
    rt_task.o(i.os_tsk_pass) refers to rtx_config.o(.text) for tsk_unlock
    rt_task.o(i.os_tsk_pass) refers to rt_task.o(.data) for .data
    rt_task.o(i.os_tsk_pass) refers to rt_list.o(.bss) for os_rdy
    rt_task.o(i.os_tsk_prio) refers to rt_list.o(i.os_put_prio) for os_put_prio
    rt_task.o(i.os_tsk_prio) refers to rtx_config.o(.text) for tsk_unlock
    rt_task.o(i.os_tsk_prio) refers to rt_list.o(i.os_resort_prio) for os_resort_prio
    rt_task.o(i.os_tsk_prio) refers to rt_list.o(i.os_get_first) for os_get_first
    rt_task.o(i.os_tsk_prio) refers to rt_task.o(i.os_dispatch) for os_dispatch
    rt_task.o(i.os_tsk_prio) refers to rt_task.o(.data) for .data
    rt_task.o(i.os_tsk_prio) refers to rtx_config.o(.constdata) for os_maxtaskrun
    rt_task.o(i.os_tsk_prio) refers to rtx_config.o(.bss) for os_active_TCB
    rt_task.o(i.os_tsk_prio) refers to rt_list.o(.bss) for os_rdy
    rt_task.o(i.os_tsk_self) refers to rt_task.o(.data) for .data
    rt_time.o(i.os_dly_wait) refers to rt_task.o(i.os_block) for os_block
    rt_time.o(i.os_dly_wait) refers to rtx_config.o(.text) for tsk_unlock
    rt_time.o(i.os_itv_set) refers to rt_task.o(.data) for os_runtask
    rt_time.o(i.os_itv_set) refers to rt_time.o(.data) for .data
    rt_time.o(i.os_itv_wait) refers to rt_task.o(i.os_block) for os_block
    rt_time.o(i.os_itv_wait) refers to rtx_config.o(.text) for tsk_unlock
    rt_time.o(i.os_itv_wait) refers to rt_task.o(.data) for os_runtask
    rt_time.o(i.os_itv_wait) refers to rt_time.o(.data) for .data
    rt_time.o(i.os_time_get) refers to rt_time.o(.data) for .data
    rt_mailbox.o(i.isr_mbx_receive) refers to rt_list.o(i.os_psq_enq) for os_psq_enq
    rt_mailbox.o(i.isr_mbx_receive) refers to rt_system.o(i.os_psh_req) for os_psh_req
    rt_mailbox.o(i.isr_mbx_send) refers to rt_list.o(i.os_psq_enq) for os_psq_enq
    rt_mailbox.o(i.isr_mbx_send) refers to rt_system.o(i.os_psh_req) for os_psh_req
    rt_mailbox.o(i.os_mbx_init) refers to rtx_config.o(.text) for tsk_unlock
    rt_mailbox.o(i.os_mbx_psh) refers to rt_list.o(i.os_get_first) for os_get_first
    rt_mailbox.o(i.os_mbx_psh) refers to rt_list.o(i.os_rmv_dly) for os_rmv_dly
    rt_mailbox.o(i.os_mbx_psh) refers to rt_list.o(i.os_put_prio) for os_put_prio
    rt_mailbox.o(i.os_mbx_psh) refers to rtx_config.o(.text) for os_error
    rt_mailbox.o(i.os_mbx_psh) refers to rt_list.o(.bss) for os_rdy
    rt_mailbox.o(i.os_mbx_send) refers to rt_list.o(i.os_put_prio) for os_put_prio
    rt_mailbox.o(i.os_mbx_send) refers to rt_list.o(i.os_get_first) for os_get_first
    rt_mailbox.o(i.os_mbx_send) refers to rt_list.o(i.os_rmv_dly) for os_rmv_dly
    rt_mailbox.o(i.os_mbx_send) refers to rt_task.o(i.os_dispatch) for os_dispatch
    rt_mailbox.o(i.os_mbx_send) refers to rt_task.o(i.os_block) for os_block
    rt_mailbox.o(i.os_mbx_send) refers to rtx_config.o(.text) for tsk_unlock
    rt_mailbox.o(i.os_mbx_send) refers to rt_task.o(.data) for os_runtask
    rt_mailbox.o(i.os_mbx_wait) refers to rt_list.o(i.os_get_first) for os_get_first
    rt_mailbox.o(i.os_mbx_wait) refers to rt_list.o(i.os_rmv_dly) for os_rmv_dly
    rt_mailbox.o(i.os_mbx_wait) refers to rt_task.o(i.os_dispatch) for os_dispatch
    rt_mailbox.o(i.os_mbx_wait) refers to rtx_config.o(.text) for tsk_unlock
    rt_mailbox.o(i.os_mbx_wait) refers to rt_list.o(i.os_put_prio) for os_put_prio
    rt_mailbox.o(i.os_mbx_wait) refers to rt_task.o(i.os_block) for os_block
    rt_mailbox.o(i.os_mbx_wait) refers to rt_task.o(.data) for os_runtask
    hal_arm.o(.emb_text) refers to hal_arm.o(.data) for sys_stktop
    hal_arm.o(.emb_text) refers to rt_task.o(i.os_sys_init1) for os_sys_init1
    hal_arm.o(.emb_text) refers to hal_arm.o(.data) for sys_mode
    hal_arm.o(.emb_text) refers to rtx_config.o(.text) for os_irq_ack_lock
    hal_arm.o(.emb_text) refers to rt_system.o(.data) for os_psh
    hal_arm.o(.emb_text) refers to rt_system.o(i.os_sys_manager) for os_sys_manager
    hal_arm.o(.emb_text) refers to swi_table.o(SWI_TABLE) for SWI_Table
    hal_arm.o(i.__SWI_0) refers to hal_arm.o(i.os_stk_check) for os_stk_check
    hal_arm.o(i.__SWI_0) refers to rtx_config.o(.text) for tsk_unlock
    hal_arm.o(i.__SWI_0) refers to hal_arm.o(.emb_text) for os_switch_tasks_ret
    hal_arm.o(i.__SWI_0) refers to rt_task.o(.data) for os_runtask
    hal_arm.o(i.os_init_stack) refers to rtx_config.o(.constdata) for os_stackinfo
    hal_arm.o(i.os_init_stack) refers to hal_arm.o(.data) for .data
    hal_arm.o(i.os_stk_check) refers to rtx_config.o(.text) for os_error
    hal_arm.o(i.os_stk_check) refers to rt_task.o(.data) for os_runtask
    rt_system.o(i.os_psh_req) refers to rtx_config.o(.text) for os_tmr_inspect_ovf
    rt_system.o(i.os_psh_req) refers to rt_system.o(.data) for .data
    rt_system.o(i.os_resume) refers to rt_list.o(i.os_put_rdy_first) for os_put_rdy_first
    rt_system.o(i.os_resume) refers to rt_list.o(i.os_dec_dly) for os_dec_dly
    rt_system.o(i.os_resume) refers to rt_timer.o(i.os_tmr_tick) for os_tmr_tick
    rt_system.o(i.os_resume) refers to rt_task.o(i.os_dispatch) for os_dispatch
    rt_system.o(i.os_resume) refers to rtx_config.o(.text) for tsk_unlock
    rt_system.o(i.os_resume) refers to rt_task.o(.data) for os_runtask
    rt_system.o(i.os_resume) refers to rt_robin.o(.data) for os_robin
    rt_system.o(i.os_resume) refers to rt_list.o(.bss) for os_dly
    rt_system.o(i.os_resume) refers to rt_time.o(.data) for os_time
    rt_system.o(i.os_resume) refers to rt_timer.o(.data) for os_tmr
    rt_system.o(i.os_suspend) refers to rt_list.o(.bss) for os_dly
    rt_system.o(i.os_suspend) refers to rt_timer.o(.data) for os_tmr
    rt_system.o(i.os_sys_manager) refers to rt_list.o(i.os_put_rdy_first) for os_put_rdy_first
    rt_system.o(i.os_sys_manager) refers to rtx_config.o(.text) for os_tmr_inspect_cnt
    rt_system.o(i.os_sys_manager) refers to rt_robin.o(i.os_chk_robin) for os_chk_robin
    rt_system.o(i.os_sys_manager) refers to rt_list.o(i.os_dec_dly) for os_dec_dly
    rt_system.o(i.os_sys_manager) refers to rt_semaphore.o(i.os_sem_psh) for os_sem_psh
    rt_system.o(i.os_sys_manager) refers to hal_arm.o(.emb_text) for _dec_qc
    rt_system.o(i.os_sys_manager) refers to rt_timer.o(i.os_tmr_tick) for os_tmr_tick
    rt_system.o(i.os_sys_manager) refers to hal_arm.o(i.os_stk_check) for os_stk_check
    rt_system.o(i.os_sys_manager) refers to rt_list.o(i.os_get_first) for os_get_first
    rt_system.o(i.os_sys_manager) refers to rt_event.o(i.os_evt_psh) for os_evt_psh
    rt_system.o(i.os_sys_manager) refers to rt_mailbox.o(i.os_mbx_psh) for os_mbx_psh
    rt_system.o(i.os_sys_manager) refers to rt_task.o(.data) for os_runtask
    rt_system.o(i.os_sys_manager) refers to rt_system.o(.data) for .data
    rt_system.o(i.os_sys_manager) refers to rt_time.o(.data) for os_time
    rt_system.o(i.os_sys_manager) refers to rtx_config.o(.bss) for os_fifo
    rt_system.o(i.os_sys_manager) refers to rt_list.o(.bss) for os_rdy
    rt_list.o(i.os_dec_dly) refers to rt_list.o(i.os_put_prio) for os_put_prio
    rt_list.o(i.os_dec_dly) refers to rt_list.o(.bss) for .bss
    rt_list.o(i.os_dec_dly) refers to rt_time.o(.data) for os_time
    rt_list.o(i.os_get_same_rdy_prio) refers to rt_list.o(.bss) for .bss
    rt_list.o(i.os_get_same_rdy_prio) refers to rt_task.o(.data) for os_runtask
    rt_list.o(i.os_psq_enq) refers to hal_arm.o(.emb_text) for _inc_qi
    rt_list.o(i.os_psq_enq) refers to rtx_config.o(.text) for os_error
    rt_list.o(i.os_psq_enq) refers to rtx_config.o(.bss) for os_fifo
    rt_list.o(i.os_put_dly) refers to rt_list.o(.bss) for .bss
    rt_list.o(i.os_put_rdy_first) refers to rt_list.o(.bss) for .bss
    rt_list.o(i.os_resort_prio) refers to rt_list.o(i.os_rmv_list) for os_rmv_list
    rt_list.o(i.os_resort_prio) refers to rt_list.o(i.os_put_prio) for os_put_prio
    rt_list.o(i.os_resort_prio) refers to rt_list.o(.bss) for .bss
    rt_list.o(i.os_rmv_list) refers to rt_list.o(.bss) for .bss
    rt_robin.o(i.os_chk_robin) refers to rt_list.o(i.os_get_first) for os_get_first
    rt_robin.o(i.os_chk_robin) refers to rt_list.o(i.os_put_prio) for os_put_prio
    rt_robin.o(i.os_chk_robin) refers to rt_robin.o(.data) for .data
    rt_robin.o(i.os_chk_robin) refers to rt_list.o(.bss) for os_rdy
    rt_robin.o(i.os_chk_robin) refers to rt_time.o(.data) for os_time
    rt_robin.o(i.os_init_robin) refers to rt_robin.o(.data) for .data
    rt_robin.o(i.os_init_robin) refers to rtx_config.o(.constdata) for os_rrobin
    swi_table.o(SWI_TABLE) refers to hal_arm.o(i.__SWI_0) for __SWI_0
    swi_table.o(SWI_TABLE) refers to rt_membox.o(i.__SWI_1) for __SWI_1
    swi_table.o(SWI_TABLE) refers to rt_membox.o(i.__SWI_2) for __SWI_2
    swi_table.o(SWI_TABLE) refers to hal_arm.o(i.__SWI_3) for __SWI_3
    swi_table.o(SWI_TABLE) refers to hal_arm.o(i.__SWI_4) for __SWI_4
    swi_table.o(SWI_TABLE) refers to rtx_config.o(.text) for __SWI_5
    swi_table.o(SWI_TABLE) refers to hal_arm.o(i.__SWI_6) for __SWI_6
    swi_table.o(SWI_TABLE) refers to hal_arm.o(i.__SWI_7) for __SWI_7
    rt_event.o(i.isr_evt_set) refers to rt_list.o(i.os_psq_enq) for os_psq_enq
    rt_event.o(i.isr_evt_set) refers to rt_system.o(i.os_psh_req) for os_psh_req
    rt_event.o(i.isr_evt_set) refers to rtx_config.o(.bss) for os_active_TCB
    rt_event.o(i.os_evt_clr) refers to rtx_config.o(.text) for tsk_unlock
    rt_event.o(i.os_evt_clr) refers to rtx_config.o(.bss) for os_active_TCB
    rt_event.o(i.os_evt_get) refers to rt_task.o(.data) for os_runtask
    rt_event.o(i.os_evt_psh) refers to rt_list.o(i.os_rmv_dly) for os_rmv_dly
    rt_event.o(i.os_evt_psh) refers to rt_list.o(i.os_put_prio) for os_put_prio
    rt_event.o(i.os_evt_psh) refers to rt_list.o(.bss) for os_rdy
    rt_event.o(i.os_evt_set) refers to rt_list.o(i.os_rmv_dly) for os_rmv_dly
    rt_event.o(i.os_evt_set) refers to rt_task.o(i.os_dispatch) for os_dispatch
    rt_event.o(i.os_evt_set) refers to rtx_config.o(.text) for tsk_unlock
    rt_event.o(i.os_evt_set) refers to rtx_config.o(.bss) for os_active_TCB
    rt_event.o(i.os_evt_wait) refers to rt_task.o(i.os_block) for os_block
    rt_event.o(i.os_evt_wait) refers to rtx_config.o(.text) for tsk_unlock
    rt_event.o(i.os_evt_wait) refers to rt_task.o(.data) for os_runtask
    rt_semaphore.o(i.isr_sem_send) refers to rt_list.o(i.os_psq_enq) for os_psq_enq
    rt_semaphore.o(i.isr_sem_send) refers to rt_system.o(i.os_psh_req) for os_psh_req
    rt_semaphore.o(i.os_sem_init) refers to rtx_config.o(.text) for tsk_unlock
    rt_semaphore.o(i.os_sem_psh) refers to rt_list.o(i.os_get_first) for os_get_first
    rt_semaphore.o(i.os_sem_psh) refers to rt_list.o(i.os_rmv_dly) for os_rmv_dly
    rt_semaphore.o(i.os_sem_psh) refers to rt_list.o(i.os_put_prio) for os_put_prio
    rt_semaphore.o(i.os_sem_psh) refers to rt_list.o(.bss) for os_rdy
    rt_semaphore.o(i.os_sem_send) refers to rt_list.o(i.os_get_first) for os_get_first
    rt_semaphore.o(i.os_sem_send) refers to rt_list.o(i.os_rmv_dly) for os_rmv_dly
    rt_semaphore.o(i.os_sem_send) refers to rt_task.o(i.os_dispatch) for os_dispatch
    rt_semaphore.o(i.os_sem_send) refers to rtx_config.o(.text) for tsk_unlock
    rt_semaphore.o(i.os_sem_wait) refers to rtx_config.o(.text) for tsk_unlock
    rt_semaphore.o(i.os_sem_wait) refers to rt_list.o(i.os_put_prio) for os_put_prio
    rt_semaphore.o(i.os_sem_wait) refers to rt_task.o(i.os_block) for os_block
    rt_semaphore.o(i.os_sem_wait) refers to rt_task.o(.data) for os_runtask
    rt_timer.o(i.os_tmr_create) refers to rtx_config.o(.text) for tsk_unlock
    rt_timer.o(i.os_tmr_create) refers to rtx_config.o(.data) for m_tmr
    rt_timer.o(i.os_tmr_create) refers to rt_timer.o(.data) for .data
    rt_timer.o(i.os_tmr_kill) refers to rtx_config.o(.text) for tsk_unlock
    rt_timer.o(i.os_tmr_kill) refers to rt_timer.o(.data) for .data
    rt_timer.o(i.os_tmr_kill) refers to rtx_config.o(.data) for m_tmr
    rt_timer.o(i.os_tmr_tick) refers to rtx_config.o(.text) for os_tmr_call
    rt_timer.o(i.os_tmr_tick) refers to rt_timer.o(.data) for .data
    rt_timer.o(i.os_tmr_tick) refers to rtx_config.o(.data) for m_tmr
    entry.o(.ARM.Collect$$$$00000000) refers (Special) to entry10a.o(.ARM.Collect$$$$0000000D) for __rt_final_cpp
    entry.o(.ARM.Collect$$$$00000000) refers (Special) to entry11a.o(.ARM.Collect$$$$0000000F) for __rt_final_exit
    entry.o(.ARM.Collect$$$$00000000) refers (Special) to entry7b.o(.ARM.Collect$$$$00000008) for _main_clock
    entry.o(.ARM.Collect$$$$00000000) refers (Special) to entry8b.o(.ARM.Collect$$$$0000000A) for _main_cpp_init
    entry.o(.ARM.Collect$$$$00000000) refers (Special) to entry9a.o(.ARM.Collect$$$$0000000B) for _main_init
    entry.o(.ARM.Collect$$$$00000000) refers (Special) to entry5.o(.ARM.Collect$$$$00000004) for _main_scatterload
    entry.o(.ARM.Collect$$$$00000000) refers (Special) to entry2.o(.ARM.Collect$$$$00000001) for _main_stk
    entry2.o(.ARM.Collect$$$$00000001) refers to entry2.o(.ARM.Collect$$$$00002712) for __lit__00000000
    entry2.o(.ARM.Collect$$$$00002712) refers to lpc2300.o(STACK) for __initial_sp
    entry5.o(.ARM.Collect$$$$00000004) refers to init.o(.text) for __scatterload
    entry9a.o(.ARM.Collect$$$$0000000B) refers to main.o(.text) for main
    entry9b.o(.ARM.Collect$$$$0000000C) refers to main.o(.text) for main
    init.o(.text) refers to init.o(i.__ARM_common_call_via_r3) for __ARM_common_call_via_r3
    init.o(.text) refers to entry5.o(.ARM.Collect$$$$00000004) for __main_after_scatterload


==============================================================================

Removing Unused input sections from the image.

    Removing lpc2300.o(HEAP), (0 bytes).
    Removing rt_task.o(i.os_tsk_create_ex0), (12 bytes).
    Removing rt_task.o(i.os_tsk_pass), (52 bytes).
    Removing rt_task.o(i.os_tsk_prio), (144 bytes).
    Removing rt_task.o(i.os_tsk_self), (16 bytes).
    Removing rt_time.o(i.os_itv_set), (24 bytes).
    Removing rt_time.o(i.os_itv_wait), (56 bytes).
    Removing rt_time.o(i.os_time_get), (12 bytes).
    Removing rt_mailbox.o(i.isr_mbx_receive), (76 bytes).
    Removing rt_mailbox.o(i.isr_mbx_send), (16 bytes).
    Removing rt_mailbox.o(i.os_mbx_check), (8 bytes).
    Removing rt_membox.o(i._calloc_box), (34 bytes).
    Removing rt_system.o(.emb_text), (0 bytes).
    Removing rt_system.o(i.os_psh_req), (52 bytes).
    Removing rt_system.o(i.os_resume), (168 bytes).
    Removing rt_system.o(i.os_suspend), (52 bytes).
    Removing rt_list.o(i.os_get_same_rdy_prio), (36 bytes).
    Removing rt_list.o(i.os_psq_enq), (52 bytes).
    Removing rt_list.o(i.os_resort_prio), (52 bytes).
    Removing rt_event.o(i.isr_evt_set), (40 bytes).
    Removing rt_event.o(i.os_evt_clr), (40 bytes).
    Removing rt_event.o(i.os_evt_get), (12 bytes).
    Removing rt_event.o(i.os_evt_set), (100 bytes).
    Removing rt_event.o(i.os_evt_wait), (96 bytes).
    Removing rt_semaphore.o(i.isr_sem_send), (18 bytes).
    Removing rt_semaphore.o(i.os_sem_init), (28 bytes).
    Removing rt_semaphore.o(i.os_sem_send), (58 bytes).
    Removing rt_semaphore.o(i.os_sem_wait), (96 bytes).
    Removing rt_timer.o(i.os_tmr_create), (92 bytes).
    Removing rt_timer.o(i.os_tmr_kill), (72 bytes).

30 unused section(s) (total 1514 bytes) removed from the image.

==============================================================================

Adding Veneers to the image

    Adding AT veneer (8 bytes, Inline) for call to '__scatterload' from entry5.o(.ARM.Collect$$$$00000004).
    Adding TA veneer (8 bytes, Short) for call to '__main_after_scatterload' from init.o(.text).

2 Veneer(s) (total 16 bytes) added to the image.

==============================================================================

Image Symbol Table

    Local Symbols

    Symbol Name                              Value     Ov Type        Size  Object(Section)

    RESET                                    0x00000000   Section      352  lpc2300.o(RESET)
    ../clib/microlib/division.c              0x00000000   Number         0  uidiv.o ABSOLUTE
    ../clib/microlib/init/entry.s            0x00000000   Number         0  entry5.o ABSOLUTE
    ../clib/microlib/init/entry.s            0x00000000   Number         0  entry8a.o ABSOLUTE
    ../clib/microlib/init/entry.s            0x00000000   Number         0  entry7b.o ABSOLUTE
    ../clib/microlib/init/entry.s            0x00000000   Number         0  entry7a.o ABSOLUTE
    ../clib/microlib/init/entry.s            0x00000000   Number         0  entry11b.o ABSOLUTE
    ../clib/microlib/init/entry.s            0x00000000   Number         0  entry2.o ABSOLUTE
    ../clib/microlib/init/entry.s            0x00000000   Number         0  entry11a.o ABSOLUTE
    ../clib/microlib/init/entry.s            0x00000000   Number         0  entry10b.o ABSOLUTE
    ../clib/microlib/init/entry.s            0x00000000   Number         0  entry10a.o ABSOLUTE
    ../clib/microlib/init/entry.s            0x00000000   Number         0  entry8b.o ABSOLUTE
    ../clib/microlib/init/entry.s            0x00000000   Number         0  entry9b.o ABSOLUTE
    ../clib/microlib/init/entry.s            0x00000000   Number         0  entry.o ABSOLUTE
    ../clib/microlib/init/entry.s            0x00000000   Number         0  entry9a.o ABSOLUTE
    ADC.c                                    0x00000000   Number         0  adc.o ABSOLUTE
    DAC.c                                    0x00000000   Number         0  dac.o ABSOLUTE
    LPC2300.s                                0x00000000   Number         0  lpc2300.o ABSOLUTE
    RTX_Config.c                             0x00000000   Number         0  rtx_config.o ABSOLUTE
    SRC\ARM\HAL_ARM.c                        0x00000000   Number         0  hal_arm.o ABSOLUTE
    SRC\ARM\SWI_Table.s                      0x00000000   Number         0  swi_table.o ABSOLUTE
    SRC\ARM\rt_Event.c                       0x00000000   Number         0  rt_event.o ABSOLUTE
    SRC\ARM\rt_List.c                        0x00000000   Number         0  rt_list.o ABSOLUTE
    SRC\ARM\rt_Mailbox.c                     0x00000000   Number         0  rt_mailbox.o ABSOLUTE
    SRC\ARM\rt_MemBox.c                      0x00000000   Number         0  rt_membox.o ABSOLUTE
    SRC\ARM\rt_Robin.c                       0x00000000   Number         0  rt_robin.o ABSOLUTE
    SRC\ARM\rt_Semaphore.c                   0x00000000   Number         0  rt_semaphore.o ABSOLUTE
    SRC\ARM\rt_System.c                      0x00000000   Number         0  rt_system.o ABSOLUTE
    SRC\ARM\rt_Task.c                        0x00000000   Number         0  rt_task.o ABSOLUTE
    SRC\ARM\rt_Time.c                        0x00000000   Number         0  rt_time.o ABSOLUTE
    SRC\ARM\rt_Timer.c                       0x00000000   Number         0  rt_timer.o ABSOLUTE
    SRC\\ARM\\HAL_ARM.c                      0x00000000   Number         0  hal_arm.o ABSOLUTE
    SRC\\ARM\\rt_System.c                    0x00000000   Number         0  rt_system.o ABSOLUTE
    Serial.c                                 0x00000000   Number         0  serial.o ABSOLUTE
    dc.s                                     0x00000000   Number         0  dc.o ABSOLUTE
    handlers.s                               0x00000000   Number         0  handlers.o ABSOLUTE
    init.s                                   0x00000000   Number         0  init.o ABSOLUTE
    main.c                                   0x00000000   Number         0  main.o ABSOLUTE
    Undef_Handler                            0x00000040   ARM Code       4  lpc2300.o(RESET)
    PAbt_Handler                             0x00000044   ARM Code       4  lpc2300.o(RESET)
    DAbt_Handler                             0x00000048   ARM Code       4  lpc2300.o(RESET)
    IRQ_Handler                              0x0000004c   ARM Code       4  lpc2300.o(RESET)
    FIQ_Handler                              0x00000050   ARM Code       4  lpc2300.o(RESET)
    .ARM.Collect$$$$00000000                 0x00000160   Section        0  entry.o(.ARM.Collect$$$$00000000)
    .ARM.Collect$$$$00000001                 0x00000160   Section        4  entry2.o(.ARM.Collect$$$$00000001)
    .ARM.Collect$$$$00000004                 0x00000164   Section        4  entry5.o(.ARM.Collect$$$$00000004)
    .ARM.Collect$$$$00000008                 0x00000168   Section        0  entry7b.o(.ARM.Collect$$$$00000008)
    .ARM.Collect$$$$0000000A                 0x00000168   Section        0  entry8b.o(.ARM.Collect$$$$0000000A)
    .ARM.Collect$$$$0000000B                 0x00000168   Section       12  entry9a.o(.ARM.Collect$$$$0000000B)
    .ARM.Collect$$$$0000000D                 0x00000174   Section        0  entry10a.o(.ARM.Collect$$$$0000000D)
    .ARM.Collect$$$$0000000F                 0x00000174   Section        0  entry11a.o(.ARM.Collect$$$$0000000F)
    .ARM.Collect$$$$00002712                 0x00000174   Section        4  entry2.o(.ARM.Collect$$$$00002712)
    __lit__00000000                          0x00000174   Data           4  entry2.o(.ARM.Collect$$$$00002712)
    .emb_text                                0x00000178   Section      516  hal_arm.o(.emb_text)
    Switch_task                              0x000002f4   ARM Code       0  hal_arm.o(.emb_text)
    .text                                    0x0000037c   Section        0  adc.o(.text)
    .text                                    0x000003a8   Section        0  dac.o(.text)
    .text                                    0x000003cc   Section        0  main.o(.text)
    .text                                    0x0000053c   Section        0  serial.o(.text)
    .text                                    0x0000060c   Section        0  rtx_config.o(.text)
    .text                                    0x00000690   Section        0  uidiv.o(.text)
    .text                                    0x000006c8   Section       32  init.o(.text)
    SWI_TABLE                                0x000006e8   Section       36  swi_table.o(SWI_TABLE)
    i.__ARM_common_call_via_r3               0x00000714   Section        2  init.o(i.__ARM_common_call_via_r3)
    i.__SWI_0                                0x00000718   Section        0  hal_arm.o(i.__SWI_0)
    i.__SWI_1                                0x0000074c   Section        0  rt_membox.o(i.__SWI_1)
    i.__SWI_2                                0x0000075a   Section        0  rt_membox.o(i.__SWI_2)
    i.__SWI_3                                0x00000772   Section        0  hal_arm.o(i.__SWI_3)
    i.__SWI_4                                0x0000077a   Section        0  hal_arm.o(i.__SWI_4)
    i.__SWI_6                                0x00000782   Section        0  hal_arm.o(i.__SWI_6)
    i.__SWI_7                                0x00000784   Section        0  hal_arm.o(i.__SWI_7)
    i.__scatterload_copy                     0x00000788   Section       28  handlers.o(i.__scatterload_copy)
    i.__scatterload_null                     0x000007a4   Section        4  handlers.o(i.__scatterload_null)
    i.__scatterload_zeroinit                 0x000007a8   Section       24  handlers.o(i.__scatterload_zeroinit)
    i._init_box                              0x000007c0   Section        0  rt_membox.o(i._init_box)
    i.os_block                               0x0000080c   Section        0  rt_task.o(i.os_block)
    i.os_chk_robin                           0x00000854   Section        0  rt_robin.o(i.os_chk_robin)
    i.os_dec_dly                             0x0000089c   Section        0  rt_list.o(i.os_dec_dly)
    i.os_dispatch                            0x00000918   Section        0  rt_task.o(i.os_dispatch)
    i.os_dly_wait                            0x0000095c   Section        0  rt_time.o(i.os_dly_wait)
    i.os_evt_psh                             0x00000974   Section        0  rt_event.o(i.os_evt_psh)
    i.os_get_first                           0x000009c4   Section        0  rt_list.o(i.os_get_first)
    i.os_init_context                        0x000009f0   Section        0  rt_task.o(i.os_init_context)
    os_init_context                          0x000009f1   Thumb Code    70  rt_task.o(i.os_init_context)
    i.os_init_robin                          0x00000a3c   Section        0  rt_robin.o(i.os_init_robin)
    i.os_init_stack                          0x00000a54   Section        0  hal_arm.o(i.os_init_stack)
    i.os_mbx_init                            0x00000ac8   Section        0  rt_mailbox.o(i.os_mbx_init)
    i.os_mbx_psh                             0x00000af8   Section        0  rt_mailbox.o(i.os_mbx_psh)
    i.os_mbx_send                            0x00000b88   Section        0  rt_mailbox.o(i.os_mbx_send)
    i.os_mbx_wait                            0x00000c2c   Section        0  rt_mailbox.o(i.os_mbx_wait)
    i.os_put_dly                             0x00000ccc   Section        0  rt_list.o(i.os_put_dly)
    i.os_put_prio                            0x00000d1c   Section        0  rt_list.o(i.os_put_prio)
    i.os_put_rdy_first                       0x00000d5c   Section        0  rt_list.o(i.os_put_rdy_first)
    i.os_rmv_dly                             0x00000d70   Section        0  rt_list.o(i.os_rmv_dly)
    i.os_rmv_list                            0x00000d9c   Section        0  rt_list.o(i.os_rmv_list)
    i.os_sem_psh                             0x00000dd0   Section        0  rt_semaphore.o(i.os_sem_psh)
    i.os_stk_check                           0x00000e08   Section        0  hal_arm.o(i.os_stk_check)
    i.os_sys_init1                           0x00000e38   Section        0  rt_task.o(i.os_sys_init1)
    i.os_sys_manager                         0x00000f20   Section        0  rt_system.o(i.os_sys_manager)
    i.os_tmr_tick                            0x00000fec   Section        0  rt_timer.o(i.os_tmr_tick)
    i.os_tsk_create0                         0x00001030   Section        0  rt_task.o(i.os_tsk_create0)
    i.os_tsk_delete                          0x000010c0   Section        0  rt_task.o(i.os_tsk_delete)
    .constdata                               0x00001210   Section       11  serial.o(.constdata)
    dec                                      0x00001210   Data          11  serial.o(.constdata)
    .constdata                               0x0000121c   Section        2  rtx_config.o(.constdata)
    .constdata                               0x00001220   Section        4  rtx_config.o(.constdata)
    .constdata                               0x00001224   Section        4  rtx_config.o(.constdata)
    .constdata                               0x00001228   Section        8  rtx_config.o(.constdata)
    __tagsym$$used                           0x00001228   Number         0  rtx_config.o(.constdata)
    __tagsym$$used                           0x0000122c   Number         0  rtx_config.o(.constdata)
    .constdata                               0x00001230   Section        2  rtx_config.o(.constdata)
    .constdata                               0x00001234   Section        4  rtx_config.o(.constdata)
    .constdata                               0x00001238   Section        1  rtx_config.o(.constdata)
    .constdata                               0x0000123a   Section        2  rtx_config.o(.constdata)
    .constdata                               0x0000123c   Section        4  rt_system.o(.constdata)
    __tagsym$$used                           0x0000123c   Number         0  rt_system.o(.constdata)
    .data                                    0x40000000   Section        8  main.o(.data)
    .data                                    0x40000008   Section        4  rtx_config.o(.data)
    .data                                    0x4000000c   Section        4  rt_task.o(.data)
    .data                                    0x40000010   Section        4  rt_time.o(.data)
    .data                                    0x40000014   Section        4  hal_arm.o(.data)
    .data                                    0x40000018   Section        1  hal_arm.o(.data)
    .data                                    0x4000001c   Section        8  rt_system.o(.data)
    .data                                    0x40000024   Section        8  rt_robin.o(.data)
    .data                                    0x4000002c   Section        8  rt_timer.o(.data)
    .bss                                     0x40000034   Section     1268  main.o(.bss)
    .bss                                     0x40000528   Section      404  rtx_config.o(.bss)
    .bss                                     0x400006c0   Section     1416  rtx_config.o(.bss)
    .bss                                     0x40000c48   Section      132  rtx_config.o(.bss)
    .bss                                     0x40000ccc   Section       28  rtx_config.o(.bss)
    .bss                                     0x40000ce8   Section       56  rt_task.o(.bss)
    .bss                                     0x40000d20   Section       48  rt_list.o(.bss)
    STACK                                    0x40000d50   Section      240  lpc2300.o(STACK)
    Stack_Top                                0x40000e40   Data           0  lpc2300.o(STACK)

    Global Symbols

    Symbol Name                              Value     Ov Type        Size  Object(Section)

    BuildAttributes$$THM_ISAv1$ARM_ISAv4$S$PE$A:L22$X:L11$S22$IEEE1$IW$USESV6$~STKCKD$USESV7$~SHL$OSPACE$EBA8$MICROLIB$REQ8$EABIv2 0x00000000   Number         0  anon$$obj.o ABSOLUTE
    __ARM_use_no_argv                        0x00000000   Number         0  main.o ABSOLUTE
    __cpp_initialize__aeabi_                  - Undefined Weak Reference
    __cxa_finalize                            - Undefined Weak Reference
    __decompress                              - Undefined Weak Reference
    _clock_init                               - Undefined Weak Reference
    _microlib_exit                            - Undefined Weak Reference
    os_tmr_reload                             - Undefined Weak Reference
    rt_init                                   - Undefined Weak Reference
    rt_notify                                 - Undefined Weak Reference
    rt_post_taskswitch                        - Undefined Weak Reference
    Reset_Handler                            0x00000054   ARM Code       0  lpc2300.o(RESET)
    __main                                   0x00000160   ARM Code       0  entry.o(.ARM.Collect$$$$00000000)
    _main_stk                                0x00000160   ARM Code       0  entry2.o(.ARM.Collect$$$$00000001)
    _main_scatterload                        0x00000164   ARM Code       0  entry5.o(.ARM.Collect$$$$00000004)
    __main_after_scatterload                 0x00000168   ARM Code       0  entry5.o(.ARM.Collect$$$$00000004)
    _main_clock                              0x00000168   ARM Code       0  entry7b.o(.ARM.Collect$$$$00000008)
    _main_cpp_init                           0x00000168   ARM Code       0  entry8b.o(.ARM.Collect$$$$0000000A)
    _main_init                               0x00000168   ARM Code       0  entry9a.o(.ARM.Collect$$$$0000000B)
    __rt_final_cpp                           0x00000174   ARM Code       0  entry10a.o(.ARM.Collect$$$$0000000D)
    __rt_final_exit                          0x00000174   ARM Code       0  entry11a.o(.ARM.Collect$$$$0000000F)
    _inc_qi                                  0x00000179   Thumb Code    60  hal_arm.o(.emb_text)
    _dec_qc                                  0x000001b5   Thumb Code    32  hal_arm.o(.emb_text)
    os_set_env                               0x000001d5   Thumb Code     8  hal_arm.o(.emb_text)
    os_sys_init0                             0x000001dd   Thumb Code    32  hal_arm.o(.emb_text)
    os_sys_run                               0x00000209   Thumb Code    16  hal_arm.o(.emb_text)
    os_clock_interrupt                       0x0000021c   ARM Code     128  hal_arm.o(.emb_text)
    os_sys_manager_ret                       0x00000289   Thumb Code     0  hal_arm.o(.emb_text)
    SWI_Handler                              0x000002b0   ARM Code     196  hal_arm.o(.emb_text)
    os_switch_tasks_ret                      0x000002ed   Thumb Code     0  hal_arm.o(.emb_text)
    ADC_init                                 0x0000037d   Thumb Code    26  adc.o(.text)
    DAC_init                                 0x000003a9   Thumb Code    24  dac.o(.text)
    ADC                                      0x000003cd   Thumb Code    74  main.o(.text)
    rec_task                                 0x00000417   Thumb Code    80  main.o(.text)
    init                                     0x00000467   Thumb Code    66  main.o(.text)
    __RL_RTX_VER                             0x00000474   Number         0  rt_system.o ABSOLUTE
    main                                     0x000004a9   Thumb Code    48  main.o(.text)
    serial_init                              0x0000053d   Thumb Code    46  serial.o(.text)
    sendchar                                 0x0000056b   Thumb Code    28  serial.o(.text)
    SendInteger                              0x00000587   Thumb Code    74  serial.o(.text)
    printString                              0x000005d1   Thumb Code    44  serial.o(.text)
    os_idle_demon                            0x0000060d   Thumb Code     2  rtx_config.o(.text)
    os_tmr_call                              0x0000060f   Thumb Code     2  rtx_config.o(.text)
    os_error                                 0x00000611   Thumb Code     2  rtx_config.o(.text)
    os_tmr_init                              0x00000613   Thumb Code    34  rtx_config.o(.text)
    os_tmr_force_irq                         0x00000635   Thumb Code    10  rtx_config.o(.text)
    os_tmr_inspect_cnt                       0x0000063f   Thumb Code     6  rtx_config.o(.text)
    os_tmr_inspect_ovf                       0x00000645   Thumb Code    10  rtx_config.o(.text)
    os_irq_ack_lock                          0x0000064f   Thumb Code    22  rtx_config.o(.text)
    __SWI_5                                  0x00000665   Thumb Code    10  rtx_config.o(.text)
    tsk_unlock                               0x0000066f   Thumb Code    10  rtx_config.o(.text)
    __aeabi_uidiv                            0x00000691   Thumb Code     0  uidiv.o(.text)
    __aeabi_uidivmod                         0x00000691   Thumb Code    46  uidiv.o(.text)
    Inline ARM to Thumb Veneer to __scatterload 0x000006c0   ARM Code       8  init.o(.text)
    __scatterload                            0x000006c9   Thumb Code    24  init.o(.text)
    __scatterload_rt2                        0x000006c9   Thumb Code     0  init.o(.text)
    SWI_Count                                0x000006e8   Data           4  swi_table.o(SWI_TABLE)
    SWI_Table                                0x000006ec   Data           0  swi_table.o(SWI_TABLE)
    Short Thumb to ARM Veneer to __main_after_scatterload 0x0000070d   Thumb Code     8  anon$$obj.o(Veneer$$Code)
    __ARM_common_call_via_r3                 0x00000715   Thumb Code     2  init.o(i.__ARM_common_call_via_r3)
    __SWI_0                                  0x00000719   Thumb Code    46  hal_arm.o(i.__SWI_0)
    __SWI_1                                  0x0000074d   Thumb Code    14  rt_membox.o(i.__SWI_1)
    __SWI_2                                  0x0000075b   Thumb Code    24  rt_membox.o(i.__SWI_2)
    __SWI_3                                  0x00000773   Thumb Code     8  hal_arm.o(i.__SWI_3)
    __SWI_4                                  0x0000077b   Thumb Code     8  hal_arm.o(i.__SWI_4)
    __SWI_6                                  0x00000783   Thumb Code     2  hal_arm.o(i.__SWI_6)
    __SWI_7                                  0x00000785   Thumb Code     2  hal_arm.o(i.__SWI_7)
    __scatterload_copy                       0x00000788   ARM Code      28  handlers.o(i.__scatterload_copy)
    __scatterload_null                       0x000007a4   ARM Code       4  handlers.o(i.__scatterload_null)
    __scatterload_zeroinit                   0x000007a8   ARM Code      24  handlers.o(i.__scatterload_zeroinit)
    _init_box                                0x000007c1   Thumb Code    74  rt_membox.o(i._init_box)
    os_block                                 0x0000080d   Thumb Code    58  rt_task.o(i.os_block)
    os_chk_robin                             0x00000855   Thumb Code    60  rt_robin.o(i.os_chk_robin)
    os_dec_dly                               0x0000089d   Thumb Code   116  rt_list.o(i.os_dec_dly)
    os_dispatch                              0x00000919   Thumb Code    60  rt_task.o(i.os_dispatch)
    os_dly_wait                              0x0000095d   Thumb Code    24  rt_time.o(i.os_dly_wait)
    os_evt_psh                               0x00000975   Thumb Code    74  rt_event.o(i.os_evt_psh)
    os_get_first                             0x000009c5   Thumb Code    42  rt_list.o(i.os_get_first)
    os_init_robin                            0x00000a3d   Thumb Code    16  rt_robin.o(i.os_init_robin)
    os_init_stack                            0x00000a55   Thumb Code   100  hal_arm.o(i.os_init_stack)
    os_mbx_init                              0x00000ac9   Thumb Code    44  rt_mailbox.o(i.os_mbx_init)
    os_mbx_psh                               0x00000af9   Thumb Code   140  rt_mailbox.o(i.os_mbx_psh)
    os_mbx_send                              0x00000b89   Thumb Code   158  rt_mailbox.o(i.os_mbx_send)
    os_mbx_wait                              0x00000c2d   Thumb Code   154  rt_mailbox.o(i.os_mbx_wait)
    os_put_dly                               0x00000ccd   Thumb Code    76  rt_list.o(i.os_put_dly)
    os_put_prio                              0x00000d1d   Thumb Code    62  rt_list.o(i.os_put_prio)
    os_put_rdy_first                         0x00000d5d   Thumb Code    14  rt_list.o(i.os_put_rdy_first)
    os_rmv_dly                               0x00000d71   Thumb Code    44  rt_list.o(i.os_rmv_dly)
    os_rmv_list                              0x00000d9d   Thumb Code    46  rt_list.o(i.os_rmv_list)
    os_sem_psh                               0x00000dd1   Thumb Code    50  rt_semaphore.o(i.os_sem_psh)
    os_stk_check                             0x00000e09   Thumb Code    38  hal_arm.o(i.os_stk_check)
    os_sys_init1                             0x00000e39   Thumb Code   162  rt_task.o(i.os_sys_init1)
    os_sys_manager                           0x00000f21   Thumb Code   184  rt_system.o(i.os_sys_manager)
    os_tmr_tick                              0x00000fed   Thumb Code    58  rt_timer.o(i.os_tmr_tick)
    os_tsk_create0                           0x00001031   Thumb Code   130  rt_task.o(i.os_tsk_create0)
    os_tsk_delete                            0x000010c1   Thumb Code   312  rt_task.o(i.os_tsk_delete)
    os_maxtaskrun                            0x0000121c   Data           2  rtx_config.o(.constdata)
    os_stackinfo                             0x00001220   Data           4  rtx_config.o(.constdata)
    os_rrobin                                0x00001224   Data           4  rtx_config.o(.constdata)
    os_clockrate                             0x00001228   Data           4  rtx_config.o(.constdata)
    os_timernum                              0x0000122c   Data           4  rtx_config.o(.constdata)
    mp_tcb_size                              0x00001230   Data           2  rtx_config.o(.constdata)
    mp_stk_size                              0x00001234   Data           4  rtx_config.o(.constdata)
    os_fifo_size                             0x00001238   Data           1  rtx_config.o(.constdata)
    mp_tmr_size                              0x0000123a   Data           2  rtx_config.o(.constdata)
    RL_RTX_Version                           0x0000123c   Data           4  rt_system.o(.constdata)
    Region$$Table$$Base                      0x00001240   Number         0  anon$$obj.o(Region$$Table)
    Region$$Table$$Limit                     0x00001260   Number         0  anon$$obj.o(Region$$Table)
    t_ADC                                    0x40000000   Data           4  main.o(.data)
    t_rec_task                               0x40000004   Data           4  main.o(.data)
    m_tmr                                    0x40000008   Data           4  rtx_config.o(.data)
    os_runtask                               0x4000000c   Data           4  rt_task.o(.data)
    os_time                                  0x40000010   Data           4  rt_time.o(.data)
    sys_stktop                               0x40000014   Data           4  hal_arm.o(.data)
    sys_mode                                 0x40000018   Data           1  hal_arm.o(.data)
    os_psh                                   0x4000001c   Data           8  rt_system.o(.data)
    os_robin                                 0x40000024   Data           8  rt_robin.o(.data)
    os_tmr                                   0x4000002c   Data           8  rt_timer.o(.data)
    MsgBox                                   0x40000034   Data          80  main.o(.bss)
    mpool                                    0x40000084   Data        1188  main.o(.bss)
    mp_tcb                                   0x40000528   Data         404  rtx_config.o(.bss)
    mp_stk                                   0x400006c0   Data        1416  rtx_config.o(.bss)
    os_fifo                                  0x40000c48   Data         132  rtx_config.o(.bss)
    os_active_TCB                            0x40000ccc   Data          28  rtx_config.o(.bss)
    os_idle_TCB                              0x40000ce8   Data          56  rt_task.o(.bss)
    os_rdy                                   0x40000d20   Data          24  rt_list.o(.bss)
    os_dly                                   0x40000d38   Data          24  rt_list.o(.bss)
    __initial_sp                             0x40000da0   Data         160  lpc2300.o(STACK)



==============================================================================

Memory Map of the image

  Image Entry point : 0x00000160

  Load Region LR_IROM1 (Base: 0x00000000, Size: 0x00001294, Max: 0x00080000, ABSOLUTE)

    Execution Region ER_IROM1 (Base: 0x00000000, Size: 0x00001260, Max: 0x00080000, ABSOLUTE)

    Base Addr    Size         Type   Attr      Idx    E Section Name        Object

    0x00000000   0x00000160   Code   RO          106    RESET               lpc2300.o
    0x00000160   0x00000000   Code   RO          624  * .ARM.Collect$$$$00000000  mc_t.l(entry.o)
    0x00000160   0x00000004   Code   RO          629    .ARM.Collect$$$$00000001  mc_t.l(entry2.o)
    0x00000164   0x00000004   Code   RO          631    .ARM.Collect$$$$00000004  mc_t.l(entry5.o)
    0x00000168   0x00000000   Code   RO          633    .ARM.Collect$$$$00000008  mc_t.l(entry7b.o)
    0x00000168   0x00000000   Code   RO          635    .ARM.Collect$$$$0000000A  mc_t.l(entry8b.o)
    0x00000168   0x0000000c   Code   RO          636    .ARM.Collect$$$$0000000B  mc_t.l(entry9a.o)
    0x00000174   0x00000000   Code   RO          638    .ARM.Collect$$$$0000000D  mc_t.l(entry10a.o)
    0x00000174   0x00000000   Code   RO          640    .ARM.Collect$$$$0000000F  mc_t.l(entry11a.o)
    0x00000174   0x00000004   Code   RO          630    .ARM.Collect$$$$00002712  mc_t.l(entry2.o)
    0x00000178   0x00000204   Code   RO          318    .emb_text           RTX_ARM_L.LIB(hal_arm.o)
    0x0000037c   0x0000002c   Code   RO            1    .text               adc.o
    0x000003a8   0x00000024   Code   RO           32    .text               dac.o
    0x000003cc   0x00000170   Code   RO           44    .text               main.o
    0x0000053c   0x000000d0   Code   RO           60    .text               serial.o
    0x0000060c   0x00000084   Code   RO           74    .text               rtx_config.o
    0x00000690   0x0000002e   Code   RO          627    .text               mc_t.l(uidiv.o)
    0x000006be   0x00000002   PAD
    0x000006c0   0x00000008   Ven    RO          642    .text               mc_t.l(init.o)
    0x000006c8   0x00000020   Code   RO          642    .text               mc_t.l(init.o)
    0x000006e8   0x00000024   Code   RO          516    SWI_TABLE           RTX_ARM_L.LIB(swi_table.o)
    0x0000070c   0x00000008   Ven    RO          655    Veneer$$Code        anon$$obj.o
    0x00000714   0x00000002   Code   RO          644    i.__ARM_common_call_via_r3  mc_t.l(init.o)
    0x00000716   0x00000002   PAD
    0x00000718   0x00000034   Code   RO          319    i.__SWI_0           RTX_ARM_L.LIB(hal_arm.o)
    0x0000074c   0x0000000e   Code   RO          288    i.__SWI_1           RTX_ARM_L.LIB(rt_membox.o)
    0x0000075a   0x00000018   Code   RO          289    i.__SWI_2           RTX_ARM_L.LIB(rt_membox.o)
    0x00000772   0x00000008   Code   RO          320    i.__SWI_3           RTX_ARM_L.LIB(hal_arm.o)
    0x0000077a   0x00000008   Code   RO          321    i.__SWI_4           RTX_ARM_L.LIB(hal_arm.o)
    0x00000782   0x00000002   Code   RO          322    i.__SWI_6           RTX_ARM_L.LIB(hal_arm.o)
    0x00000784   0x00000002   Code   RO          323    i.__SWI_7           RTX_ARM_L.LIB(hal_arm.o)
    0x00000786   0x00000002   PAD
    0x00000788   0x0000001c   Code   RO          648    i.__scatterload_copy  mc_t.l(handlers.o)
    0x000007a4   0x00000004   Code   RO          649    i.__scatterload_null  mc_t.l(handlers.o)
    0x000007a8   0x00000018   Code   RO          650    i.__scatterload_zeroinit  mc_t.l(handlers.o)
    0x000007c0   0x0000004a   Code   RO          291    i._init_box         RTX_ARM_L.LIB(rt_membox.o)
    0x0000080a   0x00000002   PAD
    0x0000080c   0x00000048   Code   RO          110    i.os_block          RTX_ARM_L.LIB(rt_task.o)
    0x00000854   0x00000048   Code   RO          495    i.os_chk_robin      RTX_ARM_L.LIB(rt_robin.o)
    0x0000089c   0x0000007c   Code   RO          423    i.os_dec_dly        RTX_ARM_L.LIB(rt_list.o)
    0x00000918   0x00000044   Code   RO          111    i.os_dispatch       RTX_ARM_L.LIB(rt_task.o)
    0x0000095c   0x00000018   Code   RO          203    i.os_dly_wait       RTX_ARM_L.LIB(rt_time.o)
    0x00000974   0x00000050   Code   RO          522    i.os_evt_psh        RTX_ARM_L.LIB(rt_event.o)
    0x000009c4   0x0000002a   Code   RO          424    i.os_get_first      RTX_ARM_L.LIB(rt_list.o)
    0x000009ee   0x00000002   PAD
    0x000009f0   0x0000004c   Code   RO          112    i.os_init_context   RTX_ARM_L.LIB(rt_task.o)
    0x00000a3c   0x00000018   Code   RO          496    i.os_init_robin     RTX_ARM_L.LIB(rt_robin.o)
    0x00000a54   0x00000074   Code   RO          324    i.os_init_stack     RTX_ARM_L.LIB(hal_arm.o)
    0x00000ac8   0x00000030   Code   RO          243    i.os_mbx_init       RTX_ARM_L.LIB(rt_mailbox.o)
    0x00000af8   0x00000090   Code   RO          244    i.os_mbx_psh        RTX_ARM_L.LIB(rt_mailbox.o)
    0x00000b88   0x000000a4   Code   RO          245    i.os_mbx_send       RTX_ARM_L.LIB(rt_mailbox.o)
    0x00000c2c   0x000000a0   Code   RO          246    i.os_mbx_wait       RTX_ARM_L.LIB(rt_mailbox.o)
    0x00000ccc   0x00000050   Code   RO          427    i.os_put_dly        RTX_ARM_L.LIB(rt_list.o)
    0x00000d1c   0x0000003e   Code   RO          428    i.os_put_prio       RTX_ARM_L.LIB(rt_list.o)
    0x00000d5a   0x00000002   PAD
    0x00000d5c   0x00000014   Code   RO          429    i.os_put_rdy_first  RTX_ARM_L.LIB(rt_list.o)
    0x00000d70   0x0000002c   Code   RO          431    i.os_rmv_dly        RTX_ARM_L.LIB(rt_list.o)
    0x00000d9c   0x00000034   Code   RO          432    i.os_rmv_list       RTX_ARM_L.LIB(rt_list.o)
    0x00000dd0   0x00000038   Code   RO          563    i.os_sem_psh        RTX_ARM_L.LIB(rt_semaphore.o)
    0x00000e08   0x00000030   Code   RO          325    i.os_stk_check      RTX_ARM_L.LIB(hal_arm.o)
    0x00000e38   0x000000e8   Code   RO          113    i.os_sys_init1      RTX_ARM_L.LIB(rt_task.o)
    0x00000f20   0x000000cc   Code   RO          381    i.os_sys_manager    RTX_ARM_L.LIB(rt_system.o)
    0x00000fec   0x00000044   Code   RO          599    i.os_tmr_tick       RTX_ARM_L.LIB(rt_timer.o)
    0x00001030   0x00000090   Code   RO          114    i.os_tsk_create0    RTX_ARM_L.LIB(rt_task.o)
    0x000010c0   0x00000150   Code   RO          116    i.os_tsk_delete     RTX_ARM_L.LIB(rt_task.o)
    0x00001210   0x0000000b   Data   RO           61    .constdata          serial.o
    0x0000121b   0x00000001   PAD
    0x0000121c   0x00000002   Data   RO           79    .constdata          rtx_config.o
    0x0000121e   0x00000002   PAD
    0x00001220   0x00000004   Data   RO           80    .constdata          rtx_config.o
    0x00001224   0x00000004   Data   RO           81    .constdata          rtx_config.o
    0x00001228   0x00000008   Data   RO           82    .constdata          rtx_config.o
    0x00001230   0x00000002   Data   RO           83    .constdata          rtx_config.o
    0x00001232   0x00000002   PAD
    0x00001234   0x00000004   Data   RO           84    .constdata          rtx_config.o
    0x00001238   0x00000001   Data   RO           85    .constdata          rtx_config.o
    0x00001239   0x00000001   PAD
    0x0000123a   0x00000002   Data   RO           86    .constdata          rtx_config.o
    0x0000123c   0x00000004   Data   RO          382    .constdata          RTX_ARM_L.LIB(rt_system.o)
    0x00001240   0x00000020   Data   RO          646    Region$$Table       anon$$obj.o


    Execution Region RW_IRAM1 (Base: 0x40000000, Size: 0x00000e40, Max: 0x00008000, ABSOLUTE)

    Base Addr    Size         Type   Attr      Idx    E Section Name        Object

    0x40000000   0x00000008   Data   RW           46    .data               main.o
    0x40000008   0x00000004   Data   RW           87    .data               rtx_config.o
    0x4000000c   0x00000004   Data   RW          121    .data               RTX_ARM_L.LIB(rt_task.o)
    0x40000010   0x00000004   Data   RW          207    .data               RTX_ARM_L.LIB(rt_time.o)
    0x40000014   0x00000004   Data   RW          326    .data               RTX_ARM_L.LIB(hal_arm.o)
    0x40000018   0x00000001   Data   RW          327    .data               RTX_ARM_L.LIB(hal_arm.o)
    0x40000019   0x00000003   PAD
    0x4000001c   0x00000008   Data   RW          383    .data               RTX_ARM_L.LIB(rt_system.o)
    0x40000024   0x00000008   Data   RW          497    .data               RTX_ARM_L.LIB(rt_robin.o)
    0x4000002c   0x00000008   Data   RW          600    .data               RTX_ARM_L.LIB(rt_timer.o)
    0x40000034   0x000004f4   Zero   RW           45    .bss                main.o
    0x40000528   0x00000194   Zero   RW           75    .bss                rtx_config.o
    0x400006bc   0x00000004   PAD
    0x400006c0   0x00000588   Zero   RW           76    .bss                rtx_config.o
    0x40000c48   0x00000084   Zero   RW           77    .bss                rtx_config.o
    0x40000ccc   0x0000001c   Zero   RW           78    .bss                rtx_config.o
    0x40000ce8   0x00000038   Zero   RW          120    .bss                RTX_ARM_L.LIB(rt_task.o)
    0x40000d20   0x00000030   Zero   RW          433    .bss                RTX_ARM_L.LIB(rt_list.o)
    0x40000d50   0x000000f0   Zero   RW          104    STACK               lpc2300.o


==============================================================================

Image component sizes


      Code (inc. data)   RO Data    RW Data    ZI Data      Debug   Object Name

        44         18          0          0          0       7123   adc.o
        36         12          0          0          0        371   dac.o
       352         48          0          0        240        352   lpc2300.o
       368        100          0          8       1268       1813   main.o
       132         24         27          4       1980       2726   rtx_config.o
       208         16         11          0          0       1841   serial.o

    ----------------------------------------------------------------------
      1148        218         76         12       3492      14226   Object Totals
         8          0         32          0          0          0   (incl. Generated)
         0          0          6          0          4          0   (incl. Padding)

    ----------------------------------------------------------------------

      Code (inc. data)   RO Data    RW Data    ZI Data      Debug   Library Member Name

       752         80          0          5          0       4203   hal_arm.o
        80          6          0          0          0        561   rt_event.o
       424         24          0          0         48       3733   rt_list.o
       516         20          0          0          0       2603   rt_mailbox.o
       112          0          0          0          0       1584   rt_membox.o
        96         20          0          8          0       1058   rt_robin.o
        56          6          0          0          0        521   rt_semaphore.o
       204         20          4          8          0       1281   rt_system.o
       928        136          0          4         56       6374   rt_task.o
        24          0          0          4          0        640   rt_time.o
        68         10          0          8          0        687   rt_timer.o
        36         36          0          0          0        180   swi_table.o
         0          0          0          0          0          0   entry.o
         0          0          0          0          0          0   entry10a.o
         0          0          0          0          0          0   entry11a.o
         8          4          0          0          0          0   entry2.o
         4          0          0          0          0          0   entry5.o
         0          0          0          0          0          0   entry7b.o
         0          0          0          0          0          0   entry8b.o
        12          4          0          0          0          0   entry9a.o
        56          0          0          0          0          0   handlers.o
        42          8          0          0          0        136   init.o
        46          0          0          0          0         72   uidiv.o

    ----------------------------------------------------------------------
      3476        374          4         40        104      23633   Library Totals
        12          0          0          3          0          0   (incl. Padding)

    ----------------------------------------------------------------------

      Code (inc. data)   RO Data    RW Data    ZI Data      Debug   Library Name

      3296        358          4         37        104      23425   RTX_ARM_L.LIB
       168         16          0          0          0        208   mc_t.l

    ----------------------------------------------------------------------
      3476        374          4         40        104      23633   Library Totals

    ----------------------------------------------------------------------

==============================================================================


      Code (inc. data)   RO Data    RW Data    ZI Data      Debug   

      4624        592         80         52       3596      36199   Grand Totals
      4624        592         80         52       3596      36199   ELF Image Totals
      4624        592         80         52          0          0   ROM Totals

==============================================================================

    Total RO  Size (Code + RO Data)                 4704 (   4.59kB)
    Total RW  Size (RW Data + ZI Data)              3648 (   3.56kB)
    Total ROM Size (Code + RO Data + RW Data)       4756 (   4.64kB)

==============================================================================

